running egg_info
creating ../../build/teleop_keyboard_pkg/teleop_keyboard_pkg.egg-info
writing ../../build/teleop_keyboard_pkg/teleop_keyboard_pkg.egg-info/PKG-INFO
writing dependency_links to ../../build/teleop_keyboard_pkg/teleop_keyboard_pkg.egg-info/dependency_links.txt
writing entry points to ../../build/teleop_keyboard_pkg/teleop_keyboard_pkg.egg-info/entry_points.txt
writing requirements to ../../build/teleop_keyboard_pkg/teleop_keyboard_pkg.egg-info/requires.txt
writing top-level names to ../../build/teleop_keyboard_pkg/teleop_keyboard_pkg.egg-info/top_level.txt
writing manifest file '../../build/teleop_keyboard_pkg/teleop_keyboard_pkg.egg-info/SOURCES.txt'
reading manifest file '../../build/teleop_keyboard_pkg/teleop_keyboard_pkg.egg-info/SOURCES.txt'
writing manifest file '../../build/teleop_keyboard_pkg/teleop_keyboard_pkg.egg-info/SOURCES.txt'
running build
running build_py
creating /home/manideep/FrankaSimulator_Ws/build/teleop_keyboard_pkg/build
creating /home/manideep/FrankaSimulator_Ws/build/teleop_keyboard_pkg/build/lib
creating /home/manideep/FrankaSimulator_Ws/build/teleop_keyboard_pkg/build/lib/teleop_keyboard_pkg
copying teleop_keyboard_pkg/__init__.py -> /home/manideep/FrankaSimulator_Ws/build/teleop_keyboard_pkg/build/lib/teleop_keyboard_pkg
copying teleop_keyboard_pkg/teleop_keyboard.py -> /home/manideep/FrankaSimulator_Ws/build/teleop_keyboard_pkg/build/lib/teleop_keyboard_pkg
running install
running install_lib
creating /home/manideep/FrankaSimulator_Ws/install/teleop_keyboard_pkg/lib/python3.10/site-packages/teleop_keyboard_pkg
copying /home/manideep/FrankaSimulator_Ws/build/teleop_keyboard_pkg/build/lib/teleop_keyboard_pkg/__init__.py -> /home/manideep/FrankaSimulator_Ws/install/teleop_keyboard_pkg/lib/python3.10/site-packages/teleop_keyboard_pkg
copying /home/manideep/FrankaSimulator_Ws/build/teleop_keyboard_pkg/build/lib/teleop_keyboard_pkg/teleop_keyboard.py -> /home/manideep/FrankaSimulator_Ws/install/teleop_keyboard_pkg/lib/python3.10/site-packages/teleop_keyboard_pkg
byte-compiling /home/manideep/FrankaSimulator_Ws/install/teleop_keyboard_pkg/lib/python3.10/site-packages/teleop_keyboard_pkg/__init__.py to __init__.cpython-310.pyc
byte-compiling /home/manideep/FrankaSimulator_Ws/install/teleop_keyboard_pkg/lib/python3.10/site-packages/teleop_keyboard_pkg/teleop_keyboard.py to teleop_keyboard.cpython-310.pyc
running install_egg_info
Copying ../../build/teleop_keyboard_pkg/teleop_keyboard_pkg.egg-info to /home/manideep/FrankaSimulator_Ws/install/teleop_keyboard_pkg/lib/python3.10/site-packages/teleop_keyboard_pkg-0.1.0-py3.10.egg-info
running install_scripts
Installing teleop_keyboard script to /home/manideep/FrankaSimulator_Ws/install/teleop_keyboard_pkg/lib/teleop_keyboard_pkg
writing list of installed files to '/home/manideep/FrankaSimulator_Ws/build/teleop_keyboard_pkg/install.log'
