[0.593s] Invoking command in '/home/manideep/FrankaSimulator_Ws/src/teleop_keyboard_pkg': PYTHONPATH=/home/manideep/FrankaSimulator_Ws/build/teleop_keyboard_pkg/prefix_override:/usr/lib/python3/dist-packages/colcon_core/task/python/colcon_distutils_commands:/home/manideep/FrankaSimulator_Ws/install/teleop_keyboard_pkg/lib/python3.10/site-packages:${PYTHONPATH} /usr/bin/python3 -W ignore:setup.py install is deprecated -W ignore:easy_install command is deprecated setup.py egg_info --egg-base ../../build/teleop_keyboard_pkg build --build-base /home/manideep/FrankaSimulator_Ws/build/teleop_keyboard_pkg/build install --record /home/manideep/FrankaSimulator_Ws/build/teleop_keyboard_pkg/install.log --single-version-externally-managed
[0.743s] running egg_info
[0.744s] creating ../../build/teleop_keyboard_pkg/teleop_keyboard_pkg.egg-info
[0.744s] writing ../../build/teleop_keyboard_pkg/teleop_keyboard_pkg.egg-info/PKG-INFO
[0.744s] writing dependency_links to ../../build/teleop_keyboard_pkg/teleop_keyboard_pkg.egg-info/dependency_links.txt
[0.744s] writing entry points to ../../build/teleop_keyboard_pkg/teleop_keyboard_pkg.egg-info/entry_points.txt
[0.744s] writing requirements to ../../build/teleop_keyboard_pkg/teleop_keyboard_pkg.egg-info/requires.txt
[0.744s] writing top-level names to ../../build/teleop_keyboard_pkg/teleop_keyboard_pkg.egg-info/top_level.txt
[0.744s] writing manifest file '../../build/teleop_keyboard_pkg/teleop_keyboard_pkg.egg-info/SOURCES.txt'
[0.745s] reading manifest file '../../build/teleop_keyboard_pkg/teleop_keyboard_pkg.egg-info/SOURCES.txt'
[0.746s] writing manifest file '../../build/teleop_keyboard_pkg/teleop_keyboard_pkg.egg-info/SOURCES.txt'
[0.746s] running build
[0.746s] running build_py
[0.746s] creating /home/manideep/FrankaSimulator_Ws/build/teleop_keyboard_pkg/build
[0.746s] creating /home/manideep/FrankaSimulator_Ws/build/teleop_keyboard_pkg/build/lib
[0.746s] creating /home/manideep/FrankaSimulator_Ws/build/teleop_keyboard_pkg/build/lib/teleop_keyboard_pkg
[0.746s] copying teleop_keyboard_pkg/__init__.py -> /home/manideep/FrankaSimulator_Ws/build/teleop_keyboard_pkg/build/lib/teleop_keyboard_pkg
[0.747s] copying teleop_keyboard_pkg/teleop_keyboard.py -> /home/manideep/FrankaSimulator_Ws/build/teleop_keyboard_pkg/build/lib/teleop_keyboard_pkg
[0.747s] running install
[0.747s] running install_lib
[0.747s] creating /home/manideep/FrankaSimulator_Ws/install/teleop_keyboard_pkg/lib/python3.10/site-packages/teleop_keyboard_pkg
[0.747s] copying /home/manideep/FrankaSimulator_Ws/build/teleop_keyboard_pkg/build/lib/teleop_keyboard_pkg/__init__.py -> /home/manideep/FrankaSimulator_Ws/install/teleop_keyboard_pkg/lib/python3.10/site-packages/teleop_keyboard_pkg
[0.747s] copying /home/manideep/FrankaSimulator_Ws/build/teleop_keyboard_pkg/build/lib/teleop_keyboard_pkg/teleop_keyboard.py -> /home/manideep/FrankaSimulator_Ws/install/teleop_keyboard_pkg/lib/python3.10/site-packages/teleop_keyboard_pkg
[0.747s] byte-compiling /home/manideep/FrankaSimulator_Ws/install/teleop_keyboard_pkg/lib/python3.10/site-packages/teleop_keyboard_pkg/__init__.py to __init__.cpython-310.pyc
[0.747s] byte-compiling /home/manideep/FrankaSimulator_Ws/install/teleop_keyboard_pkg/lib/python3.10/site-packages/teleop_keyboard_pkg/teleop_keyboard.py to teleop_keyboard.cpython-310.pyc
[0.748s] running install_egg_info
[0.749s] Copying ../../build/teleop_keyboard_pkg/teleop_keyboard_pkg.egg-info to /home/manideep/FrankaSimulator_Ws/install/teleop_keyboard_pkg/lib/python3.10/site-packages/teleop_keyboard_pkg-0.1.0-py3.10.egg-info
[0.749s] running install_scripts
[0.764s] Installing teleop_keyboard script to /home/manideep/FrankaSimulator_Ws/install/teleop_keyboard_pkg/lib/teleop_keyboard_pkg
[0.764s] writing list of installed files to '/home/manideep/FrankaSimulator_Ws/build/teleop_keyboard_pkg/install.log'
[0.780s] Invoked command in '/home/manideep/FrankaSimulator_Ws/src/teleop_keyboard_pkg' returned '0': PYTHONPATH=/home/manideep/FrankaSimulator_Ws/build/teleop_keyboard_pkg/prefix_override:/usr/lib/python3/dist-packages/colcon_core/task/python/colcon_distutils_commands:/home/manideep/FrankaSimulator_Ws/install/teleop_keyboard_pkg/lib/python3.10/site-packages:${PYTHONPATH} /usr/bin/python3 -W ignore:setup.py install is deprecated -W ignore:easy_install command is deprecated setup.py egg_info --egg-base ../../build/teleop_keyboard_pkg build --build-base /home/manideep/FrankaSimulator_Ws/build/teleop_keyboard_pkg/build install --record /home/manideep/FrankaSimulator_Ws/build/teleop_keyboard_pkg/install.log --single-version-externally-managed
