[0.021s] Invoking command in '/home/manideep/FrankaSimulator_Ws/src/build/panda_ros2_gazebo': CMAKE_PREFIX_PATH=${CMAKE_PREFIX_PATH}:/home/manideep/FrankaSimulator_Ws/install/teleop_keyboard_pkg:/home/manideep/ws_moveit2/install/moveit_configs_utils:/home/manideep/ws_moveit2/install/launch_param_builder:/opt/ros/humble /usr/bin/cmake /home/manideep/FrankaSimulator_Ws/src/PandaRobot/panda_ros2_gazebo -DCMAKE_INSTALL_PREFIX=/home/manideep/FrankaSimulator_Ws/src/install/panda_ros2_gazebo
[0.110s] -- The C compiler identification is GNU 11.4.0
[0.180s] -- The CXX compiler identification is GNU 11.4.0
[0.189s] -- Detecting C compiler ABI info
[0.274s] -- Detecting C compiler ABI info - done
[0.283s] -- Check for working C compiler: /usr/bin/cc - skipped
[0.283s] -- Detecting C compile features
[0.283s] -- Detecting C compile features - done
[0.287s] -- Detecting CXX compiler ABI info
[0.364s] -- Detecting CXX compiler ABI info - done
[0.370s] -- Check for working CXX compiler: /usr/bin/c++ - skipped
[0.370s] -- Detecting CXX compile features
[0.370s] -- Detecting CXX compile features - done
[0.377s] -- Found ament_cmake: 1.3.10 (/opt/ros/humble/share/ament_cmake/cmake)
[0.506s] -- Found Python3: /home/manideep/bin/python3 (found version "3.10.12") found components: Interpreter 
[0.635s] -- Found ament_lint_auto: 0.12.11 (/opt/ros/humble/share/ament_lint_auto/cmake)
[0.742s] -- Added test 'copyright' to check source files copyright and LICENSE
[0.745s] -- Added test 'flake8' to check Python code syntax and style conventions
[0.746s] -- Added test 'lint_cmake' to check CMake code style
[0.748s] -- Added test 'pep257' to check Python code against some of the docstring style conventions in PEP 257
[0.749s] -- Added test 'xmllint' to check XML markup files
[0.751s] -- Configuring done
[0.753s] -- Generating done
[0.754s] -- Build files have been written to: /home/manideep/FrankaSimulator_Ws/src/build/panda_ros2_gazebo
[0.758s] Invoked command in '/home/manideep/FrankaSimulator_Ws/src/build/panda_ros2_gazebo' returned '0': CMAKE_PREFIX_PATH=${CMAKE_PREFIX_PATH}:/home/manideep/FrankaSimulator_Ws/install/teleop_keyboard_pkg:/home/manideep/ws_moveit2/install/moveit_configs_utils:/home/manideep/ws_moveit2/install/launch_param_builder:/opt/ros/humble /usr/bin/cmake /home/manideep/FrankaSimulator_Ws/src/PandaRobot/panda_ros2_gazebo -DCMAKE_INSTALL_PREFIX=/home/manideep/FrankaSimulator_Ws/src/install/panda_ros2_gazebo
[0.759s] Invoking command in '/home/manideep/FrankaSimulator_Ws/src/build/panda_ros2_gazebo': CMAKE_PREFIX_PATH=${CMAKE_PREFIX_PATH}:/home/manideep/FrankaSimulator_Ws/install/teleop_keyboard_pkg:/home/manideep/ws_moveit2/install/moveit_configs_utils:/home/manideep/ws_moveit2/install/launch_param_builder:/opt/ros/humble /usr/bin/cmake --build /home/manideep/FrankaSimulator_Ws/src/build/panda_ros2_gazebo -- -j16 -l16
[0.799s] Invoked command in '/home/manideep/FrankaSimulator_Ws/src/build/panda_ros2_gazebo' returned '0': CMAKE_PREFIX_PATH=${CMAKE_PREFIX_PATH}:/home/manideep/FrankaSimulator_Ws/install/teleop_keyboard_pkg:/home/manideep/ws_moveit2/install/moveit_configs_utils:/home/manideep/ws_moveit2/install/launch_param_builder:/opt/ros/humble /usr/bin/cmake --build /home/manideep/FrankaSimulator_Ws/src/build/panda_ros2_gazebo -- -j16 -l16
[0.815s] Invoking command in '/home/manideep/FrankaSimulator_Ws/src/build/panda_ros2_gazebo': CMAKE_PREFIX_PATH=${CMAKE_PREFIX_PATH}:/home/manideep/FrankaSimulator_Ws/install/teleop_keyboard_pkg:/home/manideep/ws_moveit2/install/moveit_configs_utils:/home/manideep/ws_moveit2/install/launch_param_builder:/opt/ros/humble /usr/bin/cmake --install /home/manideep/FrankaSimulator_Ws/src/build/panda_ros2_gazebo
[0.824s] -- Install configuration: ""
[0.824s] -- Installing: /home/manideep/FrankaSimulator_Ws/src/install/panda_ros2_gazebo/share/panda_ros2_gazebo/config
[0.824s] -- Installing: /home/manideep/FrankaSimulator_Ws/src/install/panda_ros2_gazebo/share/panda_ros2_gazebo/config/panda_controller.yaml
[0.824s] -- Installing: /home/manideep/FrankaSimulator_Ws/src/install/panda_ros2_gazebo/share/panda_ros2_gazebo/launch
[0.824s] -- Installing: /home/manideep/FrankaSimulator_Ws/src/install/panda_ros2_gazebo/share/panda_ros2_gazebo/launch/panda_simulation.launch.py
[0.824s] -- Installing: /home/manideep/FrankaSimulator_Ws/src/install/panda_ros2_gazebo/share/panda_ros2_gazebo/urdf
[0.824s] -- Installing: /home/manideep/FrankaSimulator_Ws/src/install/panda_ros2_gazebo/share/panda_ros2_gazebo/urdf/panda_transmission.xacro
[0.825s] -- Installing: /home/manideep/FrankaSimulator_Ws/src/install/panda_ros2_gazebo/share/panda_ros2_gazebo/urdf/box.urdf
[0.825s] -- Installing: /home/manideep/FrankaSimulator_Ws/src/install/panda_ros2_gazebo/share/panda_ros2_gazebo/urdf/panda_ros2control.xacro
[0.825s] -- Installing: /home/manideep/FrankaSimulator_Ws/src/install/panda_ros2_gazebo/share/panda_ros2_gazebo/urdf/panda.urdf.xacro
[0.825s] -- Installing: /home/manideep/FrankaSimulator_Ws/src/install/panda_ros2_gazebo/share/panda_ros2_gazebo/urdf/panda_macro.urdf.xacro
[0.825s] -- Installing: /home/manideep/FrankaSimulator_Ws/src/install/panda_ros2_gazebo/share/panda_ros2_gazebo/worlds
[0.825s] -- Installing: /home/manideep/FrankaSimulator_Ws/src/install/panda_ros2_gazebo/share/panda_ros2_gazebo/worlds/panda.world
[0.826s] -- Installing: /home/manideep/FrankaSimulator_Ws/src/install/panda_ros2_gazebo/share/panda_ros2_gazebo/meshes
[0.826s] -- Installing: /home/manideep/FrankaSimulator_Ws/src/install/panda_ros2_gazebo/share/panda_ros2_gazebo/meshes/visual
[0.826s] -- Installing: /home/manideep/FrankaSimulator_Ws/src/install/panda_ros2_gazebo/share/panda_ros2_gazebo/meshes/visual/link5.dae
[0.829s] -- Installing: /home/manideep/FrankaSimulator_Ws/src/install/panda_ros2_gazebo/share/panda_ros2_gazebo/meshes/visual/link0.dae
[0.832s] -- Installing: /home/manideep/FrankaSimulator_Ws/src/install/panda_ros2_gazebo/share/panda_ros2_gazebo/meshes/visual/hand.dae
[0.833s] -- Installing: /home/manideep/FrankaSimulator_Ws/src/install/panda_ros2_gazebo/share/panda_ros2_gazebo/meshes/visual/finger.dae
[0.834s] -- Installing: /home/manideep/FrankaSimulator_Ws/src/install/panda_ros2_gazebo/share/panda_ros2_gazebo/meshes/visual/link7.dae
[0.835s] -- Installing: /home/manideep/FrankaSimulator_Ws/src/install/panda_ros2_gazebo/share/panda_ros2_gazebo/meshes/visual/link4.dae
[0.837s] -- Installing: /home/manideep/FrankaSimulator_Ws/src/install/panda_ros2_gazebo/share/panda_ros2_gazebo/meshes/visual/link6.dae
[0.839s] -- Installing: /home/manideep/FrankaSimulator_Ws/src/install/panda_ros2_gazebo/share/panda_ros2_gazebo/meshes/visual/link2.dae
[0.841s] -- Installing: /home/manideep/FrankaSimulator_Ws/src/install/panda_ros2_gazebo/share/panda_ros2_gazebo/meshes/visual/link3.dae
[0.842s] -- Installing: /home/manideep/FrankaSimulator_Ws/src/install/panda_ros2_gazebo/share/panda_ros2_gazebo/meshes/visual/link1.dae
[0.844s] -- Installing: /home/manideep/FrankaSimulator_Ws/src/install/panda_ros2_gazebo/share/panda_ros2_gazebo/meshes/collision
[0.844s] -- Installing: /home/manideep/FrankaSimulator_Ws/src/install/panda_ros2_gazebo/share/panda_ros2_gazebo/meshes/collision/link1.stl
[0.844s] -- Installing: /home/manideep/FrankaSimulator_Ws/src/install/panda_ros2_gazebo/share/panda_ros2_gazebo/meshes/collision/link2.stl
[0.844s] -- Installing: /home/manideep/FrankaSimulator_Ws/src/install/panda_ros2_gazebo/share/panda_ros2_gazebo/meshes/collision/link0.stl
[0.845s] -- Installing: /home/manideep/FrankaSimulator_Ws/src/install/panda_ros2_gazebo/share/panda_ros2_gazebo/meshes/collision/link3.stl
[0.845s] -- Installing: /home/manideep/FrankaSimulator_Ws/src/install/panda_ros2_gazebo/share/panda_ros2_gazebo/meshes/collision/link7.stl
[0.845s] -- Installing: /home/manideep/FrankaSimulator_Ws/src/install/panda_ros2_gazebo/share/panda_ros2_gazebo/meshes/collision/hand.stl
[0.845s] -- Installing: /home/manideep/FrankaSimulator_Ws/src/install/panda_ros2_gazebo/share/panda_ros2_gazebo/meshes/collision/finger.stl
[0.845s] -- Installing: /home/manideep/FrankaSimulator_Ws/src/install/panda_ros2_gazebo/share/panda_ros2_gazebo/meshes/collision/link6.stl
[0.845s] -- Installing: /home/manideep/FrankaSimulator_Ws/src/install/panda_ros2_gazebo/share/panda_ros2_gazebo/meshes/collision/link4.stl
[0.845s] -- Installing: /home/manideep/FrankaSimulator_Ws/src/install/panda_ros2_gazebo/share/panda_ros2_gazebo/meshes/collision/link5.stl
[0.846s] -- Installing: /home/manideep/FrankaSimulator_Ws/src/install/panda_ros2_gazebo/share/ament_index/resource_index/package_run_dependencies/panda_ros2_gazebo
[0.846s] -- Installing: /home/manideep/FrankaSimulator_Ws/src/install/panda_ros2_gazebo/share/ament_index/resource_index/parent_prefix_path/panda_ros2_gazebo
[0.847s] -- Installing: /home/manideep/FrankaSimulator_Ws/src/install/panda_ros2_gazebo/share/panda_ros2_gazebo/environment/ament_prefix_path.sh
[0.847s] -- Installing: /home/manideep/FrankaSimulator_Ws/src/install/panda_ros2_gazebo/share/panda_ros2_gazebo/environment/ament_prefix_path.dsv
[0.848s] -- Installing: /home/manideep/FrankaSimulator_Ws/src/install/panda_ros2_gazebo/share/panda_ros2_gazebo/environment/path.sh
[0.848s] -- Installing: /home/manideep/FrankaSimulator_Ws/src/install/panda_ros2_gazebo/share/panda_ros2_gazebo/environment/path.dsv
[0.848s] -- Installing: /home/manideep/FrankaSimulator_Ws/src/install/panda_ros2_gazebo/share/panda_ros2_gazebo/local_setup.bash
[0.848s] -- Installing: /home/manideep/FrankaSimulator_Ws/src/install/panda_ros2_gazebo/share/panda_ros2_gazebo/local_setup.sh
[0.848s] -- Installing: /home/manideep/FrankaSimulator_Ws/src/install/panda_ros2_gazebo/share/panda_ros2_gazebo/local_setup.zsh
[0.849s] -- Installing: /home/manideep/FrankaSimulator_Ws/src/install/panda_ros2_gazebo/share/panda_ros2_gazebo/local_setup.dsv
[0.849s] -- Installing: /home/manideep/FrankaSimulator_Ws/src/install/panda_ros2_gazebo/share/panda_ros2_gazebo/package.dsv
[0.849s] -- Installing: /home/manideep/FrankaSimulator_Ws/src/install/panda_ros2_gazebo/share/ament_index/resource_index/packages/panda_ros2_gazebo
[0.849s] -- Installing: /home/manideep/FrankaSimulator_Ws/src/install/panda_ros2_gazebo/share/panda_ros2_gazebo/cmake/panda_ros2_gazeboConfig.cmake
[0.849s] -- Installing: /home/manideep/FrankaSimulator_Ws/src/install/panda_ros2_gazebo/share/panda_ros2_gazebo/cmake/panda_ros2_gazeboConfig-version.cmake
[0.849s] -- Installing: /home/manideep/FrankaSimulator_Ws/src/install/panda_ros2_gazebo/share/panda_ros2_gazebo/package.xml
[0.854s] Invoked command in '/home/manideep/FrankaSimulator_Ws/src/build/panda_ros2_gazebo' returned '0': CMAKE_PREFIX_PATH=${CMAKE_PREFIX_PATH}:/home/manideep/FrankaSimulator_Ws/install/teleop_keyboard_pkg:/home/manideep/ws_moveit2/install/moveit_configs_utils:/home/manideep/ws_moveit2/install/launch_param_builder:/opt/ros/humble /usr/bin/cmake --install /home/manideep/FrankaSimulator_Ws/src/build/panda_ros2_gazebo
