[0.013s] Invoking command in '/home/manideep/FrankaSimulator_Ws/build/gazebo_ros2_control': CMAKE_PREFIX_PATH=${CMAKE_PREFIX_PATH}:/home/manideep/ws_moveit2/install/moveit_configs_utils:/home/manideep/ws_moveit2/install/launch_param_builder:/opt/ros/humble /usr/bin/cmake --build /home/manideep/FrankaSimulator_Ws/build/gazebo_ros2_control -- -j16 -l16
[0.072s] [35m[1mConsolidate compiler generated dependencies of target gazebo_hardware_plugins[0m
[0.075s] [35m[1mConsolidate compiler generated dependencies of target gazebo_ros2_control[0m
[0.113s] [ 50%] Built target gazebo_hardware_plugins
[0.116s] [100%] Built target gazebo_ros2_control
[0.128s] Invoked command in '/home/manideep/FrankaSimulator_Ws/build/gazebo_ros2_control' returned '0': CMAKE_PREFIX_PATH=${CMAKE_PREFIX_PATH}:/home/manideep/ws_moveit2/install/moveit_configs_utils:/home/manideep/ws_moveit2/install/launch_param_builder:/opt/ros/humble /usr/bin/cmake --build /home/manideep/FrankaSimulator_Ws/build/gazebo_ros2_control -- -j16 -l16
[0.130s] Invoking command in '/home/manideep/FrankaSimulator_Ws/build/gazebo_ros2_control': CMAKE_PREFIX_PATH=${CMAKE_PREFIX_PATH}:/home/manideep/ws_moveit2/install/moveit_configs_utils:/home/manideep/ws_moveit2/install/launch_param_builder:/opt/ros/humble /usr/bin/cmake --install /home/manideep/FrankaSimulator_Ws/build/gazebo_ros2_control
[0.135s] -- Install configuration: ""
[0.135s] -- Up-to-date: /home/manideep/FrankaSimulator_Ws/install/gazebo_ros2_control/lib/libgazebo_ros2_control.so
[0.136s] -- Up-to-date: /home/manideep/FrankaSimulator_Ws/install/gazebo_ros2_control/lib/libgazebo_hardware_plugins.so
[0.136s] -- Up-to-date: /home/manideep/FrankaSimulator_Ws/install/gazebo_ros2_control/share/gazebo_ros2_control/environment/library_path.sh
[0.136s] -- Up-to-date: /home/manideep/FrankaSimulator_Ws/install/gazebo_ros2_control/share/gazebo_ros2_control/environment/library_path.dsv
[0.136s] -- Up-to-date: /home/manideep/FrankaSimulator_Ws/install/gazebo_ros2_control/include/gazebo_ros2_control
[0.136s] -- Up-to-date: /home/manideep/FrankaSimulator_Ws/install/gazebo_ros2_control/include/gazebo_ros2_control/gazebo_ros2_control_plugin.hpp
[0.136s] -- Up-to-date: /home/manideep/FrankaSimulator_Ws/install/gazebo_ros2_control/include/gazebo_ros2_control/gazebo_system.hpp
[0.136s] -- Up-to-date: /home/manideep/FrankaSimulator_Ws/install/gazebo_ros2_control/include/gazebo_ros2_control/gazebo_system_interface.hpp
[0.136s] -- Up-to-date: /home/manideep/FrankaSimulator_Ws/install/gazebo_ros2_control/share/gazebo_ros2_control/gazebo_hardware_plugins.xml
[0.136s] -- Up-to-date: /home/manideep/FrankaSimulator_Ws/install/gazebo_ros2_control/share/ament_index/resource_index/package_run_dependencies/gazebo_ros2_control
[0.136s] -- Up-to-date: /home/manideep/FrankaSimulator_Ws/install/gazebo_ros2_control/share/ament_index/resource_index/parent_prefix_path/gazebo_ros2_control
[0.136s] -- Up-to-date: /home/manideep/FrankaSimulator_Ws/install/gazebo_ros2_control/share/gazebo_ros2_control/environment/ament_prefix_path.sh
[0.136s] -- Up-to-date: /home/manideep/FrankaSimulator_Ws/install/gazebo_ros2_control/share/gazebo_ros2_control/environment/ament_prefix_path.dsv
[0.136s] -- Up-to-date: /home/manideep/FrankaSimulator_Ws/install/gazebo_ros2_control/share/gazebo_ros2_control/environment/path.sh
[0.136s] -- Up-to-date: /home/manideep/FrankaSimulator_Ws/install/gazebo_ros2_control/share/gazebo_ros2_control/environment/path.dsv
[0.136s] -- Up-to-date: /home/manideep/FrankaSimulator_Ws/install/gazebo_ros2_control/share/gazebo_ros2_control/local_setup.bash
[0.136s] -- Up-to-date: /home/manideep/FrankaSimulator_Ws/install/gazebo_ros2_control/share/gazebo_ros2_control/local_setup.sh
[0.136s] -- Up-to-date: /home/manideep/FrankaSimulator_Ws/install/gazebo_ros2_control/share/gazebo_ros2_control/local_setup.zsh
[0.136s] -- Up-to-date: /home/manideep/FrankaSimulator_Ws/install/gazebo_ros2_control/share/gazebo_ros2_control/local_setup.dsv
[0.136s] -- Installing: /home/manideep/FrankaSimulator_Ws/install/gazebo_ros2_control/share/gazebo_ros2_control/package.dsv
[0.136s] -- Up-to-date: /home/manideep/FrankaSimulator_Ws/install/gazebo_ros2_control/share/ament_index/resource_index/packages/gazebo_ros2_control
[0.136s] -- Up-to-date: /home/manideep/FrankaSimulator_Ws/install/gazebo_ros2_control/share/ament_index/resource_index/gazebo_ros2_control__pluginlib__plugin/gazebo_ros2_control
[0.136s] -- Up-to-date: /home/manideep/FrankaSimulator_Ws/install/gazebo_ros2_control/share/gazebo_ros2_control/cmake/ament_cmake_export_include_directories-extras.cmake
[0.137s] -- Up-to-date: /home/manideep/FrankaSimulator_Ws/install/gazebo_ros2_control/share/gazebo_ros2_control/cmake/ament_cmake_export_dependencies-extras.cmake
[0.137s] -- Up-to-date: /home/manideep/FrankaSimulator_Ws/install/gazebo_ros2_control/share/gazebo_ros2_control/cmake/ament_cmake_export_libraries-extras.cmake
[0.137s] -- Up-to-date: /home/manideep/FrankaSimulator_Ws/install/gazebo_ros2_control/share/gazebo_ros2_control/cmake/gazebo_ros2_controlConfig.cmake
[0.137s] -- Up-to-date: /home/manideep/FrankaSimulator_Ws/install/gazebo_ros2_control/share/gazebo_ros2_control/cmake/gazebo_ros2_controlConfig-version.cmake
[0.137s] -- Up-to-date: /home/manideep/FrankaSimulator_Ws/install/gazebo_ros2_control/share/gazebo_ros2_control/package.xml
[0.138s] Invoked command in '/home/manideep/FrankaSimulator_Ws/build/gazebo_ros2_control' returned '0': CMAKE_PREFIX_PATH=${CMAKE_PREFIX_PATH}:/home/manideep/ws_moveit2/install/moveit_configs_utils:/home/manideep/ws_moveit2/install/launch_param_builder:/opt/ros/humble /usr/bin/cmake --install /home/manideep/FrankaSimulator_Ws/build/gazebo_ros2_control
