[0.581s] Invoking command in '/home/manideep/FrankaSimulator_Ws/src/teleop_keyboard_pkg': PYTHONPATH=/home/manideep/FrankaSimulator_Ws/src/build/teleop_keyboard_pkg/prefix_override:/usr/lib/python3/dist-packages/colcon_core/task/python/colcon_distutils_commands:/home/manideep/FrankaSimulator_Ws/src/install/teleop_keyboard_pkg/lib/python3.10/site-packages:${PYTHONPATH} /usr/bin/python3 -W ignore:setup.py install is deprecated -W ignore:easy_install command is deprecated setup.py egg_info --egg-base ../build/teleop_keyboard_pkg build --build-base /home/manideep/FrankaSimulator_Ws/src/build/teleop_keyboard_pkg/build install --record /home/manideep/FrankaSimulator_Ws/src/build/teleop_keyboard_pkg/install.log --single-version-externally-managed
[0.733s] running egg_info
[0.733s] writing ../build/teleop_keyboard_pkg/teleop_keyboard_pkg.egg-info/PKG-INFO
[0.733s] writing dependency_links to ../build/teleop_keyboard_pkg/teleop_keyboard_pkg.egg-info/dependency_links.txt
[0.733s] writing entry points to ../build/teleop_keyboard_pkg/teleop_keyboard_pkg.egg-info/entry_points.txt
[0.733s] writing requirements to ../build/teleop_keyboard_pkg/teleop_keyboard_pkg.egg-info/requires.txt
[0.733s] writing top-level names to ../build/teleop_keyboard_pkg/teleop_keyboard_pkg.egg-info/top_level.txt
[0.734s] reading manifest file '../build/teleop_keyboard_pkg/teleop_keyboard_pkg.egg-info/SOURCES.txt'
[0.752s] writing manifest file '../build/teleop_keyboard_pkg/teleop_keyboard_pkg.egg-info/SOURCES.txt'
[0.752s] running build
[0.752s] running build_py
[0.752s] running install
[0.753s] running install_lib
[0.754s] running install_egg_info
[0.755s] removing '/home/manideep/FrankaSimulator_Ws/src/install/teleop_keyboard_pkg/lib/python3.10/site-packages/teleop_keyboard_pkg-0.1.0-py3.10.egg-info' (and everything under it)
[0.755s] Copying ../build/teleop_keyboard_pkg/teleop_keyboard_pkg.egg-info to /home/manideep/FrankaSimulator_Ws/src/install/teleop_keyboard_pkg/lib/python3.10/site-packages/teleop_keyboard_pkg-0.1.0-py3.10.egg-info
[0.755s] running install_scripts
[0.770s] Installing teleop_keyboard script to /home/manideep/FrankaSimulator_Ws/src/install/teleop_keyboard_pkg/lib/teleop_keyboard_pkg
[0.770s] writing list of installed files to '/home/manideep/FrankaSimulator_Ws/src/build/teleop_keyboard_pkg/install.log'
[0.787s] Invoked command in '/home/manideep/FrankaSimulator_Ws/src/teleop_keyboard_pkg' returned '0': PYTHONPATH=/home/manideep/FrankaSimulator_Ws/src/build/teleop_keyboard_pkg/prefix_override:/usr/lib/python3/dist-packages/colcon_core/task/python/colcon_distutils_commands:/home/manideep/FrankaSimulator_Ws/src/install/teleop_keyboard_pkg/lib/python3.10/site-packages:${PYTHONPATH} /usr/bin/python3 -W ignore:setup.py install is deprecated -W ignore:easy_install command is deprecated setup.py egg_info --egg-base ../build/teleop_keyboard_pkg build --build-base /home/manideep/FrankaSimulator_Ws/src/build/teleop_keyboard_pkg/build install --record /home/manideep/FrankaSimulator_Ws/src/build/teleop_keyboard_pkg/install.log --single-version-externally-managed
