[0.027s] Invoking command in '/home/manideep/FrankaSimulator_Ws/src/build/ros2_data': CMAKE_PREFIX_PATH=${CMAKE_PREFIX_PATH}:/home/manideep/FrankaSimulator_Ws/install/teleop_keyboard_pkg:/home/manideep/ws_moveit2/install/moveit_configs_utils:/home/manideep/ws_moveit2/install/launch_param_builder:/opt/ros/humble /usr/bin/cmake /home/manideep/FrankaSimulator_Ws/src/ros2_data -DCMAKE_INSTALL_PREFIX=/home/manideep/FrankaSimulator_Ws/src/install/ros2_data
[0.121s] -- The C compiler identification is GNU 11.4.0
[0.192s] -- The CXX compiler identification is GNU 11.4.0
[0.200s] -- Detecting C compiler ABI info
[0.282s] -- Detecting C compiler ABI info - done
[0.296s] -- Check for working C compiler: /usr/bin/cc - skipped
[0.296s] -- Detecting C compile features
[0.297s] -- Detecting C compile features - done
[0.300s] -- Detecting CXX compiler ABI info
[0.379s] -- Detecting CXX compiler ABI info - done
[0.387s] -- Check for working CXX compiler: /usr/bin/c++ - skipped
[0.387s] -- Detecting CXX compile features
[0.387s] -- Detecting CXX compile features - done
[0.392s] -- Found ament_cmake: 1.3.10 (/opt/ros/humble/share/ament_cmake/cmake)
[0.526s] -- Found Python3: /home/manideep/bin/python3 (found version "3.10.12") found components: Interpreter 
[0.648s] -- Found rosidl_default_generators: 1.2.0 (/opt/ros/humble/share/rosidl_default_generators/cmake)
[0.660s] -- Using all available rosidl_typesupport_c: rosidl_typesupport_fastrtps_c;rosidl_typesupport_introspection_c
[0.674s] -- Found rosidl_adapter: 3.1.5 (/opt/ros/humble/share/rosidl_adapter/cmake)
[0.737s] -- Using all available rosidl_typesupport_cpp: rosidl_typesupport_fastrtps_cpp;rosidl_typesupport_introspection_cpp
[1.161s] -- Found ament_cmake_ros: 0.10.0 (/opt/ros/humble/share/ament_cmake_ros/cmake)
[1.328s] -- Using all available rosidl_typesupport_c: rosidl_typesupport_fastrtps_c;rosidl_typesupport_introspection_c
[1.537s] -- Using all available rosidl_typesupport_cpp: rosidl_typesupport_fastrtps_cpp;rosidl_typesupport_introspection_cpp
[1.552s] -- Found PythonInterp: /home/manideep/bin/python3 (found suitable version "3.10.12", minimum required is "3.6") 
[1.556s] -- Found python_cmake_module: 0.10.0 (/opt/ros/humble/share/python_cmake_module/cmake)
[1.580s] -- Found PythonLibs: /usr/lib/x86_64-linux-gnu/libpython3.10.so (found suitable version "3.10.12", minimum required is "3.5") 
[1.580s] -- Using PYTHON_EXECUTABLE: /home/manideep/bin/python3
[1.581s] -- Using PYTHON_INCLUDE_DIRS: /usr/include/python3.10
[1.581s] -- Using PYTHON_LIBRARIES: /usr/lib/x86_64-linux-gnu/libpython3.10.so
[1.597s] -- Found PythonExtra: .so  
[1.668s] -- Found ament_lint_auto: 0.12.11 (/opt/ros/humble/share/ament_lint_auto/cmake)
[1.710s] -- Added test 'copyright' to check source files copyright and LICENSE
[1.712s] -- Added test 'flake8' to check Python code syntax and style conventions
[1.714s] -- Added test 'lint_cmake' to check CMake code style
[1.714s] -- Added test 'pep257' to check Python code against some of the docstring style conventions in PEP 257
[1.716s] -- Added test 'xmllint' to check XML markup files
[1.718s] -- Configuring done
[1.757s] -- Generating done
[1.767s] -- Build files have been written to: /home/manideep/FrankaSimulator_Ws/src/build/ros2_data
[1.772s] Invoked command in '/home/manideep/FrankaSimulator_Ws/src/build/ros2_data' returned '0': CMAKE_PREFIX_PATH=${CMAKE_PREFIX_PATH}:/home/manideep/FrankaSimulator_Ws/install/teleop_keyboard_pkg:/home/manideep/ws_moveit2/install/moveit_configs_utils:/home/manideep/ws_moveit2/install/launch_param_builder:/opt/ros/humble /usr/bin/cmake /home/manideep/FrankaSimulator_Ws/src/ros2_data -DCMAKE_INSTALL_PREFIX=/home/manideep/FrankaSimulator_Ws/src/install/ros2_data
[1.772s] Invoking command in '/home/manideep/FrankaSimulator_Ws/src/build/ros2_data': CMAKE_PREFIX_PATH=${CMAKE_PREFIX_PATH}:/home/manideep/FrankaSimulator_Ws/install/teleop_keyboard_pkg:/home/manideep/ws_moveit2/install/moveit_configs_utils:/home/manideep/ws_moveit2/install/launch_param_builder:/opt/ros/humble /usr/bin/cmake --build /home/manideep/FrankaSimulator_Ws/src/build/ros2_data -- -j16 -l16
[1.830s] [  1%] [34m[1mGenerating C code for ROS interfaces[0m
[1.855s] [  1%] [34m[1mGenerating C++ code for ROS interfaces[0m
[1.865s] [  1%] Built target ament_cmake_python_copy_ros2_data
[2.040s] running egg_info
[2.040s] creating ros2_data.egg-info
[2.040s] writing ros2_data.egg-info/PKG-INFO
[2.040s] writing dependency_links to ros2_data.egg-info/dependency_links.txt
[2.040s] writing top-level names to ros2_data.egg-info/top_level.txt
[2.040s] writing manifest file 'ros2_data.egg-info/SOURCES.txt'
[2.041s] reading manifest file 'ros2_data.egg-info/SOURCES.txt'
[2.042s] writing manifest file 'ros2_data.egg-info/SOURCES.txt'
[2.067s] [  1%] Built target ament_cmake_python_build_ros2_data_egg
[3.647s] [  1%] Built target ros2_data__cpp
[3.659s] [  2%] [34m[1mGenerating C++ type support dispatch for ROS interfaces[0m
[3.661s] [  3%] [34m[1mGenerating C++ type support for eProsima Fast-RTPS[0m
[3.662s] [  3%] [34m[1mGenerating C++ introspection for ROS interfaces[0m
[3.786s] [  6%] [32mBuilding C object CMakeFiles/ros2_data__rosidl_generator_c.dir/rosidl_generator_c/ros2_data/action/detail/move_g__functions.c.o[0m
[3.786s] [  6%] [32mBuilding C object CMakeFiles/ros2_data__rosidl_generator_c.dir/rosidl_generator_c/ros2_data/action/detail/move_js__functions.c.o[0m
[3.786s] [  7%] [32mBuilding C object CMakeFiles/ros2_data__rosidl_generator_c.dir/rosidl_generator_c/ros2_data/action/detail/move_r__functions.c.o[0m
[3.787s] [  6%] [32mBuilding C object CMakeFiles/ros2_data__rosidl_generator_c.dir/rosidl_generator_c/ros2_data/action/detail/move_xyzw__functions.c.o[0m
[3.788s] [  6%] [32mBuilding C object CMakeFiles/ros2_data__rosidl_generator_c.dir/rosidl_generator_c/ros2_data/msg/detail/joint_pose_s__functions.c.o[0m
[3.789s] [  9%] [32mBuilding C object CMakeFiles/ros2_data__rosidl_generator_c.dir/rosidl_generator_c/ros2_data/action/detail/move_xyz__functions.c.o[0m
[3.789s] [  9%] [32mBuilding C object CMakeFiles/ros2_data__rosidl_generator_c.dir/rosidl_generator_c/ros2_data/msg/detail/joint_pose__functions.c.o[0m
[3.792s] [  9%] [32mBuilding C object CMakeFiles/ros2_data__rosidl_generator_c.dir/rosidl_generator_c/ros2_data/action/detail/move_rp__functions.c.o[0m
[3.792s] [ 10%] [32mBuilding C object CMakeFiles/ros2_data__rosidl_generator_c.dir/rosidl_generator_c/ros2_data/action/detail/move_rot__functions.c.o[0m
[3.792s] [ 11%] [32mBuilding C object CMakeFiles/ros2_data__rosidl_generator_c.dir/rosidl_generator_c/ros2_data/action/detail/move_l__functions.c.o[0m
[3.792s] [ 12%] [32mBuilding C object CMakeFiles/ros2_data__rosidl_generator_c.dir/rosidl_generator_c/ros2_data/action/detail/attacher__functions.c.o[0m
[3.793s] [ 13%] [32mBuilding C object CMakeFiles/ros2_data__rosidl_generator_c.dir/rosidl_generator_c/ros2_data/action/detail/move_j__functions.c.o[0m
[3.793s] [ 13%] [32mBuilding C object CMakeFiles/ros2_data__rosidl_generator_c.dir/rosidl_generator_c/ros2_data/action/detail/move_ypr__functions.c.o[0m
[3.973s] [ 14%] [32m[1mLinking C shared library libros2_data__rosidl_generator_c.so[0m
[4.019s] [ 14%] Built target ros2_data__rosidl_generator_c
[4.031s] [ 15%] [34m[1mGenerating C type support for eProsima Fast-RTPS[0m
[4.032s] [ 16%] [34m[1mGenerating C introspection for ROS interfaces[0m
[4.035s] [ 17%] [34m[1mGenerating C type support dispatch for ROS interfaces[0m
[4.811s] [ 19%] [32mBuilding CXX object CMakeFiles/ros2_data__rosidl_typesupport_cpp.dir/rosidl_typesupport_cpp/ros2_data/msg/joint_pose_s__type_support.cpp.o[0m
[4.811s] [ 19%] [32mBuilding CXX object CMakeFiles/ros2_data__rosidl_typesupport_cpp.dir/rosidl_typesupport_cpp/ros2_data/action/move_xyzw__type_support.cpp.o[0m
[4.811s] [ 20%] [32mBuilding CXX object CMakeFiles/ros2_data__rosidl_typesupport_cpp.dir/rosidl_typesupport_cpp/ros2_data/msg/joint_pose__type_support.cpp.o[0m
[4.811s] [ 21%] [32mBuilding CXX object CMakeFiles/ros2_data__rosidl_typesupport_cpp.dir/rosidl_typesupport_cpp/ros2_data/action/move_g__type_support.cpp.o[0m
[4.811s] [ 21%] [32mBuilding CXX object CMakeFiles/ros2_data__rosidl_typesupport_cpp.dir/rosidl_typesupport_cpp/ros2_data/action/move_r__type_support.cpp.o[0m
[4.811s] [ 22%] [32mBuilding CXX object CMakeFiles/ros2_data__rosidl_typesupport_cpp.dir/rosidl_typesupport_cpp/ros2_data/action/move_xyz__type_support.cpp.o[0m
[4.811s] [ 23%] [32mBuilding CXX object CMakeFiles/ros2_data__rosidl_typesupport_cpp.dir/rosidl_typesupport_cpp/ros2_data/action/move_js__type_support.cpp.o[0m
[4.812s] [ 23%] [32mBuilding CXX object CMakeFiles/ros2_data__rosidl_typesupport_cpp.dir/rosidl_typesupport_cpp/ros2_data/action/move_j__type_support.cpp.o[0m
[4.815s] [ 24%] [32mBuilding CXX object CMakeFiles/ros2_data__rosidl_typesupport_cpp.dir/rosidl_typesupport_cpp/ros2_data/action/move_rot__type_support.cpp.o[0m
[4.815s] [ 25%] [32mBuilding CXX object CMakeFiles/ros2_data__rosidl_typesupport_cpp.dir/rosidl_typesupport_cpp/ros2_data/action/move_ypr__type_support.cpp.o[0m
[4.817s] [ 26%] [32mBuilding CXX object CMakeFiles/ros2_data__rosidl_typesupport_cpp.dir/rosidl_typesupport_cpp/ros2_data/action/move_l__type_support.cpp.o[0m
[5.342s] [ 27%] [32mBuilding CXX object CMakeFiles/ros2_data__rosidl_typesupport_cpp.dir/rosidl_typesupport_cpp/ros2_data/action/move_rp__type_support.cpp.o[0m
[5.448s] [ 27%] [32mBuilding CXX object CMakeFiles/ros2_data__rosidl_typesupport_cpp.dir/rosidl_typesupport_cpp/ros2_data/action/attacher__type_support.cpp.o[0m
[5.514s] [ 27%] [32mBuilding CXX object CMakeFiles/ros2_data__rosidl_typesupport_c.dir/rosidl_typesupport_c/ros2_data/msg/joint_pose__type_support.cpp.o[0m
[5.615s] [ 28%] [32mBuilding CXX object CMakeFiles/ros2_data__rosidl_typesupport_c.dir/rosidl_typesupport_c/ros2_data/msg/joint_pose_s__type_support.cpp.o[0m
[5.625s] [ 29%] [32mBuilding CXX object CMakeFiles/ros2_data__rosidl_typesupport_c.dir/rosidl_typesupport_c/ros2_data/action/move_j__type_support.cpp.o[0m
[5.632s] [ 31%] [32mBuilding CXX object CMakeFiles/ros2_data__rosidl_typesupport_c.dir/rosidl_typesupport_c/ros2_data/action/move_js__type_support.cpp.o[0m
[5.633s] [ 31%] [32mBuilding CXX object CMakeFiles/ros2_data__rosidl_typesupport_c.dir/rosidl_typesupport_c/ros2_data/action/move_g__type_support.cpp.o[0m
[5.639s] [ 32%] [32mBuilding CXX object CMakeFiles/ros2_data__rosidl_typesupport_c.dir/rosidl_typesupport_c/ros2_data/action/move_l__type_support.cpp.o[0m
[5.644s] [ 33%] [32mBuilding CXX object CMakeFiles/ros2_data__rosidl_typesupport_c.dir/rosidl_typesupport_c/ros2_data/action/move_r__type_support.cpp.o[0m
[5.645s] [ 33%] [32mBuilding CXX object CMakeFiles/ros2_data__rosidl_typesupport_c.dir/rosidl_typesupport_c/ros2_data/action/move_xyzw__type_support.cpp.o[0m
[5.663s] [ 34%] [32mBuilding CXX object CMakeFiles/ros2_data__rosidl_typesupport_c.dir/rosidl_typesupport_c/ros2_data/action/move_xyz__type_support.cpp.o[0m
[5.678s] [ 35%] [32mBuilding CXX object CMakeFiles/ros2_data__rosidl_typesupport_c.dir/rosidl_typesupport_c/ros2_data/action/move_ypr__type_support.cpp.o[0m
[5.697s] [ 35%] [32mBuilding CXX object CMakeFiles/ros2_data__rosidl_typesupport_c.dir/rosidl_typesupport_c/ros2_data/action/move_rot__type_support.cpp.o[0m
[5.702s] [ 36%] [32mBuilding CXX object CMakeFiles/ros2_data__rosidl_typesupport_introspection_cpp.dir/rosidl_typesupport_introspection_cpp/ros2_data/msg/detail/joint_pose__type_support.cpp.o[0m
[5.723s] [ 37%] [32mBuilding CXX object CMakeFiles/ros2_data__rosidl_typesupport_introspection_cpp.dir/rosidl_typesupport_introspection_cpp/ros2_data/msg/detail/joint_pose_s__type_support.cpp.o[0m
[5.725s] [ 39%] [32mBuilding CXX object CMakeFiles/ros2_data__rosidl_typesupport_c.dir/rosidl_typesupport_c/ros2_data/action/move_rp__type_support.cpp.o[0m
[5.726s] [ 40%] [32mBuilding CXX object CMakeFiles/ros2_data__rosidl_typesupport_c.dir/rosidl_typesupport_c/ros2_data/action/attacher__type_support.cpp.o[0m
[5.729s] [ 40%] [32mBuilding CXX object CMakeFiles/ros2_data__rosidl_typesupport_introspection_cpp.dir/rosidl_typesupport_introspection_cpp/ros2_data/action/detail/move_j__type_support.cpp.o[0m
[5.738s] [ 40%] [32mBuilding CXX object CMakeFiles/ros2_data__rosidl_typesupport_introspection_cpp.dir/rosidl_typesupport_introspection_cpp/ros2_data/action/detail/move_g__type_support.cpp.o[0m
[5.747s] [ 42%] [32mBuilding CXX object CMakeFiles/ros2_data__rosidl_typesupport_introspection_cpp.dir/rosidl_typesupport_introspection_cpp/ros2_data/action/detail/move_l__type_support.cpp.o[0m
[5.748s] [ 42%] [32mBuilding CXX object CMakeFiles/ros2_data__rosidl_typesupport_introspection_cpp.dir/rosidl_typesupport_introspection_cpp/ros2_data/action/detail/move_js__type_support.cpp.o[0m
[5.759s] [ 43%] [32mBuilding CXX object CMakeFiles/ros2_data__rosidl_typesupport_introspection_cpp.dir/rosidl_typesupport_introspection_cpp/ros2_data/action/detail/move_xyzw__type_support.cpp.o[0m
[5.769s] [ 44%] [32mBuilding CXX object CMakeFiles/ros2_data__rosidl_typesupport_introspection_cpp.dir/rosidl_typesupport_introspection_cpp/ros2_data/action/detail/move_r__type_support.cpp.o[0m
[5.778s] [ 45%] [32mBuilding CXX object CMakeFiles/ros2_data__rosidl_typesupport_introspection_cpp.dir/rosidl_typesupport_introspection_cpp/ros2_data/action/detail/move_xyz__type_support.cpp.o[0m
[5.810s] [ 45%] [32mBuilding CXX object CMakeFiles/ros2_data__rosidl_typesupport_introspection_cpp.dir/rosidl_typesupport_introspection_cpp/ros2_data/action/detail/move_ypr__type_support.cpp.o[0m
[5.829s] [ 46%] [32m[1mLinking CXX shared library libros2_data__rosidl_typesupport_c.so[0m
[5.946s] [ 46%] Built target ros2_data__rosidl_typesupport_c
[5.970s] [ 47%] [32mBuilding CXX object CMakeFiles/ros2_data__rosidl_typesupport_introspection_cpp.dir/rosidl_typesupport_introspection_cpp/ros2_data/action/detail/move_rot__type_support.cpp.o[0m
[6.232s] [ 48%] [32mBuilding CXX object CMakeFiles/ros2_data__rosidl_typesupport_introspection_cpp.dir/rosidl_typesupport_introspection_cpp/ros2_data/action/detail/move_rp__type_support.cpp.o[0m
[6.287s] [ 49%] [32m[1mLinking CXX shared library libros2_data__rosidl_typesupport_cpp.so[0m
[6.354s] [ 50%] [32mBuilding CXX object CMakeFiles/ros2_data__rosidl_typesupport_introspection_cpp.dir/rosidl_typesupport_introspection_cpp/ros2_data/action/detail/attacher__type_support.cpp.o[0m
[6.417s] [ 50%] Built target ros2_data__rosidl_typesupport_cpp
[6.686s] [ 51%] [32mBuilding C object CMakeFiles/ros2_data__rosidl_typesupport_introspection_c.dir/rosidl_typesupport_introspection_c/ros2_data/msg/detail/joint_pose_s__type_support.c.o[0m
[6.697s] [ 52%] [32mBuilding C object CMakeFiles/ros2_data__rosidl_typesupport_introspection_c.dir/rosidl_typesupport_introspection_c/ros2_data/action/detail/move_js__type_support.c.o[0m
[6.702s] [ 53%] [32mBuilding C object CMakeFiles/ros2_data__rosidl_typesupport_introspection_c.dir/rosidl_typesupport_introspection_c/ros2_data/msg/detail/joint_pose__type_support.c.o[0m
[6.704s] [ 53%] [32mBuilding C object CMakeFiles/ros2_data__rosidl_typesupport_introspection_c.dir/rosidl_typesupport_introspection_c/ros2_data/action/detail/move_j__type_support.c.o[0m
[6.776s] [ 54%] [32mBuilding C object CMakeFiles/ros2_data__rosidl_typesupport_introspection_c.dir/rosidl_typesupport_introspection_c/ros2_data/action/detail/move_g__type_support.c.o[0m
[6.784s] [ 55%] [32mBuilding C object CMakeFiles/ros2_data__rosidl_typesupport_introspection_c.dir/rosidl_typesupport_introspection_c/ros2_data/action/detail/move_xyzw__type_support.c.o[0m
[6.788s] [ 56%] [32mBuilding C object CMakeFiles/ros2_data__rosidl_typesupport_introspection_c.dir/rosidl_typesupport_introspection_c/ros2_data/action/detail/move_l__type_support.c.o[0m
[6.824s] [ 57%] [32mBuilding C object CMakeFiles/ros2_data__rosidl_typesupport_introspection_c.dir/rosidl_typesupport_introspection_c/ros2_data/action/detail/move_xyz__type_support.c.o[0m
[6.834s] [ 57%] [32mBuilding C object CMakeFiles/ros2_data__rosidl_typesupport_introspection_c.dir/rosidl_typesupport_introspection_c/ros2_data/action/detail/move_r__type_support.c.o[0m
[6.861s] [ 58%] [32mBuilding C object CMakeFiles/ros2_data__rosidl_typesupport_introspection_c.dir/rosidl_typesupport_introspection_c/ros2_data/action/detail/move_rot__type_support.c.o[0m
[6.861s] [ 59%] [32mBuilding C object CMakeFiles/ros2_data__rosidl_typesupport_introspection_c.dir/rosidl_typesupport_introspection_c/ros2_data/action/detail/move_ypr__type_support.c.o[0m
[6.885s] [ 60%] [32mBuilding C object CMakeFiles/ros2_data__rosidl_typesupport_introspection_c.dir/rosidl_typesupport_introspection_c/ros2_data/action/detail/move_rp__type_support.c.o[0m
[6.899s] [ 60%] [32mBuilding C object CMakeFiles/ros2_data__rosidl_typesupport_introspection_c.dir/rosidl_typesupport_introspection_c/ros2_data/action/detail/attacher__type_support.c.o[0m
[6.986s] [ 61%] [32m[1mLinking C shared library libros2_data__rosidl_typesupport_introspection_c.so[0m
[7.017s] [ 64%] [32mBuilding CXX object CMakeFiles/ros2_data__rosidl_typesupport_fastrtps_cpp.dir/rosidl_typesupport_fastrtps_cpp/ros2_data/msg/detail/dds_fastrtps/joint_pose_s__type_support.cpp.o[0m
[7.017s] [ 64%] [32mBuilding CXX object CMakeFiles/ros2_data__rosidl_typesupport_fastrtps_c.dir/rosidl_typesupport_fastrtps_c/ros2_data/action/detail/move_j__type_support_c.cpp.o[0m
[7.017s] [ 64%] [32mBuilding CXX object CMakeFiles/ros2_data__rosidl_typesupport_fastrtps_c.dir/rosidl_typesupport_fastrtps_c/ros2_data/msg/detail/joint_pose_s__type_support_c.cpp.o[0m
[7.017s] [ 64%] [32mBuilding CXX object CMakeFiles/ros2_data__rosidl_typesupport_fastrtps_c.dir/rosidl_typesupport_fastrtps_c/ros2_data/msg/detail/joint_pose__type_support_c.cpp.o[0m
[7.017s] [ 66%] [32mBuilding CXX object CMakeFiles/ros2_data__rosidl_typesupport_fastrtps_cpp.dir/rosidl_typesupport_fastrtps_cpp/ros2_data/action/detail/dds_fastrtps/move_j__type_support.cpp.o[0m
[7.017s] [ 67%] [32mBuilding CXX object CMakeFiles/ros2_data__rosidl_typesupport_fastrtps_c.dir/rosidl_typesupport_fastrtps_c/ros2_data/action/detail/move_js__type_support_c.cpp.o[0m
[7.019s] [ 67%] [32mBuilding CXX object CMakeFiles/ros2_data__rosidl_typesupport_fastrtps_c.dir/rosidl_typesupport_fastrtps_c/ros2_data/action/detail/move_xyzw__type_support_c.cpp.o[0m
[7.019s] [ 67%] [32mBuilding CXX object CMakeFiles/ros2_data__rosidl_typesupport_fastrtps_cpp.dir/rosidl_typesupport_fastrtps_cpp/ros2_data/action/detail/dds_fastrtps/move_js__type_support.cpp.o[0m
[7.019s] [ 68%] [32mBuilding CXX object CMakeFiles/ros2_data__rosidl_typesupport_fastrtps_cpp.dir/rosidl_typesupport_fastrtps_cpp/ros2_data/msg/detail/dds_fastrtps/joint_pose__type_support.cpp.o[0m
[7.020s] [ 68%] [32mBuilding CXX object CMakeFiles/ros2_data__rosidl_typesupport_fastrtps_c.dir/rosidl_typesupport_fastrtps_c/ros2_data/action/detail/move_l__type_support_c.cpp.o[0m
[7.025s] [ 69%] [32mBuilding CXX object CMakeFiles/ros2_data__rosidl_typesupport_fastrtps_c.dir/rosidl_typesupport_fastrtps_c/ros2_data/action/detail/move_g__type_support_c.cpp.o[0m
[7.026s] [ 70%] [32mBuilding CXX object CMakeFiles/ros2_data__rosidl_typesupport_fastrtps_c.dir/rosidl_typesupport_fastrtps_c/ros2_data/action/detail/move_r__type_support_c.cpp.o[0m
[7.036s] [ 71%] [32mBuilding CXX object CMakeFiles/ros2_data__rosidl_typesupport_fastrtps_cpp.dir/rosidl_typesupport_fastrtps_cpp/ros2_data/action/detail/dds_fastrtps/move_g__type_support.cpp.o[0m
[7.059s] [ 71%] Built target ros2_data__rosidl_typesupport_introspection_c
[7.075s] [ 72%] [32mBuilding CXX object CMakeFiles/ros2_data__rosidl_typesupport_fastrtps_cpp.dir/rosidl_typesupport_fastrtps_cpp/ros2_data/action/detail/dds_fastrtps/move_xyzw__type_support.cpp.o[0m
[7.376s] [ 73%] [32mBuilding CXX object CMakeFiles/ros2_data__rosidl_typesupport_fastrtps_c.dir/rosidl_typesupport_fastrtps_c/ros2_data/action/detail/move_xyz__type_support_c.cpp.o[0m
[7.445s] [ 74%] [32m[1mLinking CXX shared library libros2_data__rosidl_typesupport_introspection_cpp.so[0m
[7.580s] [ 75%] [32mBuilding CXX object CMakeFiles/ros2_data__rosidl_typesupport_fastrtps_c.dir/rosidl_typesupport_fastrtps_c/ros2_data/action/detail/move_ypr__type_support_c.cpp.o[0m
[7.588s] [ 76%] [32mBuilding CXX object CMakeFiles/ros2_data__rosidl_typesupport_fastrtps_cpp.dir/rosidl_typesupport_fastrtps_cpp/ros2_data/action/detail/dds_fastrtps/move_l__type_support.cpp.o[0m
[7.684s] [ 76%] Built target ros2_data__rosidl_typesupport_introspection_cpp
[7.689s] [ 77%] [32mBuilding CXX object CMakeFiles/ros2_data__rosidl_typesupport_fastrtps_cpp.dir/rosidl_typesupport_fastrtps_cpp/ros2_data/action/detail/dds_fastrtps/move_r__type_support.cpp.o[0m
[7.696s] [ 77%] [32mBuilding CXX object CMakeFiles/ros2_data__rosidl_typesupport_fastrtps_cpp.dir/rosidl_typesupport_fastrtps_cpp/ros2_data/action/detail/dds_fastrtps/move_xyz__type_support.cpp.o[0m
[7.712s] [ 78%] [32mBuilding CXX object CMakeFiles/ros2_data__rosidl_typesupport_fastrtps_cpp.dir/rosidl_typesupport_fastrtps_cpp/ros2_data/action/detail/dds_fastrtps/move_ypr__type_support.cpp.o[0m
[7.721s] [ 79%] [32mBuilding CXX object CMakeFiles/ros2_data__rosidl_typesupport_fastrtps_c.dir/rosidl_typesupport_fastrtps_c/ros2_data/action/detail/move_rot__type_support_c.cpp.o[0m
[7.754s] [ 80%] [32mBuilding CXX object CMakeFiles/ros2_data__rosidl_typesupport_fastrtps_cpp.dir/rosidl_typesupport_fastrtps_cpp/ros2_data/action/detail/dds_fastrtps/move_rot__type_support.cpp.o[0m
[7.776s] [ 80%] [32mBuilding CXX object CMakeFiles/ros2_data__rosidl_typesupport_fastrtps_c.dir/rosidl_typesupport_fastrtps_c/ros2_data/action/detail/move_rp__type_support_c.cpp.o[0m
[7.808s] [ 81%] [32mBuilding CXX object CMakeFiles/ros2_data__rosidl_typesupport_fastrtps_c.dir/rosidl_typesupport_fastrtps_c/ros2_data/action/detail/attacher__type_support_c.cpp.o[0m
[7.847s] [ 82%] [32mBuilding CXX object CMakeFiles/ros2_data__rosidl_typesupport_fastrtps_cpp.dir/rosidl_typesupport_fastrtps_cpp/ros2_data/action/detail/dds_fastrtps/move_rp__type_support.cpp.o[0m
[7.910s] [ 83%] [32mBuilding CXX object CMakeFiles/ros2_data__rosidl_typesupport_fastrtps_cpp.dir/rosidl_typesupport_fastrtps_cpp/ros2_data/action/detail/dds_fastrtps/attacher__type_support.cpp.o[0m
[8.450s] [ 84%] [32m[1mLinking CXX shared library libros2_data__rosidl_typesupport_fastrtps_c.so[0m
[8.563s] [ 84%] Built target ros2_data__rosidl_typesupport_fastrtps_c
[8.674s] [ 84%] [32m[1mLinking CXX shared library libros2_data__rosidl_typesupport_fastrtps_cpp.so[0m
[8.754s] [ 84%] Built target ros2_data__rosidl_typesupport_fastrtps_cpp
[8.779s] [ 84%] Built target ros2_data
[8.809s] [ 85%] [34m[1mGenerating Python code for ROS interfaces[0m
[12.577s] [ 85%] Built target ros2_data__py
[12.606s] [ 88%] [32mBuilding C object CMakeFiles/ros2_data__rosidl_generator_py.dir/rosidl_generator_py/ros2_data/action/_move_j_s.c.o[0m
[12.607s] [ 89%] [32mBuilding C object CMakeFiles/ros2_data__rosidl_generator_py.dir/rosidl_generator_py/ros2_data/action/_move_r_s.c.o[0m
[12.607s] [ 88%] [32mBuilding C object CMakeFiles/ros2_data__rosidl_generator_py.dir/rosidl_generator_py/ros2_data/msg/_joint_pose_s.c.o[0m
[12.607s] [ 90%] [32mBuilding C object CMakeFiles/ros2_data__rosidl_generator_py.dir/rosidl_generator_py/ros2_data/action/_move_js_s.c.o[0m
[12.607s] [ 91%] [32mBuilding C object CMakeFiles/ros2_data__rosidl_generator_py.dir/rosidl_generator_py/ros2_data/action/_move_rp_s.c.o[0m
[12.607s] [ 91%] [32mBuilding C object CMakeFiles/ros2_data__rosidl_generator_py.dir/rosidl_generator_py/ros2_data/action/_move_xyzw_s.c.o[0m
[12.607s] [ 92%] [32mBuilding C object CMakeFiles/ros2_data__rosidl_generator_py.dir/rosidl_generator_py/ros2_data/action/_move_ypr_s.c.o[0m
[12.607s] [ 93%] [32mBuilding C object CMakeFiles/ros2_data__rosidl_generator_py.dir/rosidl_generator_py/ros2_data/action/_attacher_s.c.o[0m
[12.607s] [ 88%] [32mBuilding C object CMakeFiles/ros2_data__rosidl_generator_py.dir/rosidl_generator_py/ros2_data/action/_move_g_s.c.o[0m
[12.607s] [ 88%] [32mBuilding C object CMakeFiles/ros2_data__rosidl_generator_py.dir/rosidl_generator_py/ros2_data/msg/_joint_pose_s_s.c.o[0m
[12.607s] [ 93%] [32mBuilding C object CMakeFiles/ros2_data__rosidl_generator_py.dir/rosidl_generator_py/ros2_data/action/_move_l_s.c.o[0m
[12.609s] [ 94%] [32mBuilding C object CMakeFiles/ros2_data__rosidl_generator_py.dir/rosidl_generator_py/ros2_data/action/_move_rot_s.c.o[0m
[12.612s] [ 95%] [32mBuilding C object CMakeFiles/ros2_data__rosidl_generator_py.dir/rosidl_generator_py/ros2_data/action/_move_xyz_s.c.o[0m
[12.838s] [ 96%] [32m[1mLinking C shared library rosidl_generator_py/ros2_data/libros2_data__rosidl_generator_py.so[0m
[12.885s] [ 96%] Built target ros2_data__rosidl_generator_py
[12.908s] [ 97%] [32mBuilding C object CMakeFiles/ros2_data__rosidl_typesupport_fastrtps_c__pyext.dir/rosidl_generator_py/ros2_data/_ros2_data_s.ep.rosidl_typesupport_fastrtps_c.c.o[0m
[12.910s] [ 98%] [32mBuilding C object CMakeFiles/ros2_data__rosidl_typesupport_c__pyext.dir/rosidl_generator_py/ros2_data/_ros2_data_s.ep.rosidl_typesupport_c.c.o[0m
[12.912s] [ 99%] [32mBuilding C object CMakeFiles/ros2_data__rosidl_typesupport_introspection_c__pyext.dir/rosidl_generator_py/ros2_data/_ros2_data_s.ep.rosidl_typesupport_introspection_c.c.o[0m
[13.180s] [ 99%] [32m[1mLinking C shared library rosidl_generator_py/ros2_data/ros2_data_s__rosidl_typesupport_c.cpython-310-x86_64-linux-gnu.so[0m
[13.192s] [100%] [32m[1mLinking C shared library rosidl_generator_py/ros2_data/ros2_data_s__rosidl_typesupport_introspection_c.cpython-310-x86_64-linux-gnu.so[0m
[13.195s] [100%] [32m[1mLinking C shared library rosidl_generator_py/ros2_data/ros2_data_s__rosidl_typesupport_fastrtps_c.cpython-310-x86_64-linux-gnu.so[0m
[13.233s] [100%] Built target ros2_data__rosidl_typesupport_c__pyext
[13.239s] [100%] Built target ros2_data__rosidl_typesupport_fastrtps_c__pyext
[13.239s] [100%] Built target ros2_data__rosidl_typesupport_introspection_c__pyext
[13.254s] Invoked command in '/home/manideep/FrankaSimulator_Ws/src/build/ros2_data' returned '0': CMAKE_PREFIX_PATH=${CMAKE_PREFIX_PATH}:/home/manideep/FrankaSimulator_Ws/install/teleop_keyboard_pkg:/home/manideep/ws_moveit2/install/moveit_configs_utils:/home/manideep/ws_moveit2/install/launch_param_builder:/opt/ros/humble /usr/bin/cmake --build /home/manideep/FrankaSimulator_Ws/src/build/ros2_data -- -j16 -l16
[13.255s] Invoking command in '/home/manideep/FrankaSimulator_Ws/src/build/ros2_data': CMAKE_PREFIX_PATH=${CMAKE_PREFIX_PATH}:/home/manideep/FrankaSimulator_Ws/install/teleop_keyboard_pkg:/home/manideep/ws_moveit2/install/moveit_configs_utils:/home/manideep/ws_moveit2/install/launch_param_builder:/opt/ros/humble /usr/bin/cmake --install /home/manideep/FrankaSimulator_Ws/src/build/ros2_data
[13.263s] -- Install configuration: ""
[13.263s] -- Installing: /home/manideep/FrankaSimulator_Ws/src/install/ros2_data/share/ament_index/resource_index/rosidl_interfaces/ros2_data
[13.263s] -- Installing: /home/manideep/FrankaSimulator_Ws/src/install/ros2_data/include/ros2_data/ros2_data
[13.263s] -- Installing: /home/manideep/FrankaSimulator_Ws/src/install/ros2_data/include/ros2_data/ros2_data/msg
[13.263s] -- Installing: /home/manideep/FrankaSimulator_Ws/src/install/ros2_data/include/ros2_data/ros2_data/msg/joint_pose_s.h
[13.263s] -- Installing: /home/manideep/FrankaSimulator_Ws/src/install/ros2_data/include/ros2_data/ros2_data/msg/rosidl_generator_c__visibility_control.h
[13.263s] -- Installing: /home/manideep/FrankaSimulator_Ws/src/install/ros2_data/include/ros2_data/ros2_data/msg/joint_pose.h
[13.263s] -- Installing: /home/manideep/FrankaSimulator_Ws/src/install/ros2_data/include/ros2_data/ros2_data/msg/detail
[13.263s] -- Installing: /home/manideep/FrankaSimulator_Ws/src/install/ros2_data/include/ros2_data/ros2_data/msg/detail/joint_pose_s__struct.h
[13.263s] -- Installing: /home/manideep/FrankaSimulator_Ws/src/install/ros2_data/include/ros2_data/ros2_data/msg/detail/joint_pose_s__type_support.h
[13.264s] -- Installing: /home/manideep/FrankaSimulator_Ws/src/install/ros2_data/include/ros2_data/ros2_data/msg/detail/joint_pose_s__functions.h
[13.264s] -- Installing: /home/manideep/FrankaSimulator_Ws/src/install/ros2_data/include/ros2_data/ros2_data/msg/detail/joint_pose__functions.c
[13.264s] -- Installing: /home/manideep/FrankaSimulator_Ws/src/install/ros2_data/include/ros2_data/ros2_data/msg/detail/joint_pose__type_support.h
[13.264s] -- Installing: /home/manideep/FrankaSimulator_Ws/src/install/ros2_data/include/ros2_data/ros2_data/msg/detail/joint_pose_s__functions.c
[13.264s] -- Installing: /home/manideep/FrankaSimulator_Ws/src/install/ros2_data/include/ros2_data/ros2_data/msg/detail/joint_pose__struct.h
[13.264s] -- Installing: /home/manideep/FrankaSimulator_Ws/src/install/ros2_data/include/ros2_data/ros2_data/msg/detail/joint_pose__functions.h
[13.264s] -- Installing: /home/manideep/FrankaSimulator_Ws/src/install/ros2_data/include/ros2_data/ros2_data/action
[13.264s] -- Installing: /home/manideep/FrankaSimulator_Ws/src/install/ros2_data/include/ros2_data/ros2_data/action/move_rot.h
[13.264s] -- Installing: /home/manideep/FrankaSimulator_Ws/src/install/ros2_data/include/ros2_data/ros2_data/action/move_xyzw.h
[13.264s] -- Installing: /home/manideep/FrankaSimulator_Ws/src/install/ros2_data/include/ros2_data/ros2_data/action/move_g.h
[13.265s] -- Installing: /home/manideep/FrankaSimulator_Ws/src/install/ros2_data/include/ros2_data/ros2_data/action/move_xyz.h
[13.265s] -- Installing: /home/manideep/FrankaSimulator_Ws/src/install/ros2_data/include/ros2_data/ros2_data/action/move_l.h
[13.265s] -- Installing: /home/manideep/FrankaSimulator_Ws/src/install/ros2_data/include/ros2_data/ros2_data/action/attacher.h
[13.265s] -- Installing: /home/manideep/FrankaSimulator_Ws/src/install/ros2_data/include/ros2_data/ros2_data/action/detail
[13.265s] -- Installing: /home/manideep/FrankaSimulator_Ws/src/install/ros2_data/include/ros2_data/ros2_data/action/detail/move_j__functions.h
[13.265s] -- Installing: /home/manideep/FrankaSimulator_Ws/src/install/ros2_data/include/ros2_data/ros2_data/action/detail/move_j__functions.c
[13.265s] -- Installing: /home/manideep/FrankaSimulator_Ws/src/install/ros2_data/include/ros2_data/ros2_data/action/detail/move_rot__type_support.h
[13.265s] -- Installing: /home/manideep/FrankaSimulator_Ws/src/install/ros2_data/include/ros2_data/ros2_data/action/detail/move_j__struct.h
[13.265s] -- Installing: /home/manideep/FrankaSimulator_Ws/src/install/ros2_data/include/ros2_data/ros2_data/action/detail/move_l__type_support.h
[13.265s] -- Installing: /home/manideep/FrankaSimulator_Ws/src/install/ros2_data/include/ros2_data/ros2_data/action/detail/move_xyzw__functions.h
[13.265s] -- Installing: /home/manideep/FrankaSimulator_Ws/src/install/ros2_data/include/ros2_data/ros2_data/action/detail/move_ypr__functions.h
[13.266s] -- Installing: /home/manideep/FrankaSimulator_Ws/src/install/ros2_data/include/ros2_data/ros2_data/action/detail/move_rot__struct.h
[13.266s] -- Installing: /home/manideep/FrankaSimulator_Ws/src/install/ros2_data/include/ros2_data/ros2_data/action/detail/move_r__struct.h
[13.266s] -- Installing: /home/manideep/FrankaSimulator_Ws/src/install/ros2_data/include/ros2_data/ros2_data/action/detail/move_rot__functions.c
[13.266s] -- Installing: /home/manideep/FrankaSimulator_Ws/src/install/ros2_data/include/ros2_data/ros2_data/action/detail/attacher__functions.h
[13.266s] -- Installing: /home/manideep/FrankaSimulator_Ws/src/install/ros2_data/include/ros2_data/ros2_data/action/detail/attacher__struct.h
[13.266s] -- Installing: /home/manideep/FrankaSimulator_Ws/src/install/ros2_data/include/ros2_data/ros2_data/action/detail/move_js__type_support.h
[13.266s] -- Installing: /home/manideep/FrankaSimulator_Ws/src/install/ros2_data/include/ros2_data/ros2_data/action/detail/move_js__functions.c
[13.266s] -- Installing: /home/manideep/FrankaSimulator_Ws/src/install/ros2_data/include/ros2_data/ros2_data/action/detail/move_l__functions.h
[13.266s] -- Installing: /home/manideep/FrankaSimulator_Ws/src/install/ros2_data/include/ros2_data/ros2_data/action/detail/attacher__functions.c
[13.266s] -- Installing: /home/manideep/FrankaSimulator_Ws/src/install/ros2_data/include/ros2_data/ros2_data/action/detail/move_xyzw__functions.c
[13.266s] -- Installing: /home/manideep/FrankaSimulator_Ws/src/install/ros2_data/include/ros2_data/ros2_data/action/detail/move_l__functions.c
[13.266s] -- Installing: /home/manideep/FrankaSimulator_Ws/src/install/ros2_data/include/ros2_data/ros2_data/action/detail/move_ypr__type_support.h
[13.266s] -- Installing: /home/manideep/FrankaSimulator_Ws/src/install/ros2_data/include/ros2_data/ros2_data/action/detail/attacher__type_support.h
[13.266s] -- Installing: /home/manideep/FrankaSimulator_Ws/src/install/ros2_data/include/ros2_data/ros2_data/action/detail/move_rot__functions.h
[13.266s] -- Installing: /home/manideep/FrankaSimulator_Ws/src/install/ros2_data/include/ros2_data/ros2_data/action/detail/move_rp__struct.h
[13.266s] -- Installing: /home/manideep/FrankaSimulator_Ws/src/install/ros2_data/include/ros2_data/ros2_data/action/detail/move_rp__functions.c
[13.267s] -- Installing: /home/manideep/FrankaSimulator_Ws/src/install/ros2_data/include/ros2_data/ros2_data/action/detail/move_xyzw__type_support.h
[13.267s] -- Installing: /home/manideep/FrankaSimulator_Ws/src/install/ros2_data/include/ros2_data/ros2_data/action/detail/move_xyzw__struct.h
[13.267s] -- Installing: /home/manideep/FrankaSimulator_Ws/src/install/ros2_data/include/ros2_data/ros2_data/action/detail/move_g__type_support.h
[13.267s] -- Installing: /home/manideep/FrankaSimulator_Ws/src/install/ros2_data/include/ros2_data/ros2_data/action/detail/move_g__functions.c
[13.267s] -- Installing: /home/manideep/FrankaSimulator_Ws/src/install/ros2_data/include/ros2_data/ros2_data/action/detail/move_j__type_support.h
[13.267s] -- Installing: /home/manideep/FrankaSimulator_Ws/src/install/ros2_data/include/ros2_data/ros2_data/action/detail/move_rp__type_support.h
[13.267s] -- Installing: /home/manideep/FrankaSimulator_Ws/src/install/ros2_data/include/ros2_data/ros2_data/action/detail/move_ypr__functions.c
[13.267s] -- Installing: /home/manideep/FrankaSimulator_Ws/src/install/ros2_data/include/ros2_data/ros2_data/action/detail/move_ypr__struct.h
[13.267s] -- Installing: /home/manideep/FrankaSimulator_Ws/src/install/ros2_data/include/ros2_data/ros2_data/action/detail/move_g__struct.h
[13.267s] -- Installing: /home/manideep/FrankaSimulator_Ws/src/install/ros2_data/include/ros2_data/ros2_data/action/detail/move_xyz__functions.c
[13.267s] -- Installing: /home/manideep/FrankaSimulator_Ws/src/install/ros2_data/include/ros2_data/ros2_data/action/detail/move_l__struct.h
[13.267s] -- Installing: /home/manideep/FrankaSimulator_Ws/src/install/ros2_data/include/ros2_data/ros2_data/action/detail/move_js__functions.h
[13.267s] -- Installing: /home/manideep/FrankaSimulator_Ws/src/install/ros2_data/include/ros2_data/ros2_data/action/detail/move_js__struct.h
[13.267s] -- Installing: /home/manideep/FrankaSimulator_Ws/src/install/ros2_data/include/ros2_data/ros2_data/action/detail/move_g__functions.h
[13.267s] -- Installing: /home/manideep/FrankaSimulator_Ws/src/install/ros2_data/include/ros2_data/ros2_data/action/detail/move_r__functions.h
[13.267s] -- Installing: /home/manideep/FrankaSimulator_Ws/src/install/ros2_data/include/ros2_data/ros2_data/action/detail/move_xyz__type_support.h
[13.267s] -- Installing: /home/manideep/FrankaSimulator_Ws/src/install/ros2_data/include/ros2_data/ros2_data/action/detail/move_r__functions.c
[13.267s] -- Installing: /home/manideep/FrankaSimulator_Ws/src/install/ros2_data/include/ros2_data/ros2_data/action/detail/move_xyz__functions.h
[13.267s] -- Installing: /home/manideep/FrankaSimulator_Ws/src/install/ros2_data/include/ros2_data/ros2_data/action/detail/move_r__type_support.h
[13.267s] -- Installing: /home/manideep/FrankaSimulator_Ws/src/install/ros2_data/include/ros2_data/ros2_data/action/detail/move_rp__functions.h
[13.267s] -- Installing: /home/manideep/FrankaSimulator_Ws/src/install/ros2_data/include/ros2_data/ros2_data/action/detail/move_xyz__struct.h
[13.267s] -- Installing: /home/manideep/FrankaSimulator_Ws/src/install/ros2_data/include/ros2_data/ros2_data/action/move_j.h
[13.267s] -- Installing: /home/manideep/FrankaSimulator_Ws/src/install/ros2_data/include/ros2_data/ros2_data/action/move_rp.h
[13.267s] -- Installing: /home/manideep/FrankaSimulator_Ws/src/install/ros2_data/include/ros2_data/ros2_data/action/move_ypr.h
[13.267s] -- Installing: /home/manideep/FrankaSimulator_Ws/src/install/ros2_data/include/ros2_data/ros2_data/action/move_r.h
[13.267s] -- Installing: /home/manideep/FrankaSimulator_Ws/src/install/ros2_data/include/ros2_data/ros2_data/action/move_js.h
[13.267s] -- Installing: /home/manideep/FrankaSimulator_Ws/src/install/ros2_data/share/ros2_data/environment/library_path.sh
[13.268s] -- Installing: /home/manideep/FrankaSimulator_Ws/src/install/ros2_data/share/ros2_data/environment/library_path.dsv
[13.268s] -- Installing: /home/manideep/FrankaSimulator_Ws/src/install/ros2_data/lib/libros2_data__rosidl_generator_c.so
[13.268s] -- Set runtime path of "/home/manideep/FrankaSimulator_Ws/src/install/ros2_data/lib/libros2_data__rosidl_generator_c.so" to ""
[13.268s] -- Up-to-date: /home/manideep/FrankaSimulator_Ws/src/install/ros2_data/include/ros2_data/ros2_data
[13.268s] -- Up-to-date: /home/manideep/FrankaSimulator_Ws/src/install/ros2_data/include/ros2_data/ros2_data/msg
[13.268s] -- Installing: /home/manideep/FrankaSimulator_Ws/src/install/ros2_data/include/ros2_data/ros2_data/msg/rosidl_typesupport_fastrtps_c__visibility_control.h
[13.268s] -- Up-to-date: /home/manideep/FrankaSimulator_Ws/src/install/ros2_data/include/ros2_data/ros2_data/msg/detail
[13.268s] -- Installing: /home/manideep/FrankaSimulator_Ws/src/install/ros2_data/include/ros2_data/ros2_data/msg/detail/joint_pose_s__rosidl_typesupport_fastrtps_c.h
[13.268s] -- Installing: /home/manideep/FrankaSimulator_Ws/src/install/ros2_data/include/ros2_data/ros2_data/msg/detail/joint_pose__rosidl_typesupport_fastrtps_c.h
[13.268s] -- Up-to-date: /home/manideep/FrankaSimulator_Ws/src/install/ros2_data/include/ros2_data/ros2_data/action
[13.268s] -- Up-to-date: /home/manideep/FrankaSimulator_Ws/src/install/ros2_data/include/ros2_data/ros2_data/action/detail
[13.268s] -- Installing: /home/manideep/FrankaSimulator_Ws/src/install/ros2_data/include/ros2_data/ros2_data/action/detail/move_j__rosidl_typesupport_fastrtps_c.h
[13.268s] -- Installing: /home/manideep/FrankaSimulator_Ws/src/install/ros2_data/include/ros2_data/ros2_data/action/detail/move_r__rosidl_typesupport_fastrtps_c.h
[13.268s] -- Installing: /home/manideep/FrankaSimulator_Ws/src/install/ros2_data/include/ros2_data/ros2_data/action/detail/attacher__rosidl_typesupport_fastrtps_c.h
[13.268s] -- Installing: /home/manideep/FrankaSimulator_Ws/src/install/ros2_data/include/ros2_data/ros2_data/action/detail/move_ypr__rosidl_typesupport_fastrtps_c.h
[13.268s] -- Installing: /home/manideep/FrankaSimulator_Ws/src/install/ros2_data/include/ros2_data/ros2_data/action/detail/move_g__rosidl_typesupport_fastrtps_c.h
[13.268s] -- Installing: /home/manideep/FrankaSimulator_Ws/src/install/ros2_data/include/ros2_data/ros2_data/action/detail/move_l__rosidl_typesupport_fastrtps_c.h
[13.268s] -- Installing: /home/manideep/FrankaSimulator_Ws/src/install/ros2_data/include/ros2_data/ros2_data/action/detail/move_rp__rosidl_typesupport_fastrtps_c.h
[13.268s] -- Installing: /home/manideep/FrankaSimulator_Ws/src/install/ros2_data/include/ros2_data/ros2_data/action/detail/move_js__rosidl_typesupport_fastrtps_c.h
[13.268s] -- Installing: /home/manideep/FrankaSimulator_Ws/src/install/ros2_data/include/ros2_data/ros2_data/action/detail/move_rot__rosidl_typesupport_fastrtps_c.h
[13.268s] -- Installing: /home/manideep/FrankaSimulator_Ws/src/install/ros2_data/include/ros2_data/ros2_data/action/detail/move_xyz__rosidl_typesupport_fastrtps_c.h
[13.269s] -- Installing: /home/manideep/FrankaSimulator_Ws/src/install/ros2_data/include/ros2_data/ros2_data/action/detail/move_xyzw__rosidl_typesupport_fastrtps_c.h
[13.269s] -- Installing: /home/manideep/FrankaSimulator_Ws/src/install/ros2_data/lib/libros2_data__rosidl_typesupport_fastrtps_c.so
[13.269s] -- Set runtime path of "/home/manideep/FrankaSimulator_Ws/src/install/ros2_data/lib/libros2_data__rosidl_typesupport_fastrtps_c.so" to ""
[13.269s] -- Up-to-date: /home/manideep/FrankaSimulator_Ws/src/install/ros2_data/include/ros2_data/ros2_data
[13.270s] -- Up-to-date: /home/manideep/FrankaSimulator_Ws/src/install/ros2_data/include/ros2_data/ros2_data/msg
[13.270s] -- Installing: /home/manideep/FrankaSimulator_Ws/src/install/ros2_data/include/ros2_data/ros2_data/msg/rosidl_typesupport_introspection_c__visibility_control.h
[13.270s] -- Up-to-date: /home/manideep/FrankaSimulator_Ws/src/install/ros2_data/include/ros2_data/ros2_data/msg/detail
[13.270s] -- Installing: /home/manideep/FrankaSimulator_Ws/src/install/ros2_data/include/ros2_data/ros2_data/msg/detail/joint_pose_s__type_support.c
[13.270s] -- Installing: /home/manideep/FrankaSimulator_Ws/src/install/ros2_data/include/ros2_data/ros2_data/msg/detail/joint_pose__type_support.c
[13.270s] -- Installing: /home/manideep/FrankaSimulator_Ws/src/install/ros2_data/include/ros2_data/ros2_data/msg/detail/joint_pose__rosidl_typesupport_introspection_c.h
[13.270s] -- Installing: /home/manideep/FrankaSimulator_Ws/src/install/ros2_data/include/ros2_data/ros2_data/msg/detail/joint_pose_s__rosidl_typesupport_introspection_c.h
[13.270s] -- Up-to-date: /home/manideep/FrankaSimulator_Ws/src/install/ros2_data/include/ros2_data/ros2_data/action
[13.270s] -- Up-to-date: /home/manideep/FrankaSimulator_Ws/src/install/ros2_data/include/ros2_data/ros2_data/action/detail
[13.270s] -- Installing: /home/manideep/FrankaSimulator_Ws/src/install/ros2_data/include/ros2_data/ros2_data/action/detail/move_xyzw__type_support.c
[13.271s] -- Installing: /home/manideep/FrankaSimulator_Ws/src/install/ros2_data/include/ros2_data/ros2_data/action/detail/move_g__type_support.c
[13.271s] -- Installing: /home/manideep/FrankaSimulator_Ws/src/install/ros2_data/include/ros2_data/ros2_data/action/detail/move_r__type_support.c
[13.271s] -- Installing: /home/manideep/FrankaSimulator_Ws/src/install/ros2_data/include/ros2_data/ros2_data/action/detail/move_g__rosidl_typesupport_introspection_c.h
[13.271s] -- Installing: /home/manideep/FrankaSimulator_Ws/src/install/ros2_data/include/ros2_data/ros2_data/action/detail/move_xyz__type_support.c
[13.271s] -- Installing: /home/manideep/FrankaSimulator_Ws/src/install/ros2_data/include/ros2_data/ros2_data/action/detail/move_js__rosidl_typesupport_introspection_c.h
[13.271s] -- Installing: /home/manideep/FrankaSimulator_Ws/src/install/ros2_data/include/ros2_data/ros2_data/action/detail/move_ypr__type_support.c
[13.271s] -- Installing: /home/manideep/FrankaSimulator_Ws/src/install/ros2_data/include/ros2_data/ros2_data/action/detail/move_l__type_support.c
[13.271s] -- Installing: /home/manideep/FrankaSimulator_Ws/src/install/ros2_data/include/ros2_data/ros2_data/action/detail/move_j__rosidl_typesupport_introspection_c.h
[13.271s] -- Installing: /home/manideep/FrankaSimulator_Ws/src/install/ros2_data/include/ros2_data/ros2_data/action/detail/move_l__rosidl_typesupport_introspection_c.h
[13.271s] -- Installing: /home/manideep/FrankaSimulator_Ws/src/install/ros2_data/include/ros2_data/ros2_data/action/detail/move_ypr__rosidl_typesupport_introspection_c.h
[13.271s] -- Installing: /home/manideep/FrankaSimulator_Ws/src/install/ros2_data/include/ros2_data/ros2_data/action/detail/move_r__rosidl_typesupport_introspection_c.h
[13.271s] -- Installing: /home/manideep/FrankaSimulator_Ws/src/install/ros2_data/include/ros2_data/ros2_data/action/detail/move_js__type_support.c
[13.271s] -- Installing: /home/manideep/FrankaSimulator_Ws/src/install/ros2_data/include/ros2_data/ros2_data/action/detail/attacher__type_support.c
[13.271s] -- Installing: /home/manideep/FrankaSimulator_Ws/src/install/ros2_data/include/ros2_data/ros2_data/action/detail/move_j__type_support.c
[13.271s] -- Installing: /home/manideep/FrankaSimulator_Ws/src/install/ros2_data/include/ros2_data/ros2_data/action/detail/move_xyz__rosidl_typesupport_introspection_c.h
[13.271s] -- Installing: /home/manideep/FrankaSimulator_Ws/src/install/ros2_data/include/ros2_data/ros2_data/action/detail/move_rot__type_support.c
[13.271s] -- Installing: /home/manideep/FrankaSimulator_Ws/src/install/ros2_data/include/ros2_data/ros2_data/action/detail/attacher__rosidl_typesupport_introspection_c.h
[13.271s] -- Installing: /home/manideep/FrankaSimulator_Ws/src/install/ros2_data/include/ros2_data/ros2_data/action/detail/move_rp__rosidl_typesupport_introspection_c.h
[13.271s] -- Installing: /home/manideep/FrankaSimulator_Ws/src/install/ros2_data/include/ros2_data/ros2_data/action/detail/move_rp__type_support.c
[13.271s] -- Installing: /home/manideep/FrankaSimulator_Ws/src/install/ros2_data/include/ros2_data/ros2_data/action/detail/move_rot__rosidl_typesupport_introspection_c.h
[13.271s] -- Installing: /home/manideep/FrankaSimulator_Ws/src/install/ros2_data/include/ros2_data/ros2_data/action/detail/move_xyzw__rosidl_typesupport_introspection_c.h
[13.271s] -- Installing: /home/manideep/FrankaSimulator_Ws/src/install/ros2_data/lib/libros2_data__rosidl_typesupport_introspection_c.so
[13.271s] -- Set runtime path of "/home/manideep/FrankaSimulator_Ws/src/install/ros2_data/lib/libros2_data__rosidl_typesupport_introspection_c.so" to ""
[13.272s] -- Installing: /home/manideep/FrankaSimulator_Ws/src/install/ros2_data/lib/libros2_data__rosidl_typesupport_c.so
[13.272s] -- Set runtime path of "/home/manideep/FrankaSimulator_Ws/src/install/ros2_data/lib/libros2_data__rosidl_typesupport_c.so" to ""
[13.272s] -- Up-to-date: /home/manideep/FrankaSimulator_Ws/src/install/ros2_data/include/ros2_data/ros2_data
[13.272s] -- Up-to-date: /home/manideep/FrankaSimulator_Ws/src/install/ros2_data/include/ros2_data/ros2_data/msg
[13.272s] -- Installing: /home/manideep/FrankaSimulator_Ws/src/install/ros2_data/include/ros2_data/ros2_data/msg/joint_pose_s.hpp
[13.272s] -- Up-to-date: /home/manideep/FrankaSimulator_Ws/src/install/ros2_data/include/ros2_data/ros2_data/msg/detail
[13.272s] -- Installing: /home/manideep/FrankaSimulator_Ws/src/install/ros2_data/include/ros2_data/ros2_data/msg/detail/joint_pose__struct.hpp
[13.272s] -- Installing: /home/manideep/FrankaSimulator_Ws/src/install/ros2_data/include/ros2_data/ros2_data/msg/detail/joint_pose__traits.hpp
[13.272s] -- Installing: /home/manideep/FrankaSimulator_Ws/src/install/ros2_data/include/ros2_data/ros2_data/msg/detail/joint_pose__builder.hpp
[13.272s] -- Installing: /home/manideep/FrankaSimulator_Ws/src/install/ros2_data/include/ros2_data/ros2_data/msg/detail/joint_pose_s__builder.hpp
[13.272s] -- Installing: /home/manideep/FrankaSimulator_Ws/src/install/ros2_data/include/ros2_data/ros2_data/msg/detail/joint_pose_s__traits.hpp
[13.272s] -- Installing: /home/manideep/FrankaSimulator_Ws/src/install/ros2_data/include/ros2_data/ros2_data/msg/detail/joint_pose_s__struct.hpp
[13.272s] -- Installing: /home/manideep/FrankaSimulator_Ws/src/install/ros2_data/include/ros2_data/ros2_data/msg/joint_pose.hpp
[13.272s] -- Up-to-date: /home/manideep/FrankaSimulator_Ws/src/install/ros2_data/include/ros2_data/ros2_data/action
[13.273s] -- Installing: /home/manideep/FrankaSimulator_Ws/src/install/ros2_data/include/ros2_data/ros2_data/action/move_r.hpp
[13.273s] -- Installing: /home/manideep/FrankaSimulator_Ws/src/install/ros2_data/include/ros2_data/ros2_data/action/move_j.hpp
[13.273s] -- Installing: /home/manideep/FrankaSimulator_Ws/src/install/ros2_data/include/ros2_data/ros2_data/action/move_xyz.hpp
[13.273s] -- Installing: /home/manideep/FrankaSimulator_Ws/src/install/ros2_data/include/ros2_data/ros2_data/action/move_xyzw.hpp
[13.273s] -- Installing: /home/manideep/FrankaSimulator_Ws/src/install/ros2_data/include/ros2_data/ros2_data/action/move_g.hpp
[13.273s] -- Up-to-date: /home/manideep/FrankaSimulator_Ws/src/install/ros2_data/include/ros2_data/ros2_data/action/detail
[13.273s] -- Installing: /home/manideep/FrankaSimulator_Ws/src/install/ros2_data/include/ros2_data/ros2_data/action/detail/move_xyz__struct.hpp
[13.273s] -- Installing: /home/manideep/FrankaSimulator_Ws/src/install/ros2_data/include/ros2_data/ros2_data/action/detail/move_rot__struct.hpp
[13.273s] -- Installing: /home/manideep/FrankaSimulator_Ws/src/install/ros2_data/include/ros2_data/ros2_data/action/detail/move_r__struct.hpp
[13.273s] -- Installing: /home/manideep/FrankaSimulator_Ws/src/install/ros2_data/include/ros2_data/ros2_data/action/detail/move_ypr__traits.hpp
[13.273s] -- Installing: /home/manideep/FrankaSimulator_Ws/src/install/ros2_data/include/ros2_data/ros2_data/action/detail/move_j__struct.hpp
[13.273s] -- Installing: /home/manideep/FrankaSimulator_Ws/src/install/ros2_data/include/ros2_data/ros2_data/action/detail/move_rot__traits.hpp
[13.274s] -- Installing: /home/manideep/FrankaSimulator_Ws/src/install/ros2_data/include/ros2_data/ros2_data/action/detail/move_xyz__traits.hpp
[13.274s] -- Installing: /home/manideep/FrankaSimulator_Ws/src/install/ros2_data/include/ros2_data/ros2_data/action/detail/move_rot__builder.hpp
[13.274s] -- Installing: /home/manideep/FrankaSimulator_Ws/src/install/ros2_data/include/ros2_data/ros2_data/action/detail/move_js__traits.hpp
[13.274s] -- Installing: /home/manideep/FrankaSimulator_Ws/src/install/ros2_data/include/ros2_data/ros2_data/action/detail/attacher__struct.hpp
[13.274s] -- Installing: /home/manideep/FrankaSimulator_Ws/src/install/ros2_data/include/ros2_data/ros2_data/action/detail/move_xyzw__builder.hpp
[13.274s] -- Installing: /home/manideep/FrankaSimulator_Ws/src/install/ros2_data/include/ros2_data/ros2_data/action/detail/move_ypr__struct.hpp
[13.274s] -- Installing: /home/manideep/FrankaSimulator_Ws/src/install/ros2_data/include/ros2_data/ros2_data/action/detail/attacher__traits.hpp
[13.274s] -- Installing: /home/manideep/FrankaSimulator_Ws/src/install/ros2_data/include/ros2_data/ros2_data/action/detail/move_js__builder.hpp
[13.274s] -- Installing: /home/manideep/FrankaSimulator_Ws/src/install/ros2_data/include/ros2_data/ros2_data/action/detail/move_r__traits.hpp
[13.274s] -- Installing: /home/manideep/FrankaSimulator_Ws/src/install/ros2_data/include/ros2_data/ros2_data/action/detail/move_g__struct.hpp
[13.275s] -- Installing: /home/manideep/FrankaSimulator_Ws/src/install/ros2_data/include/ros2_data/ros2_data/action/detail/move_rp__builder.hpp
[13.275s] -- Installing: /home/manideep/FrankaSimulator_Ws/src/install/ros2_data/include/ros2_data/ros2_data/action/detail/move_ypr__builder.hpp
[13.275s] -- Installing: /home/manideep/FrankaSimulator_Ws/src/install/ros2_data/include/ros2_data/ros2_data/action/detail/move_l__builder.hpp
[13.275s] -- Installing: /home/manideep/FrankaSimulator_Ws/src/install/ros2_data/include/ros2_data/ros2_data/action/detail/attacher__builder.hpp
[13.275s] -- Installing: /home/manideep/FrankaSimulator_Ws/src/install/ros2_data/include/ros2_data/ros2_data/action/detail/move_g__builder.hpp
[13.275s] -- Installing: /home/manideep/FrankaSimulator_Ws/src/install/ros2_data/include/ros2_data/ros2_data/action/detail/move_j__traits.hpp
[13.275s] -- Installing: /home/manideep/FrankaSimulator_Ws/src/install/ros2_data/include/ros2_data/ros2_data/action/detail/move_xyz__builder.hpp
[13.275s] -- Installing: /home/manideep/FrankaSimulator_Ws/src/install/ros2_data/include/ros2_data/ros2_data/action/detail/move_l__struct.hpp
[13.275s] -- Installing: /home/manideep/FrankaSimulator_Ws/src/install/ros2_data/include/ros2_data/ros2_data/action/detail/move_j__builder.hpp
[13.275s] -- Installing: /home/manideep/FrankaSimulator_Ws/src/install/ros2_data/include/ros2_data/ros2_data/action/detail/move_rp__traits.hpp
[13.275s] -- Installing: /home/manideep/FrankaSimulator_Ws/src/install/ros2_data/include/ros2_data/ros2_data/action/detail/move_r__builder.hpp
[13.275s] -- Installing: /home/manideep/FrankaSimulator_Ws/src/install/ros2_data/include/ros2_data/ros2_data/action/detail/move_l__traits.hpp
[13.275s] -- Installing: /home/manideep/FrankaSimulator_Ws/src/install/ros2_data/include/ros2_data/ros2_data/action/detail/move_rp__struct.hpp
[13.275s] -- Installing: /home/manideep/FrankaSimulator_Ws/src/install/ros2_data/include/ros2_data/ros2_data/action/detail/move_xyzw__traits.hpp
[13.275s] -- Installing: /home/manideep/FrankaSimulator_Ws/src/install/ros2_data/include/ros2_data/ros2_data/action/detail/move_js__struct.hpp
[13.275s] -- Installing: /home/manideep/FrankaSimulator_Ws/src/install/ros2_data/include/ros2_data/ros2_data/action/detail/move_xyzw__struct.hpp
[13.275s] -- Installing: /home/manideep/FrankaSimulator_Ws/src/install/ros2_data/include/ros2_data/ros2_data/action/detail/move_g__traits.hpp
[13.275s] -- Installing: /home/manideep/FrankaSimulator_Ws/src/install/ros2_data/include/ros2_data/ros2_data/action/move_ypr.hpp
[13.275s] -- Installing: /home/manideep/FrankaSimulator_Ws/src/install/ros2_data/include/ros2_data/ros2_data/action/move_js.hpp
[13.275s] -- Installing: /home/manideep/FrankaSimulator_Ws/src/install/ros2_data/include/ros2_data/ros2_data/action/move_rp.hpp
[13.275s] -- Installing: /home/manideep/FrankaSimulator_Ws/src/install/ros2_data/include/ros2_data/ros2_data/action/move_rot.hpp
[13.275s] -- Installing: /home/manideep/FrankaSimulator_Ws/src/install/ros2_data/include/ros2_data/ros2_data/action/attacher.hpp
[13.276s] -- Installing: /home/manideep/FrankaSimulator_Ws/src/install/ros2_data/include/ros2_data/ros2_data/action/move_l.hpp
[13.276s] -- Up-to-date: /home/manideep/FrankaSimulator_Ws/src/install/ros2_data/include/ros2_data/ros2_data
[13.276s] -- Up-to-date: /home/manideep/FrankaSimulator_Ws/src/install/ros2_data/include/ros2_data/ros2_data/msg
[13.276s] -- Installing: /home/manideep/FrankaSimulator_Ws/src/install/ros2_data/include/ros2_data/ros2_data/msg/rosidl_typesupport_fastrtps_cpp__visibility_control.h
[13.276s] -- Up-to-date: /home/manideep/FrankaSimulator_Ws/src/install/ros2_data/include/ros2_data/ros2_data/msg/detail
[13.276s] -- Installing: /home/manideep/FrankaSimulator_Ws/src/install/ros2_data/include/ros2_data/ros2_data/msg/detail/dds_fastrtps
[13.276s] -- Installing: /home/manideep/FrankaSimulator_Ws/src/install/ros2_data/include/ros2_data/ros2_data/msg/detail/joint_pose_s__rosidl_typesupport_fastrtps_cpp.hpp
[13.276s] -- Installing: /home/manideep/FrankaSimulator_Ws/src/install/ros2_data/include/ros2_data/ros2_data/msg/detail/joint_pose__rosidl_typesupport_fastrtps_cpp.hpp
[13.276s] -- Up-to-date: /home/manideep/FrankaSimulator_Ws/src/install/ros2_data/include/ros2_data/ros2_data/action
[13.276s] -- Up-to-date: /home/manideep/FrankaSimulator_Ws/src/install/ros2_data/include/ros2_data/ros2_data/action/detail
[13.276s] -- Installing: /home/manideep/FrankaSimulator_Ws/src/install/ros2_data/include/ros2_data/ros2_data/action/detail/dds_fastrtps
[13.276s] -- Installing: /home/manideep/FrankaSimulator_Ws/src/install/ros2_data/include/ros2_data/ros2_data/action/detail/move_r__rosidl_typesupport_fastrtps_cpp.hpp
[13.276s] -- Installing: /home/manideep/FrankaSimulator_Ws/src/install/ros2_data/include/ros2_data/ros2_data/action/detail/move_j__rosidl_typesupport_fastrtps_cpp.hpp
[13.276s] -- Installing: /home/manideep/FrankaSimulator_Ws/src/install/ros2_data/include/ros2_data/ros2_data/action/detail/move_rp__rosidl_typesupport_fastrtps_cpp.hpp
[13.276s] -- Installing: /home/manideep/FrankaSimulator_Ws/src/install/ros2_data/include/ros2_data/ros2_data/action/detail/move_l__rosidl_typesupport_fastrtps_cpp.hpp
[13.276s] -- Installing: /home/manideep/FrankaSimulator_Ws/src/install/ros2_data/include/ros2_data/ros2_data/action/detail/move_xyz__rosidl_typesupport_fastrtps_cpp.hpp
[13.276s] -- Installing: /home/manideep/FrankaSimulator_Ws/src/install/ros2_data/include/ros2_data/ros2_data/action/detail/move_g__rosidl_typesupport_fastrtps_cpp.hpp
[13.276s] -- Installing: /home/manideep/FrankaSimulator_Ws/src/install/ros2_data/include/ros2_data/ros2_data/action/detail/move_xyzw__rosidl_typesupport_fastrtps_cpp.hpp
[13.276s] -- Installing: /home/manideep/FrankaSimulator_Ws/src/install/ros2_data/include/ros2_data/ros2_data/action/detail/move_ypr__rosidl_typesupport_fastrtps_cpp.hpp
[13.276s] -- Installing: /home/manideep/FrankaSimulator_Ws/src/install/ros2_data/include/ros2_data/ros2_data/action/detail/move_js__rosidl_typesupport_fastrtps_cpp.hpp
[13.276s] -- Installing: /home/manideep/FrankaSimulator_Ws/src/install/ros2_data/include/ros2_data/ros2_data/action/detail/move_rot__rosidl_typesupport_fastrtps_cpp.hpp
[13.276s] -- Installing: /home/manideep/FrankaSimulator_Ws/src/install/ros2_data/include/ros2_data/ros2_data/action/detail/attacher__rosidl_typesupport_fastrtps_cpp.hpp
[13.276s] -- Installing: /home/manideep/FrankaSimulator_Ws/src/install/ros2_data/lib/libros2_data__rosidl_typesupport_fastrtps_cpp.so
[13.276s] -- Set runtime path of "/home/manideep/FrankaSimulator_Ws/src/install/ros2_data/lib/libros2_data__rosidl_typesupport_fastrtps_cpp.so" to ""
[13.276s] -- Up-to-date: /home/manideep/FrankaSimulator_Ws/src/install/ros2_data/include/ros2_data/ros2_data
[13.276s] -- Up-to-date: /home/manideep/FrankaSimulator_Ws/src/install/ros2_data/include/ros2_data/ros2_data/msg
[13.277s] -- Up-to-date: /home/manideep/FrankaSimulator_Ws/src/install/ros2_data/include/ros2_data/ros2_data/msg/detail
[13.277s] -- Installing: /home/manideep/FrankaSimulator_Ws/src/install/ros2_data/include/ros2_data/ros2_data/msg/detail/joint_pose__type_support.cpp
[13.277s] -- Installing: /home/manideep/FrankaSimulator_Ws/src/install/ros2_data/include/ros2_data/ros2_data/msg/detail/joint_pose__rosidl_typesupport_introspection_cpp.hpp
[13.277s] -- Installing: /home/manideep/FrankaSimulator_Ws/src/install/ros2_data/include/ros2_data/ros2_data/msg/detail/joint_pose_s__type_support.cpp
[13.277s] -- Installing: /home/manideep/FrankaSimulator_Ws/src/install/ros2_data/include/ros2_data/ros2_data/msg/detail/joint_pose_s__rosidl_typesupport_introspection_cpp.hpp
[13.277s] -- Up-to-date: /home/manideep/FrankaSimulator_Ws/src/install/ros2_data/include/ros2_data/ros2_data/action
[13.277s] -- Up-to-date: /home/manideep/FrankaSimulator_Ws/src/install/ros2_data/include/ros2_data/ros2_data/action/detail
[13.277s] -- Installing: /home/manideep/FrankaSimulator_Ws/src/install/ros2_data/include/ros2_data/ros2_data/action/detail/move_r__rosidl_typesupport_introspection_cpp.hpp
[13.277s] -- Installing: /home/manideep/FrankaSimulator_Ws/src/install/ros2_data/include/ros2_data/ros2_data/action/detail/move_rp__rosidl_typesupport_introspection_cpp.hpp
[13.277s] -- Installing: /home/manideep/FrankaSimulator_Ws/src/install/ros2_data/include/ros2_data/ros2_data/action/detail/move_r__type_support.cpp
[13.277s] -- Installing: /home/manideep/FrankaSimulator_Ws/src/install/ros2_data/include/ros2_data/ros2_data/action/detail/move_xyz__rosidl_typesupport_introspection_cpp.hpp
[13.277s] -- Installing: /home/manideep/FrankaSimulator_Ws/src/install/ros2_data/include/ros2_data/ros2_data/action/detail/move_j__type_support.cpp
[13.277s] -- Installing: /home/manideep/FrankaSimulator_Ws/src/install/ros2_data/include/ros2_data/ros2_data/action/detail/move_xyzw__rosidl_typesupport_introspection_cpp.hpp
[13.277s] -- Installing: /home/manideep/FrankaSimulator_Ws/src/install/ros2_data/include/ros2_data/ros2_data/action/detail/move_js__rosidl_typesupport_introspection_cpp.hpp
[13.277s] -- Installing: /home/manideep/FrankaSimulator_Ws/src/install/ros2_data/include/ros2_data/ros2_data/action/detail/move_js__type_support.cpp
[13.277s] -- Installing: /home/manideep/FrankaSimulator_Ws/src/install/ros2_data/include/ros2_data/ros2_data/action/detail/attacher__type_support.cpp
[13.278s] -- Installing: /home/manideep/FrankaSimulator_Ws/src/install/ros2_data/include/ros2_data/ros2_data/action/detail/attacher__rosidl_typesupport_introspection_cpp.hpp
[13.278s] -- Installing: /home/manideep/FrankaSimulator_Ws/src/install/ros2_data/include/ros2_data/ros2_data/action/detail/move_rot__rosidl_typesupport_introspection_cpp.hpp
[13.278s] -- Installing: /home/manideep/FrankaSimulator_Ws/src/install/ros2_data/include/ros2_data/ros2_data/action/detail/move_rp__type_support.cpp
[13.278s] -- Installing: /home/manideep/FrankaSimulator_Ws/src/install/ros2_data/include/ros2_data/ros2_data/action/detail/move_l__type_support.cpp
[13.278s] -- Installing: /home/manideep/FrankaSimulator_Ws/src/install/ros2_data/include/ros2_data/ros2_data/action/detail/move_xyzw__type_support.cpp
[13.278s] -- Installing: /home/manideep/FrankaSimulator_Ws/src/install/ros2_data/include/ros2_data/ros2_data/action/detail/move_ypr__type_support.cpp
[13.278s] -- Installing: /home/manideep/FrankaSimulator_Ws/src/install/ros2_data/include/ros2_data/ros2_data/action/detail/move_l__rosidl_typesupport_introspection_cpp.hpp
[13.278s] -- Installing: /home/manideep/FrankaSimulator_Ws/src/install/ros2_data/include/ros2_data/ros2_data/action/detail/move_rot__type_support.cpp
[13.278s] -- Installing: /home/manideep/FrankaSimulator_Ws/src/install/ros2_data/include/ros2_data/ros2_data/action/detail/move_g__type_support.cpp
[13.278s] -- Installing: /home/manideep/FrankaSimulator_Ws/src/install/ros2_data/include/ros2_data/ros2_data/action/detail/move_g__rosidl_typesupport_introspection_cpp.hpp
[13.279s] -- Installing: /home/manideep/FrankaSimulator_Ws/src/install/ros2_data/include/ros2_data/ros2_data/action/detail/move_ypr__rosidl_typesupport_introspection_cpp.hpp
[13.279s] -- Installing: /home/manideep/FrankaSimulator_Ws/src/install/ros2_data/include/ros2_data/ros2_data/action/detail/move_j__rosidl_typesupport_introspection_cpp.hpp
[13.279s] -- Installing: /home/manideep/FrankaSimulator_Ws/src/install/ros2_data/include/ros2_data/ros2_data/action/detail/move_xyz__type_support.cpp
[13.279s] -- Installing: /home/manideep/FrankaSimulator_Ws/src/install/ros2_data/lib/libros2_data__rosidl_typesupport_introspection_cpp.so
[13.280s] -- Set runtime path of "/home/manideep/FrankaSimulator_Ws/src/install/ros2_data/lib/libros2_data__rosidl_typesupport_introspection_cpp.so" to ""
[13.280s] -- Installing: /home/manideep/FrankaSimulator_Ws/src/install/ros2_data/lib/libros2_data__rosidl_typesupport_cpp.so
[13.280s] -- Set runtime path of "/home/manideep/FrankaSimulator_Ws/src/install/ros2_data/lib/libros2_data__rosidl_typesupport_cpp.so" to ""
[13.280s] -- Installing: /home/manideep/FrankaSimulator_Ws/src/install/ros2_data/share/ros2_data/environment/pythonpath.sh
[13.280s] -- Installing: /home/manideep/FrankaSimulator_Ws/src/install/ros2_data/share/ros2_data/environment/pythonpath.dsv
[13.280s] -- Installing: /home/manideep/FrankaSimulator_Ws/src/install/ros2_data/lib/python3.10/site-packages/ros2_data-0.0.0-py3.10.egg-info
[13.280s] -- Installing: /home/manideep/FrankaSimulator_Ws/src/install/ros2_data/lib/python3.10/site-packages/ros2_data-0.0.0-py3.10.egg-info/PKG-INFO
[13.281s] -- Installing: /home/manideep/FrankaSimulator_Ws/src/install/ros2_data/lib/python3.10/site-packages/ros2_data-0.0.0-py3.10.egg-info/top_level.txt
[13.281s] -- Installing: /home/manideep/FrankaSimulator_Ws/src/install/ros2_data/lib/python3.10/site-packages/ros2_data-0.0.0-py3.10.egg-info/SOURCES.txt
[13.281s] -- Installing: /home/manideep/FrankaSimulator_Ws/src/install/ros2_data/lib/python3.10/site-packages/ros2_data-0.0.0-py3.10.egg-info/dependency_links.txt
[13.281s] -- Installing: /home/manideep/FrankaSimulator_Ws/src/install/ros2_data/lib/python3.10/site-packages/ros2_data
[13.281s] -- Installing: /home/manideep/FrankaSimulator_Ws/src/install/ros2_data/lib/python3.10/site-packages/ros2_data/_ros2_data_s.ep.rosidl_typesupport_fastrtps_c.c
[13.281s] -- Installing: /home/manideep/FrankaSimulator_Ws/src/install/ros2_data/lib/python3.10/site-packages/ros2_data/__init__.py
[13.281s] -- Installing: /home/manideep/FrankaSimulator_Ws/src/install/ros2_data/lib/python3.10/site-packages/ros2_data/ros2_data_s__rosidl_typesupport_c.cpython-310-x86_64-linux-gnu.so
[13.281s] -- Installing: /home/manideep/FrankaSimulator_Ws/src/install/ros2_data/lib/python3.10/site-packages/ros2_data/_ros2_data_s.ep.rosidl_typesupport_introspection_c.c
[13.282s] -- Installing: /home/manideep/FrankaSimulator_Ws/src/install/ros2_data/lib/python3.10/site-packages/ros2_data/ros2_data_s__rosidl_typesupport_fastrtps_c.cpython-310-x86_64-linux-gnu.so
[13.282s] -- Installing: /home/manideep/FrankaSimulator_Ws/src/install/ros2_data/lib/python3.10/site-packages/ros2_data/ros2_data_s__rosidl_typesupport_introspection_c.cpython-310-x86_64-linux-gnu.so
[13.282s] -- Installing: /home/manideep/FrankaSimulator_Ws/src/install/ros2_data/lib/python3.10/site-packages/ros2_data/msg
[13.283s] -- Installing: /home/manideep/FrankaSimulator_Ws/src/install/ros2_data/lib/python3.10/site-packages/ros2_data/msg/_joint_pose_s.py
[13.283s] -- Installing: /home/manideep/FrankaSimulator_Ws/src/install/ros2_data/lib/python3.10/site-packages/ros2_data/msg/_joint_pose_s_s.c
[13.283s] -- Installing: /home/manideep/FrankaSimulator_Ws/src/install/ros2_data/lib/python3.10/site-packages/ros2_data/msg/__init__.py
[13.283s] -- Installing: /home/manideep/FrankaSimulator_Ws/src/install/ros2_data/lib/python3.10/site-packages/ros2_data/msg/_joint_pose.py
[13.283s] -- Installing: /home/manideep/FrankaSimulator_Ws/src/install/ros2_data/lib/python3.10/site-packages/ros2_data/msg/_joint_pose_s.c
[13.283s] -- Installing: /home/manideep/FrankaSimulator_Ws/src/install/ros2_data/lib/python3.10/site-packages/ros2_data/libros2_data__rosidl_generator_py.so
[13.283s] -- Installing: /home/manideep/FrankaSimulator_Ws/src/install/ros2_data/lib/python3.10/site-packages/ros2_data/_ros2_data_s.ep.rosidl_typesupport_c.c
[13.284s] -- Installing: /home/manideep/FrankaSimulator_Ws/src/install/ros2_data/lib/python3.10/site-packages/ros2_data/action
[13.284s] -- Installing: /home/manideep/FrankaSimulator_Ws/src/install/ros2_data/lib/python3.10/site-packages/ros2_data/action/_move_g_s.c
[13.284s] -- Installing: /home/manideep/FrankaSimulator_Ws/src/install/ros2_data/lib/python3.10/site-packages/ros2_data/action/_move_rot.py
[13.284s] -- Installing: /home/manideep/FrankaSimulator_Ws/src/install/ros2_data/lib/python3.10/site-packages/ros2_data/action/_move_xyzw_s.c
[13.284s] -- Installing: /home/manideep/FrankaSimulator_Ws/src/install/ros2_data/lib/python3.10/site-packages/ros2_data/action/_move_r_s.c
[13.284s] -- Installing: /home/manideep/FrankaSimulator_Ws/src/install/ros2_data/lib/python3.10/site-packages/ros2_data/action/_move_xyz_s.c
[13.284s] -- Installing: /home/manideep/FrankaSimulator_Ws/src/install/ros2_data/lib/python3.10/site-packages/ros2_data/action/_move_j_s.c
[13.284s] -- Installing: /home/manideep/FrankaSimulator_Ws/src/install/ros2_data/lib/python3.10/site-packages/ros2_data/action/_attacher_s.c
[13.284s] -- Installing: /home/manideep/FrankaSimulator_Ws/src/install/ros2_data/lib/python3.10/site-packages/ros2_data/action/_move_rot_s.c
[13.284s] -- Installing: /home/manideep/FrankaSimulator_Ws/src/install/ros2_data/lib/python3.10/site-packages/ros2_data/action/__init__.py
[13.284s] -- Installing: /home/manideep/FrankaSimulator_Ws/src/install/ros2_data/lib/python3.10/site-packages/ros2_data/action/_move_rp.py
[13.284s] -- Installing: /home/manideep/FrankaSimulator_Ws/src/install/ros2_data/lib/python3.10/site-packages/ros2_data/action/_move_r.py
[13.285s] -- Installing: /home/manideep/FrankaSimulator_Ws/src/install/ros2_data/lib/python3.10/site-packages/ros2_data/action/_move_j.py
[13.285s] -- Installing: /home/manideep/FrankaSimulator_Ws/src/install/ros2_data/lib/python3.10/site-packages/ros2_data/action/_move_js.py
[13.285s] -- Installing: /home/manideep/FrankaSimulator_Ws/src/install/ros2_data/lib/python3.10/site-packages/ros2_data/action/_move_js_s.c
[13.285s] -- Installing: /home/manideep/FrankaSimulator_Ws/src/install/ros2_data/lib/python3.10/site-packages/ros2_data/action/_move_ypr_s.c
[13.285s] -- Installing: /home/manideep/FrankaSimulator_Ws/src/install/ros2_data/lib/python3.10/site-packages/ros2_data/action/_move_l_s.c
[13.285s] -- Installing: /home/manideep/FrankaSimulator_Ws/src/install/ros2_data/lib/python3.10/site-packages/ros2_data/action/_move_xyz.py
[13.285s] -- Installing: /home/manideep/FrankaSimulator_Ws/src/install/ros2_data/lib/python3.10/site-packages/ros2_data/action/_move_ypr.py
[13.285s] -- Installing: /home/manideep/FrankaSimulator_Ws/src/install/ros2_data/lib/python3.10/site-packages/ros2_data/action/_attacher.py
[13.285s] -- Installing: /home/manideep/FrankaSimulator_Ws/src/install/ros2_data/lib/python3.10/site-packages/ros2_data/action/_move_l.py
[13.285s] -- Installing: /home/manideep/FrankaSimulator_Ws/src/install/ros2_data/lib/python3.10/site-packages/ros2_data/action/_move_xyzw.py
[13.285s] -- Installing: /home/manideep/FrankaSimulator_Ws/src/install/ros2_data/lib/python3.10/site-packages/ros2_data/action/_move_g.py
[13.285s] -- Installing: /home/manideep/FrankaSimulator_Ws/src/install/ros2_data/lib/python3.10/site-packages/ros2_data/action/_move_rp_s.c
[13.361s] Listing '/home/manideep/FrankaSimulator_Ws/src/install/ros2_data/lib/python3.10/site-packages/ros2_data'...
[13.361s] Compiling '/home/manideep/FrankaSimulator_Ws/src/install/ros2_data/lib/python3.10/site-packages/ros2_data/__init__.py'...
[13.361s] Listing '/home/manideep/FrankaSimulator_Ws/src/install/ros2_data/lib/python3.10/site-packages/ros2_data/action'...
[13.361s] Compiling '/home/manideep/FrankaSimulator_Ws/src/install/ros2_data/lib/python3.10/site-packages/ros2_data/action/__init__.py'...
[13.361s] Compiling '/home/manideep/FrankaSimulator_Ws/src/install/ros2_data/lib/python3.10/site-packages/ros2_data/action/_attacher.py'...
[13.361s] Compiling '/home/manideep/FrankaSimulator_Ws/src/install/ros2_data/lib/python3.10/site-packages/ros2_data/action/_move_g.py'...
[13.361s] Compiling '/home/manideep/FrankaSimulator_Ws/src/install/ros2_data/lib/python3.10/site-packages/ros2_data/action/_move_j.py'...
[13.361s] Compiling '/home/manideep/FrankaSimulator_Ws/src/install/ros2_data/lib/python3.10/site-packages/ros2_data/action/_move_js.py'...
[13.361s] Compiling '/home/manideep/FrankaSimulator_Ws/src/install/ros2_data/lib/python3.10/site-packages/ros2_data/action/_move_l.py'...
[13.361s] Compiling '/home/manideep/FrankaSimulator_Ws/src/install/ros2_data/lib/python3.10/site-packages/ros2_data/action/_move_r.py'...
[13.361s] Compiling '/home/manideep/FrankaSimulator_Ws/src/install/ros2_data/lib/python3.10/site-packages/ros2_data/action/_move_rot.py'...
[13.361s] Compiling '/home/manideep/FrankaSimulator_Ws/src/install/ros2_data/lib/python3.10/site-packages/ros2_data/action/_move_rp.py'...
[13.361s] Compiling '/home/manideep/FrankaSimulator_Ws/src/install/ros2_data/lib/python3.10/site-packages/ros2_data/action/_move_xyz.py'...
[13.361s] Compiling '/home/manideep/FrankaSimulator_Ws/src/install/ros2_data/lib/python3.10/site-packages/ros2_data/action/_move_xyzw.py'...
[13.361s] Compiling '/home/manideep/FrankaSimulator_Ws/src/install/ros2_data/lib/python3.10/site-packages/ros2_data/action/_move_ypr.py'...
[13.361s] Listing '/home/manideep/FrankaSimulator_Ws/src/install/ros2_data/lib/python3.10/site-packages/ros2_data/msg'...
[13.361s] Compiling '/home/manideep/FrankaSimulator_Ws/src/install/ros2_data/lib/python3.10/site-packages/ros2_data/msg/__init__.py'...
[13.361s] Compiling '/home/manideep/FrankaSimulator_Ws/src/install/ros2_data/lib/python3.10/site-packages/ros2_data/msg/_joint_pose.py'...
[13.361s] Compiling '/home/manideep/FrankaSimulator_Ws/src/install/ros2_data/lib/python3.10/site-packages/ros2_data/msg/_joint_pose_s.py'...
[13.365s] -- Installing: /home/manideep/FrankaSimulator_Ws/src/install/ros2_data/lib/python3.10/site-packages/ros2_data/ros2_data_s__rosidl_typesupport_fastrtps_c.cpython-310-x86_64-linux-gnu.so
[13.365s] -- Set runtime path of "/home/manideep/FrankaSimulator_Ws/src/install/ros2_data/lib/python3.10/site-packages/ros2_data/ros2_data_s__rosidl_typesupport_fastrtps_c.cpython-310-x86_64-linux-gnu.so" to ""
[13.365s] -- Installing: /home/manideep/FrankaSimulator_Ws/src/install/ros2_data/lib/python3.10/site-packages/ros2_data/ros2_data_s__rosidl_typesupport_introspection_c.cpython-310-x86_64-linux-gnu.so
[13.366s] -- Set runtime path of "/home/manideep/FrankaSimulator_Ws/src/install/ros2_data/lib/python3.10/site-packages/ros2_data/ros2_data_s__rosidl_typesupport_introspection_c.cpython-310-x86_64-linux-gnu.so" to ""
[13.366s] -- Installing: /home/manideep/FrankaSimulator_Ws/src/install/ros2_data/lib/python3.10/site-packages/ros2_data/ros2_data_s__rosidl_typesupport_c.cpython-310-x86_64-linux-gnu.so
[13.366s] -- Set runtime path of "/home/manideep/FrankaSimulator_Ws/src/install/ros2_data/lib/python3.10/site-packages/ros2_data/ros2_data_s__rosidl_typesupport_c.cpython-310-x86_64-linux-gnu.so" to ""
[13.366s] -- Installing: /home/manideep/FrankaSimulator_Ws/src/install/ros2_data/lib/libros2_data__rosidl_generator_py.so
[13.367s] -- Set runtime path of "/home/manideep/FrankaSimulator_Ws/src/install/ros2_data/lib/libros2_data__rosidl_generator_py.so" to ""
[13.367s] -- Installing: /home/manideep/FrankaSimulator_Ws/src/install/ros2_data/share/ros2_data/msg/JointPose.idl
[13.367s] -- Installing: /home/manideep/FrankaSimulator_Ws/src/install/ros2_data/share/ros2_data/msg/JointPoseS.idl
[13.367s] -- Installing: /home/manideep/FrankaSimulator_Ws/src/install/ros2_data/share/ros2_data/action/MoveJ.idl
[13.367s] -- Installing: /home/manideep/FrankaSimulator_Ws/src/install/ros2_data/share/ros2_data/action/MoveJs.idl
[13.367s] -- Installing: /home/manideep/FrankaSimulator_Ws/src/install/ros2_data/share/ros2_data/action/MoveG.idl
[13.367s] -- Installing: /home/manideep/FrankaSimulator_Ws/src/install/ros2_data/share/ros2_data/action/MoveXYZW.idl
[13.367s] -- Installing: /home/manideep/FrankaSimulator_Ws/src/install/ros2_data/share/ros2_data/action/MoveL.idl
[13.367s] -- Installing: /home/manideep/FrankaSimulator_Ws/src/install/ros2_data/share/ros2_data/action/MoveR.idl
[13.368s] -- Installing: /home/manideep/FrankaSimulator_Ws/src/install/ros2_data/share/ros2_data/action/MoveXYZ.idl
[13.368s] -- Installing: /home/manideep/FrankaSimulator_Ws/src/install/ros2_data/share/ros2_data/action/MoveYPR.idl
[13.368s] -- Installing: /home/manideep/FrankaSimulator_Ws/src/install/ros2_data/share/ros2_data/action/MoveROT.idl
[13.368s] -- Installing: /home/manideep/FrankaSimulator_Ws/src/install/ros2_data/share/ros2_data/action/MoveRP.idl
[13.368s] -- Installing: /home/manideep/FrankaSimulator_Ws/src/install/ros2_data/share/ros2_data/action/Attacher.idl
[13.368s] -- Installing: /home/manideep/FrankaSimulator_Ws/src/install/ros2_data/share/ros2_data/msg/JointPose.msg
[13.368s] -- Installing: /home/manideep/FrankaSimulator_Ws/src/install/ros2_data/share/ros2_data/msg/JointPoseS.msg
[13.368s] -- Installing: /home/manideep/FrankaSimulator_Ws/src/install/ros2_data/share/ros2_data/action/MoveJ.action
[13.368s] -- Installing: /home/manideep/FrankaSimulator_Ws/src/install/ros2_data/share/ros2_data/action/MoveJs.action
[13.368s] -- Installing: /home/manideep/FrankaSimulator_Ws/src/install/ros2_data/share/ros2_data/action/MoveG.action
[13.369s] -- Installing: /home/manideep/FrankaSimulator_Ws/src/install/ros2_data/share/ros2_data/action/MoveXYZW.action
[13.369s] -- Installing: /home/manideep/FrankaSimulator_Ws/src/install/ros2_data/share/ros2_data/action/MoveL.action
[13.369s] -- Installing: /home/manideep/FrankaSimulator_Ws/src/install/ros2_data/share/ros2_data/action/MoveR.action
[13.369s] -- Installing: /home/manideep/FrankaSimulator_Ws/src/install/ros2_data/share/ros2_data/action/MoveXYZ.action
[13.369s] -- Installing: /home/manideep/FrankaSimulator_Ws/src/install/ros2_data/share/ros2_data/action/MoveYPR.action
[13.369s] -- Installing: /home/manideep/FrankaSimulator_Ws/src/install/ros2_data/share/ros2_data/action/MoveROT.action
[13.369s] -- Installing: /home/manideep/FrankaSimulator_Ws/src/install/ros2_data/share/ros2_data/action/MoveRP.action
[13.369s] -- Installing: /home/manideep/FrankaSimulator_Ws/src/install/ros2_data/share/ros2_data/action/Attacher.action
[13.369s] -- Installing: /home/manideep/FrankaSimulator_Ws/src/install/ros2_data/share/ros2_data/urdf
[13.369s] -- Installing: /home/manideep/FrankaSimulator_Ws/src/install/ros2_data/share/ros2_data/urdf/box.urdf
[13.369s] -- Installing: /home/manideep/FrankaSimulator_Ws/src/install/ros2_data/lib/ros2_data/attacher_action.py
[13.369s] -- Installing: /home/manideep/FrankaSimulator_Ws/src/install/ros2_data/lib/ros2_data/spawn_object.py
[13.369s] -- Installing: /home/manideep/FrankaSimulator_Ws/src/install/ros2_data/share/ament_index/resource_index/package_run_dependencies/ros2_data
[13.370s] -- Installing: /home/manideep/FrankaSimulator_Ws/src/install/ros2_data/share/ament_index/resource_index/parent_prefix_path/ros2_data
[13.370s] -- Installing: /home/manideep/FrankaSimulator_Ws/src/install/ros2_data/share/ros2_data/environment/ament_prefix_path.sh
[13.370s] -- Installing: /home/manideep/FrankaSimulator_Ws/src/install/ros2_data/share/ros2_data/environment/ament_prefix_path.dsv
[13.370s] -- Installing: /home/manideep/FrankaSimulator_Ws/src/install/ros2_data/share/ros2_data/environment/path.sh
[13.370s] -- Installing: /home/manideep/FrankaSimulator_Ws/src/install/ros2_data/share/ros2_data/environment/path.dsv
[13.370s] -- Installing: /home/manideep/FrankaSimulator_Ws/src/install/ros2_data/share/ros2_data/local_setup.bash
[13.370s] -- Installing: /home/manideep/FrankaSimulator_Ws/src/install/ros2_data/share/ros2_data/local_setup.sh
[13.370s] -- Installing: /home/manideep/FrankaSimulator_Ws/src/install/ros2_data/share/ros2_data/local_setup.zsh
[13.370s] -- Installing: /home/manideep/FrankaSimulator_Ws/src/install/ros2_data/share/ros2_data/local_setup.dsv
[13.370s] -- Installing: /home/manideep/FrankaSimulator_Ws/src/install/ros2_data/share/ros2_data/package.dsv
[13.370s] -- Installing: /home/manideep/FrankaSimulator_Ws/src/install/ros2_data/share/ament_index/resource_index/packages/ros2_data
[13.370s] -- Installing: /home/manideep/FrankaSimulator_Ws/src/install/ros2_data/share/ros2_data/cmake/export_ros2_data__rosidl_generator_cExport.cmake
[13.370s] -- Installing: /home/manideep/FrankaSimulator_Ws/src/install/ros2_data/share/ros2_data/cmake/export_ros2_data__rosidl_generator_cExport-noconfig.cmake
[13.370s] -- Installing: /home/manideep/FrankaSimulator_Ws/src/install/ros2_data/share/ros2_data/cmake/export_ros2_data__rosidl_typesupport_fastrtps_cExport.cmake
[13.371s] -- Installing: /home/manideep/FrankaSimulator_Ws/src/install/ros2_data/share/ros2_data/cmake/export_ros2_data__rosidl_typesupport_fastrtps_cExport-noconfig.cmake
[13.371s] -- Installing: /home/manideep/FrankaSimulator_Ws/src/install/ros2_data/share/ros2_data/cmake/ros2_data__rosidl_typesupport_introspection_cExport.cmake
[13.371s] -- Installing: /home/manideep/FrankaSimulator_Ws/src/install/ros2_data/share/ros2_data/cmake/ros2_data__rosidl_typesupport_introspection_cExport-noconfig.cmake
[13.371s] -- Installing: /home/manideep/FrankaSimulator_Ws/src/install/ros2_data/share/ros2_data/cmake/ros2_data__rosidl_typesupport_cExport.cmake
[13.371s] -- Installing: /home/manideep/FrankaSimulator_Ws/src/install/ros2_data/share/ros2_data/cmake/ros2_data__rosidl_typesupport_cExport-noconfig.cmake
[13.371s] -- Installing: /home/manideep/FrankaSimulator_Ws/src/install/ros2_data/share/ros2_data/cmake/export_ros2_data__rosidl_generator_cppExport.cmake
[13.371s] -- Installing: /home/manideep/FrankaSimulator_Ws/src/install/ros2_data/share/ros2_data/cmake/export_ros2_data__rosidl_typesupport_fastrtps_cppExport.cmake
[13.371s] -- Installing: /home/manideep/FrankaSimulator_Ws/src/install/ros2_data/share/ros2_data/cmake/export_ros2_data__rosidl_typesupport_fastrtps_cppExport-noconfig.cmake
[13.371s] -- Installing: /home/manideep/FrankaSimulator_Ws/src/install/ros2_data/share/ros2_data/cmake/ros2_data__rosidl_typesupport_introspection_cppExport.cmake
[13.371s] -- Installing: /home/manideep/FrankaSimulator_Ws/src/install/ros2_data/share/ros2_data/cmake/ros2_data__rosidl_typesupport_introspection_cppExport-noconfig.cmake
[13.371s] -- Installing: /home/manideep/FrankaSimulator_Ws/src/install/ros2_data/share/ros2_data/cmake/ros2_data__rosidl_typesupport_cppExport.cmake
[13.371s] -- Installing: /home/manideep/FrankaSimulator_Ws/src/install/ros2_data/share/ros2_data/cmake/ros2_data__rosidl_typesupport_cppExport-noconfig.cmake
[13.371s] -- Installing: /home/manideep/FrankaSimulator_Ws/src/install/ros2_data/share/ros2_data/cmake/export_ros2_data__rosidl_generator_pyExport.cmake
[13.371s] -- Installing: /home/manideep/FrankaSimulator_Ws/src/install/ros2_data/share/ros2_data/cmake/export_ros2_data__rosidl_generator_pyExport-noconfig.cmake
[13.372s] -- Installing: /home/manideep/FrankaSimulator_Ws/src/install/ros2_data/share/ros2_data/cmake/rosidl_cmake-extras.cmake
[13.372s] -- Installing: /home/manideep/FrankaSimulator_Ws/src/install/ros2_data/share/ros2_data/cmake/ament_cmake_export_dependencies-extras.cmake
[13.372s] -- Installing: /home/manideep/FrankaSimulator_Ws/src/install/ros2_data/share/ros2_data/cmake/ament_cmake_export_include_directories-extras.cmake
[13.372s] -- Installing: /home/manideep/FrankaSimulator_Ws/src/install/ros2_data/share/ros2_data/cmake/ament_cmake_export_libraries-extras.cmake
[13.372s] -- Installing: /home/manideep/FrankaSimulator_Ws/src/install/ros2_data/share/ros2_data/cmake/ament_cmake_export_targets-extras.cmake
[13.372s] -- Installing: /home/manideep/FrankaSimulator_Ws/src/install/ros2_data/share/ros2_data/cmake/rosidl_cmake_export_typesupport_targets-extras.cmake
[13.372s] -- Installing: /home/manideep/FrankaSimulator_Ws/src/install/ros2_data/share/ros2_data/cmake/rosidl_cmake_export_typesupport_libraries-extras.cmake
[13.372s] -- Installing: /home/manideep/FrankaSimulator_Ws/src/install/ros2_data/share/ros2_data/cmake/ros2_dataConfig.cmake
[13.372s] -- Installing: /home/manideep/FrankaSimulator_Ws/src/install/ros2_data/share/ros2_data/cmake/ros2_dataConfig-version.cmake
[13.372s] -- Installing: /home/manideep/FrankaSimulator_Ws/src/install/ros2_data/share/ros2_data/package.xml
[13.375s] Invoked command in '/home/manideep/FrankaSimulator_Ws/src/build/ros2_data' returned '0': CMAKE_PREFIX_PATH=${CMAKE_PREFIX_PATH}:/home/manideep/FrankaSimulator_Ws/install/teleop_keyboard_pkg:/home/manideep/ws_moveit2/install/moveit_configs_utils:/home/manideep/ws_moveit2/install/launch_param_builder:/opt/ros/humble /usr/bin/cmake --install /home/manideep/FrankaSimulator_Ws/src/build/ros2_data
