[35m[1mConsolidate compiler generated dependencies of target moveL_action[0m
[35m[1mConsolidate compiler generated dependencies of target moveR_action[0m
[35m[1mConsolidate compiler generated dependencies of target moveG_action[0m
[35m[1mConsolidate compiler generated dependencies of target moveRs_action[0m
[35m[1mConsolidate compiler generated dependencies of target moveXYZW_action[0m
[35m[1mConsolidate compiler generated dependencies of target moveJ_action[0m
[35m[1mConsolidate compiler generated dependencies of target moveRP_action[0m
[35m[1mConsolidate compiler generated dependencies of target moveJs_action[0m
[35m[1mConsolidate compiler generated dependencies of target moveROT_action[0m
[35m[1mConsolidate compiler generated dependencies of target moveXYZ_action[0m
[35m[1mConsolidate compiler generated dependencies of target moveYPR_action[0m
[  9%] Built target moveXYZW_action
[ 18%] Built target moveL_action
[ 27%] Built target moveR_action
[ 36%] Built target moveRs_action
[ 45%] Built target moveG_action
[ 54%] Built target moveROT_action
[ 63%] Built target moveRP_action
[ 72%] Built target moveJ_action
[ 81%] Built target moveJs_action
[ 90%] Built target moveYPR_action
[100%] Built target moveXYZ_action
-- Install configuration: ""
-- Up-to-date: /home/manideep/FrankaSimulator_Ws/install/ros2_actions/lib/ros2_actions/moveJ_action
-- Up-to-date: /home/manideep/FrankaSimulator_Ws/install/ros2_actions/lib/ros2_actions/moveJs_action
-- Up-to-date: /home/manideep/FrankaSimulator_Ws/install/ros2_actions/lib/ros2_actions/moveG_action
-- Up-to-date: /home/manideep/FrankaSimulator_Ws/install/ros2_actions/lib/ros2_actions/moveXYZW_action
-- Up-to-date: /home/manideep/FrankaSimulator_Ws/install/ros2_actions/lib/ros2_actions/moveL_action
-- Up-to-date: /home/manideep/FrankaSimulator_Ws/install/ros2_actions/lib/ros2_actions/moveR_action
-- Up-to-date: /home/manideep/FrankaSimulator_Ws/install/ros2_actions/lib/ros2_actions/moveRs_action
-- Up-to-date: /home/manideep/FrankaSimulator_Ws/install/ros2_actions/lib/ros2_actions/moveXYZ_action
-- Up-to-date: /home/manideep/FrankaSimulator_Ws/install/ros2_actions/lib/ros2_actions/moveYPR_action
-- Up-to-date: /home/manideep/FrankaSimulator_Ws/install/ros2_actions/lib/ros2_actions/moveROT_action
-- Up-to-date: /home/manideep/FrankaSimulator_Ws/install/ros2_actions/lib/ros2_actions/moveRP_action
-- Up-to-date: /home/manideep/FrankaSimulator_Ws/install/ros2_actions/share/ament_index/resource_index/package_run_dependencies/ros2_actions
-- Up-to-date: /home/manideep/FrankaSimulator_Ws/install/ros2_actions/share/ament_index/resource_index/parent_prefix_path/ros2_actions
-- Up-to-date: /home/manideep/FrankaSimulator_Ws/install/ros2_actions/share/ros2_actions/environment/ament_prefix_path.sh
-- Up-to-date: /home/manideep/FrankaSimulator_Ws/install/ros2_actions/share/ros2_actions/environment/ament_prefix_path.dsv
-- Up-to-date: /home/manideep/FrankaSimulator_Ws/install/ros2_actions/share/ros2_actions/environment/path.sh
-- Up-to-date: /home/manideep/FrankaSimulator_Ws/install/ros2_actions/share/ros2_actions/environment/path.dsv
-- Up-to-date: /home/manideep/FrankaSimulator_Ws/install/ros2_actions/share/ros2_actions/local_setup.bash
-- Up-to-date: /home/manideep/FrankaSimulator_Ws/install/ros2_actions/share/ros2_actions/local_setup.sh
-- Up-to-date: /home/manideep/FrankaSimulator_Ws/install/ros2_actions/share/ros2_actions/local_setup.zsh
-- Up-to-date: /home/manideep/FrankaSimulator_Ws/install/ros2_actions/share/ros2_actions/local_setup.dsv
-- Installing: /home/manideep/FrankaSimulator_Ws/install/ros2_actions/share/ros2_actions/package.dsv
-- Up-to-date: /home/manideep/FrankaSimulator_Ws/install/ros2_actions/share/ament_index/resource_index/packages/ros2_actions
-- Up-to-date: /home/manideep/FrankaSimulator_Ws/install/ros2_actions/share/ros2_actions/cmake/ros2_actionsConfig.cmake
-- Up-to-date: /home/manideep/FrankaSimulator_Ws/install/ros2_actions/share/ros2_actions/cmake/ros2_actionsConfig-version.cmake
-- Up-to-date: /home/manideep/FrankaSimulator_Ws/install/ros2_actions/share/ros2_actions/package.xml
