[0.016s] Invoking command in '/home/manideep/FrankaSimulator_Ws/build/ros2_data': CMAKE_PREFIX_PATH=${CMAKE_PREFIX_PATH}:/home/manideep/ws_moveit2/install/moveit_configs_utils:/home/manideep/ws_moveit2/install/launch_param_builder:/opt/ros/humble /usr/bin/cmake /home/manideep/FrankaSimulator_Ws/src/ros2_data -DCMAKE_INSTALL_PREFIX=/home/manideep/FrankaSimulator_Ws/install/ros2_data
[0.090s] -- The C compiler identification is GNU 11.4.0
[0.168s] -- The CXX compiler identification is GNU 11.4.0
[0.175s] -- Detecting C compiler ABI info
[0.237s] -- Detecting C compiler ABI info - done
[0.243s] -- Check for working C compiler: /usr/bin/cc - skipped
[0.244s] -- Detecting C compile features
[0.245s] -- Detecting C compile features - done
[0.247s] -- Detecting CXX compiler ABI info
[0.314s] -- Detecting CXX compiler ABI info - done
[0.324s] -- Check for working CXX compiler: /usr/bin/c++ - skipped
[0.324s] -- Detecting CXX compile features
[0.324s] -- Detecting CXX compile features - done
[0.330s] -- Found ament_cmake: 1.3.10 (/opt/ros/humble/share/ament_cmake/cmake)
[0.437s] -- Found Python3: /home/manideep/bin/python3 (found version "3.10.12") found components: Interpreter 
[0.531s] -- Found rosidl_default_generators: 1.2.0 (/opt/ros/humble/share/rosidl_default_generators/cmake)
[0.542s] -- Using all available rosidl_typesupport_c: rosidl_typesupport_fastrtps_c;rosidl_typesupport_introspection_c
[0.555s] -- Found rosidl_adapter: 3.1.5 (/opt/ros/humble/share/rosidl_adapter/cmake)
[0.610s] -- Using all available rosidl_typesupport_cpp: rosidl_typesupport_fastrtps_cpp;rosidl_typesupport_introspection_cpp
[0.942s] -- Found ament_cmake_ros: 0.10.0 (/opt/ros/humble/share/ament_cmake_ros/cmake)
[1.081s] -- Using all available rosidl_typesupport_c: rosidl_typesupport_fastrtps_c;rosidl_typesupport_introspection_c
[1.269s] -- Using all available rosidl_typesupport_cpp: rosidl_typesupport_fastrtps_cpp;rosidl_typesupport_introspection_cpp
[1.288s] -- Found PythonInterp: /home/manideep/bin/python3 (found suitable version "3.10.12", minimum required is "3.6") 
[1.292s] -- Found python_cmake_module: 0.10.0 (/opt/ros/humble/share/python_cmake_module/cmake)
[1.320s] -- Found PythonLibs: /usr/lib/x86_64-linux-gnu/libpython3.10.so (found suitable version "3.10.12", minimum required is "3.5") 
[1.320s] -- Using PYTHON_EXECUTABLE: /home/manideep/bin/python3
[1.320s] -- Using PYTHON_INCLUDE_DIRS: /usr/include/python3.10
[1.321s] -- Using PYTHON_LIBRARIES: /usr/lib/x86_64-linux-gnu/libpython3.10.so
[1.334s] -- Found PythonExtra: .so  
[1.401s] -- Found ament_lint_auto: 0.12.11 (/opt/ros/humble/share/ament_lint_auto/cmake)
[1.436s] -- Added test 'copyright' to check source files copyright and LICENSE
[1.437s] -- Added test 'flake8' to check Python code syntax and style conventions
[1.438s] -- Added test 'lint_cmake' to check CMake code style
[1.439s] -- Added test 'pep257' to check Python code against some of the docstring style conventions in PEP 257
[1.440s] -- Added test 'xmllint' to check XML markup files
[1.442s] -- Configuring done
[1.471s] -- Generating done
[1.480s] -- Build files have been written to: /home/manideep/FrankaSimulator_Ws/build/ros2_data
[1.485s] Invoked command in '/home/manideep/FrankaSimulator_Ws/build/ros2_data' returned '0': CMAKE_PREFIX_PATH=${CMAKE_PREFIX_PATH}:/home/manideep/ws_moveit2/install/moveit_configs_utils:/home/manideep/ws_moveit2/install/launch_param_builder:/opt/ros/humble /usr/bin/cmake /home/manideep/FrankaSimulator_Ws/src/ros2_data -DCMAKE_INSTALL_PREFIX=/home/manideep/FrankaSimulator_Ws/install/ros2_data
[1.485s] Invoking command in '/home/manideep/FrankaSimulator_Ws/build/ros2_data': CMAKE_PREFIX_PATH=${CMAKE_PREFIX_PATH}:/home/manideep/ws_moveit2/install/moveit_configs_utils:/home/manideep/ws_moveit2/install/launch_param_builder:/opt/ros/humble /usr/bin/cmake --build /home/manideep/FrankaSimulator_Ws/build/ros2_data -- -j16 -l16
[1.526s] [  1%] [34m[1mGenerating C code for ROS interfaces[0m
[1.529s] [  1%] [34m[1mGenerating C++ code for ROS interfaces[0m
[1.536s] [  1%] Built target ament_cmake_python_copy_ros2_data
[1.683s] running egg_info
[1.683s] creating ros2_data.egg-info
[1.683s] writing ros2_data.egg-info/PKG-INFO
[1.684s] writing dependency_links to ros2_data.egg-info/dependency_links.txt
[1.684s] writing top-level names to ros2_data.egg-info/top_level.txt
[1.684s] writing manifest file 'ros2_data.egg-info/SOURCES.txt'
[1.685s] reading manifest file 'ros2_data.egg-info/SOURCES.txt'
[1.685s] writing manifest file 'ros2_data.egg-info/SOURCES.txt'
[1.707s] [  1%] Built target ament_cmake_python_build_ros2_data_egg
[3.149s] [  1%] Built target ros2_data__cpp
[3.163s] [  2%] [34m[1mGenerating C++ type support for eProsima Fast-RTPS[0m
[3.163s] [  2%] [34m[1mGenerating C++ introspection for ROS interfaces[0m
[3.164s] [  3%] [34m[1mGenerating C++ type support dispatch for ROS interfaces[0m
[3.235s] [  5%] [32mBuilding C object CMakeFiles/ros2_data__rosidl_generator_c.dir/rosidl_generator_c/ros2_data/action/detail/move_r__functions.c.o[0m
[3.235s] [  5%] [32mBuilding C object CMakeFiles/ros2_data__rosidl_generator_c.dir/rosidl_generator_c/ros2_data/action/detail/move_xyz__functions.c.o[0m
[3.236s] [  7%] [32mBuilding C object CMakeFiles/ros2_data__rosidl_generator_c.dir/rosidl_generator_c/ros2_data/msg/detail/joint_pose__functions.c.o[0m
[3.236s] [  7%] [32mBuilding C object CMakeFiles/ros2_data__rosidl_generator_c.dir/rosidl_generator_c/ros2_data/action/detail/move_g__functions.c.o[0m
[3.236s] [  8%] [32mBuilding C object CMakeFiles/ros2_data__rosidl_generator_c.dir/rosidl_generator_c/ros2_data/action/detail/move_j__functions.c.o[0m
[3.236s] [  9%] [32mBuilding C object CMakeFiles/ros2_data__rosidl_generator_c.dir/rosidl_generator_c/ros2_data/action/detail/move_ypr__functions.c.o[0m
[3.236s] [ 10%] [32mBuilding C object CMakeFiles/ros2_data__rosidl_generator_c.dir/rosidl_generator_c/ros2_data/action/detail/move_xyzw__functions.c.o[0m
[3.236s] [ 10%] [32mBuilding C object CMakeFiles/ros2_data__rosidl_generator_c.dir/rosidl_generator_c/ros2_data/action/detail/move_rp__functions.c.o[0m
[3.237s] [ 11%] [32mBuilding C object CMakeFiles/ros2_data__rosidl_generator_c.dir/rosidl_generator_c/ros2_data/action/detail/move_rot__functions.c.o[0m
[3.237s] [ 12%] [32mBuilding C object CMakeFiles/ros2_data__rosidl_generator_c.dir/rosidl_generator_c/ros2_data/action/detail/move_js__functions.c.o[0m
[3.237s] [ 12%] [32mBuilding C object CMakeFiles/ros2_data__rosidl_generator_c.dir/rosidl_generator_c/ros2_data/msg/detail/joint_pose_s__functions.c.o[0m
[3.240s] [ 12%] [32mBuilding C object CMakeFiles/ros2_data__rosidl_generator_c.dir/rosidl_generator_c/ros2_data/action/detail/move_l__functions.c.o[0m
[3.246s] [ 13%] [32mBuilding C object CMakeFiles/ros2_data__rosidl_generator_c.dir/rosidl_generator_c/ros2_data/action/detail/attacher__functions.c.o[0m
[3.409s] [ 14%] [32m[1mLinking C shared library libros2_data__rosidl_generator_c.so[0m
[3.449s] [ 14%] Built target ros2_data__rosidl_generator_c
[3.460s] [ 15%] [34m[1mGenerating C type support for eProsima Fast-RTPS[0m
[3.461s] [ 16%] [34m[1mGenerating C introspection for ROS interfaces[0m
[3.463s] [ 17%] [34m[1mGenerating C type support dispatch for ROS interfaces[0m
[4.008s] [ 20%] [32mBuilding CXX object CMakeFiles/ros2_data__rosidl_typesupport_cpp.dir/rosidl_typesupport_cpp/ros2_data/action/move_l__type_support.cpp.o[0m
[4.008s] [ 20%] [32mBuilding CXX object CMakeFiles/ros2_data__rosidl_typesupport_cpp.dir/rosidl_typesupport_cpp/ros2_data/action/move_g__type_support.cpp.o[0m
[4.008s] [ 20%] [32mBuilding CXX object CMakeFiles/ros2_data__rosidl_typesupport_cpp.dir/rosidl_typesupport_cpp/ros2_data/action/move_js__type_support.cpp.o[0m
[4.008s] [ 20%] [32mBuilding CXX object CMakeFiles/ros2_data__rosidl_typesupport_cpp.dir/rosidl_typesupport_cpp/ros2_data/action/move_r__type_support.cpp.o[0m
[4.009s] [ 21%] [32mBuilding CXX object CMakeFiles/ros2_data__rosidl_typesupport_cpp.dir/rosidl_typesupport_cpp/ros2_data/action/move_xyzw__type_support.cpp.o[0m
[4.009s] [ 21%] [32mBuilding CXX object CMakeFiles/ros2_data__rosidl_typesupport_cpp.dir/rosidl_typesupport_cpp/ros2_data/action/move_j__type_support.cpp.o[0m
[4.009s] [ 22%] [32mBuilding CXX object CMakeFiles/ros2_data__rosidl_typesupport_cpp.dir/rosidl_typesupport_cpp/ros2_data/action/move_xyz__type_support.cpp.o[0m
[4.013s] [ 23%] [32mBuilding CXX object CMakeFiles/ros2_data__rosidl_typesupport_cpp.dir/rosidl_typesupport_cpp/ros2_data/action/move_rot__type_support.cpp.o[0m
[4.013s] [ 24%] [32mBuilding CXX object CMakeFiles/ros2_data__rosidl_typesupport_cpp.dir/rosidl_typesupport_cpp/ros2_data/msg/joint_pose_s__type_support.cpp.o[0m
[4.015s] [ 26%] [32mBuilding CXX object CMakeFiles/ros2_data__rosidl_typesupport_cpp.dir/rosidl_typesupport_cpp/ros2_data/msg/joint_pose__type_support.cpp.o[0m
[4.017s] [ 26%] [32mBuilding CXX object CMakeFiles/ros2_data__rosidl_typesupport_cpp.dir/rosidl_typesupport_cpp/ros2_data/action/move_ypr__type_support.cpp.o[0m
[4.380s] [ 26%] [32mBuilding CXX object CMakeFiles/ros2_data__rosidl_typesupport_cpp.dir/rosidl_typesupport_cpp/ros2_data/action/attacher__type_support.cpp.o[0m
[4.386s] [ 27%] [32mBuilding CXX object CMakeFiles/ros2_data__rosidl_typesupport_cpp.dir/rosidl_typesupport_cpp/ros2_data/action/move_rp__type_support.cpp.o[0m
[4.604s] [ 28%] [32mBuilding CXX object CMakeFiles/ros2_data__rosidl_typesupport_c.dir/rosidl_typesupport_c/ros2_data/msg/joint_pose_s__type_support.cpp.o[0m
[4.604s] [ 28%] [32mBuilding CXX object CMakeFiles/ros2_data__rosidl_typesupport_c.dir/rosidl_typesupport_c/ros2_data/msg/joint_pose__type_support.cpp.o[0m
[4.606s] [ 29%] [32mBuilding CXX object CMakeFiles/ros2_data__rosidl_typesupport_c.dir/rosidl_typesupport_c/ros2_data/action/move_g__type_support.cpp.o[0m
[4.606s] [ 29%] [32mBuilding CXX object CMakeFiles/ros2_data__rosidl_typesupport_c.dir/rosidl_typesupport_c/ros2_data/action/move_xyzw__type_support.cpp.o[0m
[4.606s] [ 30%] [32mBuilding CXX object CMakeFiles/ros2_data__rosidl_typesupport_c.dir/rosidl_typesupport_c/ros2_data/action/move_j__type_support.cpp.o[0m
[4.607s] [ 31%] [32mBuilding CXX object CMakeFiles/ros2_data__rosidl_typesupport_c.dir/rosidl_typesupport_c/ros2_data/action/move_js__type_support.cpp.o[0m
[4.628s] [ 32%] [32mBuilding CXX object CMakeFiles/ros2_data__rosidl_typesupport_c.dir/rosidl_typesupport_c/ros2_data/action/move_l__type_support.cpp.o[0m
[4.638s] [ 33%] [32mBuilding CXX object CMakeFiles/ros2_data__rosidl_typesupport_c.dir/rosidl_typesupport_c/ros2_data/action/move_r__type_support.cpp.o[0m
[4.671s] [ 35%] [32mBuilding CXX object CMakeFiles/ros2_data__rosidl_typesupport_c.dir/rosidl_typesupport_c/ros2_data/action/move_ypr__type_support.cpp.o[0m
[4.671s] [ 35%] [32mBuilding CXX object CMakeFiles/ros2_data__rosidl_typesupport_c.dir/rosidl_typesupport_c/ros2_data/action/move_xyz__type_support.cpp.o[0m
[4.675s] [ 35%] [32mBuilding CXX object CMakeFiles/ros2_data__rosidl_typesupport_c.dir/rosidl_typesupport_c/ros2_data/action/move_rot__type_support.cpp.o[0m
[4.680s] [ 36%] [32mBuilding CXX object CMakeFiles/ros2_data__rosidl_typesupport_c.dir/rosidl_typesupport_c/ros2_data/action/move_rp__type_support.cpp.o[0m
[4.685s] [ 37%] [32mBuilding CXX object CMakeFiles/ros2_data__rosidl_typesupport_c.dir/rosidl_typesupport_c/ros2_data/action/attacher__type_support.cpp.o[0m
[4.755s] [ 38%] [32m[1mLinking CXX shared library libros2_data__rosidl_typesupport_c.so[0m
[4.760s] [ 39%] [32mBuilding CXX object CMakeFiles/ros2_data__rosidl_typesupport_introspection_cpp.dir/rosidl_typesupport_introspection_cpp/ros2_data/msg/detail/joint_pose__type_support.cpp.o[0m
[4.761s] [ 42%] [32mBuilding CXX object CMakeFiles/ros2_data__rosidl_typesupport_introspection_cpp.dir/rosidl_typesupport_introspection_cpp/ros2_data/action/detail/move_xyzw__type_support.cpp.o[0m
[4.761s] [ 41%] [32mBuilding CXX object CMakeFiles/ros2_data__rosidl_typesupport_introspection_cpp.dir/rosidl_typesupport_introspection_cpp/ros2_data/action/detail/move_js__type_support.cpp.o[0m
[4.762s] [ 42%] [32mBuilding CXX object CMakeFiles/ros2_data__rosidl_typesupport_introspection_cpp.dir/rosidl_typesupport_introspection_cpp/ros2_data/action/detail/move_j__type_support.cpp.o[0m
[4.762s] [ 42%] [32mBuilding CXX object CMakeFiles/ros2_data__rosidl_typesupport_introspection_cpp.dir/rosidl_typesupport_introspection_cpp/ros2_data/action/detail/move_ypr__type_support.cpp.o[0m
[4.762s] [ 44%] [32mBuilding CXX object CMakeFiles/ros2_data__rosidl_typesupport_introspection_cpp.dir/rosidl_typesupport_introspection_cpp/ros2_data/msg/detail/joint_pose_s__type_support.cpp.o[0m
[4.762s] [ 44%] [32mBuilding CXX object CMakeFiles/ros2_data__rosidl_typesupport_introspection_cpp.dir/rosidl_typesupport_introspection_cpp/ros2_data/action/detail/move_xyz__type_support.cpp.o[0m
[4.763s] [ 44%] [32mBuilding CXX object CMakeFiles/ros2_data__rosidl_typesupport_introspection_cpp.dir/rosidl_typesupport_introspection_cpp/ros2_data/action/detail/move_g__type_support.cpp.o[0m
[4.764s] [ 45%] [32mBuilding CXX object CMakeFiles/ros2_data__rosidl_typesupport_introspection_cpp.dir/rosidl_typesupport_introspection_cpp/ros2_data/action/detail/move_l__type_support.cpp.o[0m
[4.770s] [ 46%] [32mBuilding CXX object CMakeFiles/ros2_data__rosidl_typesupport_introspection_cpp.dir/rosidl_typesupport_introspection_cpp/ros2_data/action/detail/move_r__type_support.cpp.o[0m
[4.896s] [ 46%] Built target ros2_data__rosidl_typesupport_c
[4.921s] [ 47%] [32mBuilding CXX object CMakeFiles/ros2_data__rosidl_typesupport_introspection_cpp.dir/rosidl_typesupport_introspection_cpp/ros2_data/action/detail/move_rot__type_support.cpp.o[0m
[4.934s] [ 48%] [32mBuilding CXX object CMakeFiles/ros2_data__rosidl_typesupport_introspection_cpp.dir/rosidl_typesupport_introspection_cpp/ros2_data/action/detail/move_rp__type_support.cpp.o[0m
[5.061s] [ 49%] [32m[1mLinking CXX shared library libros2_data__rosidl_typesupport_cpp.so[0m
[5.224s] [ 49%] Built target ros2_data__rosidl_typesupport_cpp
[5.264s] [ 50%] [32mBuilding CXX object CMakeFiles/ros2_data__rosidl_typesupport_introspection_cpp.dir/rosidl_typesupport_introspection_cpp/ros2_data/action/detail/attacher__type_support.cpp.o[0m
[5.588s] [ 51%] [32mBuilding C object CMakeFiles/ros2_data__rosidl_typesupport_introspection_c.dir/rosidl_typesupport_introspection_c/ros2_data/action/detail/move_js__type_support.c.o[0m
[5.589s] [ 53%] [32mBuilding C object CMakeFiles/ros2_data__rosidl_typesupport_introspection_c.dir/rosidl_typesupport_introspection_c/ros2_data/msg/detail/joint_pose__type_support.c.o[0m
[5.589s] [ 53%] [32mBuilding C object CMakeFiles/ros2_data__rosidl_typesupport_introspection_c.dir/rosidl_typesupport_introspection_c/ros2_data/action/detail/move_xyzw__type_support.c.o[0m
[5.590s] [ 53%] [32mBuilding C object CMakeFiles/ros2_data__rosidl_typesupport_introspection_c.dir/rosidl_typesupport_introspection_c/ros2_data/action/detail/move_j__type_support.c.o[0m
[5.591s] [ 54%] [32mBuilding C object CMakeFiles/ros2_data__rosidl_typesupport_introspection_c.dir/rosidl_typesupport_introspection_c/ros2_data/msg/detail/joint_pose_s__type_support.c.o[0m
[5.592s] [ 55%] [32mBuilding C object CMakeFiles/ros2_data__rosidl_typesupport_introspection_c.dir/rosidl_typesupport_introspection_c/ros2_data/action/detail/move_g__type_support.c.o[0m
[5.596s] [ 56%] [32mBuilding C object CMakeFiles/ros2_data__rosidl_typesupport_introspection_c.dir/rosidl_typesupport_introspection_c/ros2_data/action/detail/move_l__type_support.c.o[0m
[5.606s] [ 56%] [32mBuilding C object CMakeFiles/ros2_data__rosidl_typesupport_introspection_c.dir/rosidl_typesupport_introspection_c/ros2_data/action/detail/move_r__type_support.c.o[0m
[5.620s] [ 57%] [32mBuilding C object CMakeFiles/ros2_data__rosidl_typesupport_introspection_c.dir/rosidl_typesupport_introspection_c/ros2_data/action/detail/move_ypr__type_support.c.o[0m
[5.627s] [ 58%] [32mBuilding C object CMakeFiles/ros2_data__rosidl_typesupport_introspection_c.dir/rosidl_typesupport_introspection_c/ros2_data/action/detail/move_xyz__type_support.c.o[0m
[5.648s] [ 59%] [32mBuilding C object CMakeFiles/ros2_data__rosidl_typesupport_introspection_c.dir/rosidl_typesupport_introspection_c/ros2_data/action/detail/move_rot__type_support.c.o[0m
[5.658s] [ 60%] [32mBuilding C object CMakeFiles/ros2_data__rosidl_typesupport_introspection_c.dir/rosidl_typesupport_introspection_c/ros2_data/action/detail/move_rp__type_support.c.o[0m
[5.659s] [ 60%] [32mBuilding C object CMakeFiles/ros2_data__rosidl_typesupport_introspection_c.dir/rosidl_typesupport_introspection_c/ros2_data/action/detail/attacher__type_support.c.o[0m
[5.719s] [ 61%] [32m[1mLinking C shared library libros2_data__rosidl_typesupport_introspection_c.so[0m
[5.729s] [ 63%] [32mBuilding CXX object CMakeFiles/ros2_data__rosidl_typesupport_fastrtps_cpp.dir/rosidl_typesupport_fastrtps_cpp/ros2_data/action/detail/dds_fastrtps/move_js__type_support.cpp.o[0m
[5.730s] [ 63%] [32mBuilding CXX object CMakeFiles/ros2_data__rosidl_typesupport_fastrtps_cpp.dir/rosidl_typesupport_fastrtps_cpp/ros2_data/action/detail/dds_fastrtps/move_j__type_support.cpp.o[0m
[5.730s] [ 63%] [32mBuilding CXX object CMakeFiles/ros2_data__rosidl_typesupport_fastrtps_cpp.dir/rosidl_typesupport_fastrtps_cpp/ros2_data/msg/detail/dds_fastrtps/joint_pose__type_support.cpp.o[0m
[5.730s] [ 64%] [32mBuilding CXX object CMakeFiles/ros2_data__rosidl_typesupport_fastrtps_cpp.dir/rosidl_typesupport_fastrtps_cpp/ros2_data/action/detail/dds_fastrtps/move_g__type_support.cpp.o[0m
[5.731s] [ 65%] [32mBuilding CXX object CMakeFiles/ros2_data__rosidl_typesupport_fastrtps_cpp.dir/rosidl_typesupport_fastrtps_cpp/ros2_data/action/detail/dds_fastrtps/move_xyz__type_support.cpp.o[0m
[5.731s] [ 65%] [32mBuilding CXX object CMakeFiles/ros2_data__rosidl_typesupport_fastrtps_cpp.dir/rosidl_typesupport_fastrtps_cpp/ros2_data/action/detail/dds_fastrtps/move_rot__type_support.cpp.o[0m
[5.731s] [ 66%] [32mBuilding CXX object CMakeFiles/ros2_data__rosidl_typesupport_fastrtps_cpp.dir/rosidl_typesupport_fastrtps_cpp/ros2_data/msg/detail/dds_fastrtps/joint_pose_s__type_support.cpp.o[0m
[5.731s] [ 67%] [32mBuilding CXX object CMakeFiles/ros2_data__rosidl_typesupport_fastrtps_cpp.dir/rosidl_typesupport_fastrtps_cpp/ros2_data/action/detail/dds_fastrtps/move_r__type_support.cpp.o[0m
[5.735s] [ 68%] [32mBuilding CXX object CMakeFiles/ros2_data__rosidl_typesupport_fastrtps_cpp.dir/rosidl_typesupport_fastrtps_cpp/ros2_data/action/detail/dds_fastrtps/move_ypr__type_support.cpp.o[0m
[5.737s] [ 69%] [32mBuilding CXX object CMakeFiles/ros2_data__rosidl_typesupport_fastrtps_cpp.dir/rosidl_typesupport_fastrtps_cpp/ros2_data/action/detail/dds_fastrtps/move_l__type_support.cpp.o[0m
[5.740s] [ 70%] [32mBuilding CXX object CMakeFiles/ros2_data__rosidl_typesupport_fastrtps_cpp.dir/rosidl_typesupport_fastrtps_cpp/ros2_data/action/detail/dds_fastrtps/move_rp__type_support.cpp.o[0m
[5.743s] [ 71%] [32mBuilding CXX object CMakeFiles/ros2_data__rosidl_typesupport_fastrtps_c.dir/rosidl_typesupport_fastrtps_c/ros2_data/msg/detail/joint_pose__type_support_c.cpp.o[0m
[5.744s] [ 72%] [32mBuilding CXX object CMakeFiles/ros2_data__rosidl_typesupport_fastrtps_cpp.dir/rosidl_typesupport_fastrtps_cpp/ros2_data/action/detail/dds_fastrtps/move_xyzw__type_support.cpp.o[0m
[5.789s] [ 72%] Built target ros2_data__rosidl_typesupport_introspection_c
[5.801s] [ 73%] [32mBuilding CXX object CMakeFiles/ros2_data__rosidl_typesupport_fastrtps_cpp.dir/rosidl_typesupport_fastrtps_cpp/ros2_data/action/detail/dds_fastrtps/attacher__type_support.cpp.o[0m
[5.807s] [ 73%] [32mBuilding CXX object CMakeFiles/ros2_data__rosidl_typesupport_fastrtps_c.dir/rosidl_typesupport_fastrtps_c/ros2_data/msg/detail/joint_pose_s__type_support_c.cpp.o[0m
[5.987s] [ 74%] [32m[1mLinking CXX shared library libros2_data__rosidl_typesupport_introspection_cpp.so[0m
[6.268s] [ 75%] [32mBuilding CXX object CMakeFiles/ros2_data__rosidl_typesupport_fastrtps_c.dir/rosidl_typesupport_fastrtps_c/ros2_data/action/detail/move_js__type_support_c.cpp.o[0m
[6.269s] [ 76%] [32mBuilding CXX object CMakeFiles/ros2_data__rosidl_typesupport_fastrtps_c.dir/rosidl_typesupport_fastrtps_c/ros2_data/action/detail/move_j__type_support_c.cpp.o[0m
[6.275s] [ 77%] [32mBuilding CXX object CMakeFiles/ros2_data__rosidl_typesupport_fastrtps_c.dir/rosidl_typesupport_fastrtps_c/ros2_data/action/detail/move_g__type_support_c.cpp.o[0m
[6.297s] [ 77%] Built target ros2_data__rosidl_typesupport_introspection_cpp
[6.315s] [ 78%] [32mBuilding CXX object CMakeFiles/ros2_data__rosidl_typesupport_fastrtps_c.dir/rosidl_typesupport_fastrtps_c/ros2_data/action/detail/move_xyzw__type_support_c.cpp.o[0m
[6.330s] [ 78%] [32mBuilding CXX object CMakeFiles/ros2_data__rosidl_typesupport_fastrtps_c.dir/rosidl_typesupport_fastrtps_c/ros2_data/action/detail/move_l__type_support_c.cpp.o[0m
[6.478s] [ 79%] [32mBuilding CXX object CMakeFiles/ros2_data__rosidl_typesupport_fastrtps_c.dir/rosidl_typesupport_fastrtps_c/ros2_data/action/detail/move_r__type_support_c.cpp.o[0m
[6.489s] [ 80%] [32mBuilding CXX object CMakeFiles/ros2_data__rosidl_typesupport_fastrtps_c.dir/rosidl_typesupport_fastrtps_c/ros2_data/action/detail/move_xyz__type_support_c.cpp.o[0m
[6.521s] [ 81%] [32mBuilding CXX object CMakeFiles/ros2_data__rosidl_typesupport_fastrtps_c.dir/rosidl_typesupport_fastrtps_c/ros2_data/action/detail/move_ypr__type_support_c.cpp.o[0m
[6.531s] [ 82%] [32mBuilding CXX object CMakeFiles/ros2_data__rosidl_typesupport_fastrtps_c.dir/rosidl_typesupport_fastrtps_c/ros2_data/action/detail/move_rot__type_support_c.cpp.o[0m
[6.543s] [ 82%] [32mBuilding CXX object CMakeFiles/ros2_data__rosidl_typesupport_fastrtps_c.dir/rosidl_typesupport_fastrtps_c/ros2_data/action/detail/move_rp__type_support_c.cpp.o[0m
[6.546s] [ 83%] [32mBuilding CXX object CMakeFiles/ros2_data__rosidl_typesupport_fastrtps_c.dir/rosidl_typesupport_fastrtps_c/ros2_data/action/detail/attacher__type_support_c.cpp.o[0m
[6.707s] [ 83%] [32m[1mLinking CXX shared library libros2_data__rosidl_typesupport_fastrtps_cpp.so[0m
[6.841s] [ 83%] Built target ros2_data__rosidl_typesupport_fastrtps_cpp
[6.964s] [ 84%] [32m[1mLinking CXX shared library libros2_data__rosidl_typesupport_fastrtps_c.so[0m
[7.031s] [ 84%] Built target ros2_data__rosidl_typesupport_fastrtps_c
[7.055s] [ 84%] Built target ros2_data
[7.083s] [ 85%] [34m[1mGenerating Python code for ROS interfaces[0m
[10.526s] [ 85%] Built target ros2_data__py
[10.554s] [ 86%] [32mBuilding C object CMakeFiles/ros2_data__rosidl_generator_py.dir/rosidl_generator_py/ros2_data/action/_move_r_s.c.o[0m
[10.555s] [ 89%] [32mBuilding C object CMakeFiles/ros2_data__rosidl_generator_py.dir/rosidl_generator_py/ros2_data/action/_move_g_s.c.o[0m
[10.555s] [ 89%] [32mBuilding C object CMakeFiles/ros2_data__rosidl_generator_py.dir/rosidl_generator_py/ros2_data/action/_move_js_s.c.o[0m
[10.555s] [ 89%] [32mBuilding C object CMakeFiles/ros2_data__rosidl_generator_py.dir/rosidl_generator_py/ros2_data/action/_move_xyzw_s.c.o[0m
[10.555s] [ 90%] [32mBuilding C object CMakeFiles/ros2_data__rosidl_generator_py.dir/rosidl_generator_py/ros2_data/action/_move_xyz_s.c.o[0m
[10.556s] [ 91%] [32mBuilding C object CMakeFiles/ros2_data__rosidl_generator_py.dir/rosidl_generator_py/ros2_data/action/_move_rot_s.c.o[0m
[10.556s] [ 93%] [32mBuilding C object CMakeFiles/ros2_data__rosidl_generator_py.dir/rosidl_generator_py/ros2_data/action/_attacher_s.c.o[0m
[10.556s] [ 93%] [32mBuilding C object CMakeFiles/ros2_data__rosidl_generator_py.dir/rosidl_generator_py/ros2_data/action/_move_rp_s.c.o[0m
[10.556s] [ 94%] [32mBuilding C object CMakeFiles/ros2_data__rosidl_generator_py.dir/rosidl_generator_py/ros2_data/action/_move_j_s.c.o[0m
[10.556s] [ 94%] [32mBuilding C object CMakeFiles/ros2_data__rosidl_generator_py.dir/rosidl_generator_py/ros2_data/action/_move_ypr_s.c.o[0m
[10.556s] [ 94%] [32mBuilding C object CMakeFiles/ros2_data__rosidl_generator_py.dir/rosidl_generator_py/ros2_data/msg/_joint_pose_s_s.c.o[0m
[10.556s] [ 95%] [32mBuilding C object CMakeFiles/ros2_data__rosidl_generator_py.dir/rosidl_generator_py/ros2_data/msg/_joint_pose_s.c.o[0m
[10.557s] [ 95%] [32mBuilding C object CMakeFiles/ros2_data__rosidl_generator_py.dir/rosidl_generator_py/ros2_data/action/_move_l_s.c.o[0m
[10.728s] [ 96%] [32m[1mLinking C shared library rosidl_generator_py/ros2_data/libros2_data__rosidl_generator_py.so[0m
[10.772s] [ 96%] Built target ros2_data__rosidl_generator_py
[10.795s] [ 98%] [32mBuilding C object CMakeFiles/ros2_data__rosidl_typesupport_c__pyext.dir/rosidl_generator_py/ros2_data/_ros2_data_s.ep.rosidl_typesupport_c.c.o[0m
[10.795s] [ 98%] [32mBuilding C object CMakeFiles/ros2_data__rosidl_typesupport_fastrtps_c__pyext.dir/rosidl_generator_py/ros2_data/_ros2_data_s.ep.rosidl_typesupport_fastrtps_c.c.o[0m
[10.796s] [ 99%] [32mBuilding C object CMakeFiles/ros2_data__rosidl_typesupport_introspection_c__pyext.dir/rosidl_generator_py/ros2_data/_ros2_data_s.ep.rosidl_typesupport_introspection_c.c.o[0m
[11.038s] [100%] [32m[1mLinking C shared library rosidl_generator_py/ros2_data/ros2_data_s__rosidl_typesupport_introspection_c.cpython-310-x86_64-linux-gnu.so[0m
[11.053s] [100%] [32m[1mLinking C shared library rosidl_generator_py/ros2_data/ros2_data_s__rosidl_typesupport_c.cpython-310-x86_64-linux-gnu.so[0m
[11.053s] [100%] [32m[1mLinking C shared library rosidl_generator_py/ros2_data/ros2_data_s__rosidl_typesupport_fastrtps_c.cpython-310-x86_64-linux-gnu.so[0m
[11.080s] [100%] Built target ros2_data__rosidl_typesupport_introspection_c__pyext
[11.095s] [100%] Built target ros2_data__rosidl_typesupport_fastrtps_c__pyext
[11.100s] [100%] Built target ros2_data__rosidl_typesupport_c__pyext
[11.112s] Invoked command in '/home/manideep/FrankaSimulator_Ws/build/ros2_data' returned '0': CMAKE_PREFIX_PATH=${CMAKE_PREFIX_PATH}:/home/manideep/ws_moveit2/install/moveit_configs_utils:/home/manideep/ws_moveit2/install/launch_param_builder:/opt/ros/humble /usr/bin/cmake --build /home/manideep/FrankaSimulator_Ws/build/ros2_data -- -j16 -l16
[11.112s] Invoking command in '/home/manideep/FrankaSimulator_Ws/build/ros2_data': CMAKE_PREFIX_PATH=${CMAKE_PREFIX_PATH}:/home/manideep/ws_moveit2/install/moveit_configs_utils:/home/manideep/ws_moveit2/install/launch_param_builder:/opt/ros/humble /usr/bin/cmake --install /home/manideep/FrankaSimulator_Ws/build/ros2_data
[11.121s] -- Install configuration: ""
[11.121s] -- Installing: /home/manideep/FrankaSimulator_Ws/install/ros2_data/share/ament_index/resource_index/rosidl_interfaces/ros2_data
[11.122s] -- Installing: /home/manideep/FrankaSimulator_Ws/install/ros2_data/include/ros2_data/ros2_data
[11.122s] -- Installing: /home/manideep/FrankaSimulator_Ws/install/ros2_data/include/ros2_data/ros2_data/msg
[11.122s] -- Installing: /home/manideep/FrankaSimulator_Ws/install/ros2_data/include/ros2_data/ros2_data/msg/joint_pose_s.h
[11.122s] -- Installing: /home/manideep/FrankaSimulator_Ws/install/ros2_data/include/ros2_data/ros2_data/msg/rosidl_generator_c__visibility_control.h
[11.122s] -- Installing: /home/manideep/FrankaSimulator_Ws/install/ros2_data/include/ros2_data/ros2_data/msg/joint_pose.h
[11.122s] -- Installing: /home/manideep/FrankaSimulator_Ws/install/ros2_data/include/ros2_data/ros2_data/msg/detail
[11.122s] -- Installing: /home/manideep/FrankaSimulator_Ws/install/ros2_data/include/ros2_data/ros2_data/msg/detail/joint_pose_s__struct.h
[11.122s] -- Installing: /home/manideep/FrankaSimulator_Ws/install/ros2_data/include/ros2_data/ros2_data/msg/detail/joint_pose_s__type_support.h
[11.122s] -- Installing: /home/manideep/FrankaSimulator_Ws/install/ros2_data/include/ros2_data/ros2_data/msg/detail/joint_pose_s__functions.h
[11.122s] -- Installing: /home/manideep/FrankaSimulator_Ws/install/ros2_data/include/ros2_data/ros2_data/msg/detail/joint_pose__functions.c
[11.122s] -- Installing: /home/manideep/FrankaSimulator_Ws/install/ros2_data/include/ros2_data/ros2_data/msg/detail/joint_pose__type_support.h
[11.122s] -- Installing: /home/manideep/FrankaSimulator_Ws/install/ros2_data/include/ros2_data/ros2_data/msg/detail/joint_pose_s__functions.c
[11.122s] -- Installing: /home/manideep/FrankaSimulator_Ws/install/ros2_data/include/ros2_data/ros2_data/msg/detail/joint_pose__struct.h
[11.122s] -- Installing: /home/manideep/FrankaSimulator_Ws/install/ros2_data/include/ros2_data/ros2_data/msg/detail/joint_pose__functions.h
[11.122s] -- Installing: /home/manideep/FrankaSimulator_Ws/install/ros2_data/include/ros2_data/ros2_data/action
[11.122s] -- Installing: /home/manideep/FrankaSimulator_Ws/install/ros2_data/include/ros2_data/ros2_data/action/move_rot.h
[11.122s] -- Installing: /home/manideep/FrankaSimulator_Ws/install/ros2_data/include/ros2_data/ros2_data/action/move_xyzw.h
[11.122s] -- Installing: /home/manideep/FrankaSimulator_Ws/install/ros2_data/include/ros2_data/ros2_data/action/move_g.h
[11.122s] -- Installing: /home/manideep/FrankaSimulator_Ws/install/ros2_data/include/ros2_data/ros2_data/action/move_xyz.h
[11.122s] -- Installing: /home/manideep/FrankaSimulator_Ws/install/ros2_data/include/ros2_data/ros2_data/action/move_l.h
[11.122s] -- Installing: /home/manideep/FrankaSimulator_Ws/install/ros2_data/include/ros2_data/ros2_data/action/attacher.h
[11.122s] -- Installing: /home/manideep/FrankaSimulator_Ws/install/ros2_data/include/ros2_data/ros2_data/action/detail
[11.122s] -- Installing: /home/manideep/FrankaSimulator_Ws/install/ros2_data/include/ros2_data/ros2_data/action/detail/move_j__functions.h
[11.123s] -- Installing: /home/manideep/FrankaSimulator_Ws/install/ros2_data/include/ros2_data/ros2_data/action/detail/move_j__functions.c
[11.123s] -- Installing: /home/manideep/FrankaSimulator_Ws/install/ros2_data/include/ros2_data/ros2_data/action/detail/move_rot__type_support.h
[11.123s] -- Installing: /home/manideep/FrankaSimulator_Ws/install/ros2_data/include/ros2_data/ros2_data/action/detail/move_j__struct.h
[11.123s] -- Installing: /home/manideep/FrankaSimulator_Ws/install/ros2_data/include/ros2_data/ros2_data/action/detail/move_l__type_support.h
[11.123s] -- Installing: /home/manideep/FrankaSimulator_Ws/install/ros2_data/include/ros2_data/ros2_data/action/detail/move_xyzw__functions.h
[11.123s] -- Installing: /home/manideep/FrankaSimulator_Ws/install/ros2_data/include/ros2_data/ros2_data/action/detail/move_ypr__functions.h
[11.123s] -- Installing: /home/manideep/FrankaSimulator_Ws/install/ros2_data/include/ros2_data/ros2_data/action/detail/move_rot__struct.h
[11.123s] -- Installing: /home/manideep/FrankaSimulator_Ws/install/ros2_data/include/ros2_data/ros2_data/action/detail/move_r__struct.h
[11.123s] -- Installing: /home/manideep/FrankaSimulator_Ws/install/ros2_data/include/ros2_data/ros2_data/action/detail/move_rot__functions.c
[11.123s] -- Installing: /home/manideep/FrankaSimulator_Ws/install/ros2_data/include/ros2_data/ros2_data/action/detail/attacher__functions.h
[11.123s] -- Installing: /home/manideep/FrankaSimulator_Ws/install/ros2_data/include/ros2_data/ros2_data/action/detail/attacher__struct.h
[11.123s] -- Installing: /home/manideep/FrankaSimulator_Ws/install/ros2_data/include/ros2_data/ros2_data/action/detail/move_js__type_support.h
[11.123s] -- Installing: /home/manideep/FrankaSimulator_Ws/install/ros2_data/include/ros2_data/ros2_data/action/detail/move_js__functions.c
[11.123s] -- Installing: /home/manideep/FrankaSimulator_Ws/install/ros2_data/include/ros2_data/ros2_data/action/detail/move_l__functions.h
[11.123s] -- Installing: /home/manideep/FrankaSimulator_Ws/install/ros2_data/include/ros2_data/ros2_data/action/detail/attacher__functions.c
[11.123s] -- Installing: /home/manideep/FrankaSimulator_Ws/install/ros2_data/include/ros2_data/ros2_data/action/detail/move_xyzw__functions.c
[11.123s] -- Installing: /home/manideep/FrankaSimulator_Ws/install/ros2_data/include/ros2_data/ros2_data/action/detail/move_l__functions.c
[11.123s] -- Installing: /home/manideep/FrankaSimulator_Ws/install/ros2_data/include/ros2_data/ros2_data/action/detail/move_ypr__type_support.h
[11.123s] -- Installing: /home/manideep/FrankaSimulator_Ws/install/ros2_data/include/ros2_data/ros2_data/action/detail/attacher__type_support.h
[11.123s] -- Installing: /home/manideep/FrankaSimulator_Ws/install/ros2_data/include/ros2_data/ros2_data/action/detail/move_rot__functions.h
[11.123s] -- Installing: /home/manideep/FrankaSimulator_Ws/install/ros2_data/include/ros2_data/ros2_data/action/detail/move_rp__struct.h
[11.123s] -- Installing: /home/manideep/FrankaSimulator_Ws/install/ros2_data/include/ros2_data/ros2_data/action/detail/move_rp__functions.c
[11.123s] -- Installing: /home/manideep/FrankaSimulator_Ws/install/ros2_data/include/ros2_data/ros2_data/action/detail/move_xyzw__type_support.h
[11.123s] -- Installing: /home/manideep/FrankaSimulator_Ws/install/ros2_data/include/ros2_data/ros2_data/action/detail/move_xyzw__struct.h
[11.124s] -- Installing: /home/manideep/FrankaSimulator_Ws/install/ros2_data/include/ros2_data/ros2_data/action/detail/move_g__type_support.h
[11.124s] -- Installing: /home/manideep/FrankaSimulator_Ws/install/ros2_data/include/ros2_data/ros2_data/action/detail/move_g__functions.c
[11.124s] -- Installing: /home/manideep/FrankaSimulator_Ws/install/ros2_data/include/ros2_data/ros2_data/action/detail/move_j__type_support.h
[11.124s] -- Installing: /home/manideep/FrankaSimulator_Ws/install/ros2_data/include/ros2_data/ros2_data/action/detail/move_rp__type_support.h
[11.124s] -- Installing: /home/manideep/FrankaSimulator_Ws/install/ros2_data/include/ros2_data/ros2_data/action/detail/move_ypr__functions.c
[11.124s] -- Installing: /home/manideep/FrankaSimulator_Ws/install/ros2_data/include/ros2_data/ros2_data/action/detail/move_ypr__struct.h
[11.124s] -- Installing: /home/manideep/FrankaSimulator_Ws/install/ros2_data/include/ros2_data/ros2_data/action/detail/move_g__struct.h
[11.124s] -- Installing: /home/manideep/FrankaSimulator_Ws/install/ros2_data/include/ros2_data/ros2_data/action/detail/move_xyz__functions.c
[11.124s] -- Installing: /home/manideep/FrankaSimulator_Ws/install/ros2_data/include/ros2_data/ros2_data/action/detail/move_l__struct.h
[11.124s] -- Installing: /home/manideep/FrankaSimulator_Ws/install/ros2_data/include/ros2_data/ros2_data/action/detail/move_js__functions.h
[11.124s] -- Installing: /home/manideep/FrankaSimulator_Ws/install/ros2_data/include/ros2_data/ros2_data/action/detail/move_js__struct.h
[11.124s] -- Installing: /home/manideep/FrankaSimulator_Ws/install/ros2_data/include/ros2_data/ros2_data/action/detail/move_g__functions.h
[11.124s] -- Installing: /home/manideep/FrankaSimulator_Ws/install/ros2_data/include/ros2_data/ros2_data/action/detail/move_r__functions.h
[11.124s] -- Installing: /home/manideep/FrankaSimulator_Ws/install/ros2_data/include/ros2_data/ros2_data/action/detail/move_xyz__type_support.h
[11.124s] -- Installing: /home/manideep/FrankaSimulator_Ws/install/ros2_data/include/ros2_data/ros2_data/action/detail/move_r__functions.c
[11.124s] -- Installing: /home/manideep/FrankaSimulator_Ws/install/ros2_data/include/ros2_data/ros2_data/action/detail/move_xyz__functions.h
[11.124s] -- Installing: /home/manideep/FrankaSimulator_Ws/install/ros2_data/include/ros2_data/ros2_data/action/detail/move_r__type_support.h
[11.124s] -- Installing: /home/manideep/FrankaSimulator_Ws/install/ros2_data/include/ros2_data/ros2_data/action/detail/move_rp__functions.h
[11.124s] -- Installing: /home/manideep/FrankaSimulator_Ws/install/ros2_data/include/ros2_data/ros2_data/action/detail/move_xyz__struct.h
[11.124s] -- Installing: /home/manideep/FrankaSimulator_Ws/install/ros2_data/include/ros2_data/ros2_data/action/move_j.h
[11.124s] -- Installing: /home/manideep/FrankaSimulator_Ws/install/ros2_data/include/ros2_data/ros2_data/action/move_rp.h
[11.125s] -- Installing: /home/manideep/FrankaSimulator_Ws/install/ros2_data/include/ros2_data/ros2_data/action/move_ypr.h
[11.125s] -- Installing: /home/manideep/FrankaSimulator_Ws/install/ros2_data/include/ros2_data/ros2_data/action/move_r.h
[11.125s] -- Installing: /home/manideep/FrankaSimulator_Ws/install/ros2_data/include/ros2_data/ros2_data/action/move_js.h
[11.125s] -- Installing: /home/manideep/FrankaSimulator_Ws/install/ros2_data/share/ros2_data/environment/library_path.sh
[11.125s] -- Installing: /home/manideep/FrankaSimulator_Ws/install/ros2_data/share/ros2_data/environment/library_path.dsv
[11.125s] -- Installing: /home/manideep/FrankaSimulator_Ws/install/ros2_data/lib/libros2_data__rosidl_generator_c.so
[11.125s] -- Set runtime path of "/home/manideep/FrankaSimulator_Ws/install/ros2_data/lib/libros2_data__rosidl_generator_c.so" to ""
[11.125s] -- Up-to-date: /home/manideep/FrankaSimulator_Ws/install/ros2_data/include/ros2_data/ros2_data
[11.126s] -- Up-to-date: /home/manideep/FrankaSimulator_Ws/install/ros2_data/include/ros2_data/ros2_data/msg
[11.126s] -- Installing: /home/manideep/FrankaSimulator_Ws/install/ros2_data/include/ros2_data/ros2_data/msg/rosidl_typesupport_fastrtps_c__visibility_control.h
[11.126s] -- Up-to-date: /home/manideep/FrankaSimulator_Ws/install/ros2_data/include/ros2_data/ros2_data/msg/detail
[11.126s] -- Installing: /home/manideep/FrankaSimulator_Ws/install/ros2_data/include/ros2_data/ros2_data/msg/detail/joint_pose_s__rosidl_typesupport_fastrtps_c.h
[11.126s] -- Installing: /home/manideep/FrankaSimulator_Ws/install/ros2_data/include/ros2_data/ros2_data/msg/detail/joint_pose__rosidl_typesupport_fastrtps_c.h
[11.126s] -- Up-to-date: /home/manideep/FrankaSimulator_Ws/install/ros2_data/include/ros2_data/ros2_data/action
[11.126s] -- Up-to-date: /home/manideep/FrankaSimulator_Ws/install/ros2_data/include/ros2_data/ros2_data/action/detail
[11.126s] -- Installing: /home/manideep/FrankaSimulator_Ws/install/ros2_data/include/ros2_data/ros2_data/action/detail/move_j__rosidl_typesupport_fastrtps_c.h
[11.126s] -- Installing: /home/manideep/FrankaSimulator_Ws/install/ros2_data/include/ros2_data/ros2_data/action/detail/move_r__rosidl_typesupport_fastrtps_c.h
[11.126s] -- Installing: /home/manideep/FrankaSimulator_Ws/install/ros2_data/include/ros2_data/ros2_data/action/detail/attacher__rosidl_typesupport_fastrtps_c.h
[11.126s] -- Installing: /home/manideep/FrankaSimulator_Ws/install/ros2_data/include/ros2_data/ros2_data/action/detail/move_ypr__rosidl_typesupport_fastrtps_c.h
[11.126s] -- Installing: /home/manideep/FrankaSimulator_Ws/install/ros2_data/include/ros2_data/ros2_data/action/detail/move_g__rosidl_typesupport_fastrtps_c.h
[11.126s] -- Installing: /home/manideep/FrankaSimulator_Ws/install/ros2_data/include/ros2_data/ros2_data/action/detail/move_l__rosidl_typesupport_fastrtps_c.h
[11.126s] -- Installing: /home/manideep/FrankaSimulator_Ws/install/ros2_data/include/ros2_data/ros2_data/action/detail/move_rp__rosidl_typesupport_fastrtps_c.h
[11.126s] -- Installing: /home/manideep/FrankaSimulator_Ws/install/ros2_data/include/ros2_data/ros2_data/action/detail/move_js__rosidl_typesupport_fastrtps_c.h
[11.126s] -- Installing: /home/manideep/FrankaSimulator_Ws/install/ros2_data/include/ros2_data/ros2_data/action/detail/move_rot__rosidl_typesupport_fastrtps_c.h
[11.126s] -- Installing: /home/manideep/FrankaSimulator_Ws/install/ros2_data/include/ros2_data/ros2_data/action/detail/move_xyz__rosidl_typesupport_fastrtps_c.h
[11.126s] -- Installing: /home/manideep/FrankaSimulator_Ws/install/ros2_data/include/ros2_data/ros2_data/action/detail/move_xyzw__rosidl_typesupport_fastrtps_c.h
[11.126s] -- Installing: /home/manideep/FrankaSimulator_Ws/install/ros2_data/lib/libros2_data__rosidl_typesupport_fastrtps_c.so
[11.126s] -- Set runtime path of "/home/manideep/FrankaSimulator_Ws/install/ros2_data/lib/libros2_data__rosidl_typesupport_fastrtps_c.so" to ""
[11.126s] -- Up-to-date: /home/manideep/FrankaSimulator_Ws/install/ros2_data/include/ros2_data/ros2_data
[11.126s] -- Up-to-date: /home/manideep/FrankaSimulator_Ws/install/ros2_data/include/ros2_data/ros2_data/msg
[11.126s] -- Installing: /home/manideep/FrankaSimulator_Ws/install/ros2_data/include/ros2_data/ros2_data/msg/rosidl_typesupport_introspection_c__visibility_control.h
[11.126s] -- Up-to-date: /home/manideep/FrankaSimulator_Ws/install/ros2_data/include/ros2_data/ros2_data/msg/detail
[11.127s] -- Installing: /home/manideep/FrankaSimulator_Ws/install/ros2_data/include/ros2_data/ros2_data/msg/detail/joint_pose_s__type_support.c
[11.127s] -- Installing: /home/manideep/FrankaSimulator_Ws/install/ros2_data/include/ros2_data/ros2_data/msg/detail/joint_pose__type_support.c
[11.127s] -- Installing: /home/manideep/FrankaSimulator_Ws/install/ros2_data/include/ros2_data/ros2_data/msg/detail/joint_pose__rosidl_typesupport_introspection_c.h
[11.127s] -- Installing: /home/manideep/FrankaSimulator_Ws/install/ros2_data/include/ros2_data/ros2_data/msg/detail/joint_pose_s__rosidl_typesupport_introspection_c.h
[11.127s] -- Up-to-date: /home/manideep/FrankaSimulator_Ws/install/ros2_data/include/ros2_data/ros2_data/action
[11.127s] -- Up-to-date: /home/manideep/FrankaSimulator_Ws/install/ros2_data/include/ros2_data/ros2_data/action/detail
[11.127s] -- Installing: /home/manideep/FrankaSimulator_Ws/install/ros2_data/include/ros2_data/ros2_data/action/detail/move_xyzw__type_support.c
[11.127s] -- Installing: /home/manideep/FrankaSimulator_Ws/install/ros2_data/include/ros2_data/ros2_data/action/detail/move_g__type_support.c
[11.127s] -- Installing: /home/manideep/FrankaSimulator_Ws/install/ros2_data/include/ros2_data/ros2_data/action/detail/move_r__type_support.c
[11.127s] -- Installing: /home/manideep/FrankaSimulator_Ws/install/ros2_data/include/ros2_data/ros2_data/action/detail/move_g__rosidl_typesupport_introspection_c.h
[11.127s] -- Installing: /home/manideep/FrankaSimulator_Ws/install/ros2_data/include/ros2_data/ros2_data/action/detail/move_xyz__type_support.c
[11.127s] -- Installing: /home/manideep/FrankaSimulator_Ws/install/ros2_data/include/ros2_data/ros2_data/action/detail/move_js__rosidl_typesupport_introspection_c.h
[11.127s] -- Installing: /home/manideep/FrankaSimulator_Ws/install/ros2_data/include/ros2_data/ros2_data/action/detail/move_ypr__type_support.c
[11.127s] -- Installing: /home/manideep/FrankaSimulator_Ws/install/ros2_data/include/ros2_data/ros2_data/action/detail/move_l__type_support.c
[11.127s] -- Installing: /home/manideep/FrankaSimulator_Ws/install/ros2_data/include/ros2_data/ros2_data/action/detail/move_j__rosidl_typesupport_introspection_c.h
[11.127s] -- Installing: /home/manideep/FrankaSimulator_Ws/install/ros2_data/include/ros2_data/ros2_data/action/detail/move_l__rosidl_typesupport_introspection_c.h
[11.127s] -- Installing: /home/manideep/FrankaSimulator_Ws/install/ros2_data/include/ros2_data/ros2_data/action/detail/move_ypr__rosidl_typesupport_introspection_c.h
[11.127s] -- Installing: /home/manideep/FrankaSimulator_Ws/install/ros2_data/include/ros2_data/ros2_data/action/detail/move_r__rosidl_typesupport_introspection_c.h
[11.127s] -- Installing: /home/manideep/FrankaSimulator_Ws/install/ros2_data/include/ros2_data/ros2_data/action/detail/move_js__type_support.c
[11.128s] -- Installing: /home/manideep/FrankaSimulator_Ws/install/ros2_data/include/ros2_data/ros2_data/action/detail/attacher__type_support.c
[11.128s] -- Installing: /home/manideep/FrankaSimulator_Ws/install/ros2_data/include/ros2_data/ros2_data/action/detail/move_j__type_support.c
[11.128s] -- Installing: /home/manideep/FrankaSimulator_Ws/install/ros2_data/include/ros2_data/ros2_data/action/detail/move_xyz__rosidl_typesupport_introspection_c.h
[11.128s] -- Installing: /home/manideep/FrankaSimulator_Ws/install/ros2_data/include/ros2_data/ros2_data/action/detail/move_rot__type_support.c
[11.128s] -- Installing: /home/manideep/FrankaSimulator_Ws/install/ros2_data/include/ros2_data/ros2_data/action/detail/attacher__rosidl_typesupport_introspection_c.h
[11.128s] -- Installing: /home/manideep/FrankaSimulator_Ws/install/ros2_data/include/ros2_data/ros2_data/action/detail/move_rp__rosidl_typesupport_introspection_c.h
[11.128s] -- Installing: /home/manideep/FrankaSimulator_Ws/install/ros2_data/include/ros2_data/ros2_data/action/detail/move_rp__type_support.c
[11.128s] -- Installing: /home/manideep/FrankaSimulator_Ws/install/ros2_data/include/ros2_data/ros2_data/action/detail/move_rot__rosidl_typesupport_introspection_c.h
[11.128s] -- Installing: /home/manideep/FrankaSimulator_Ws/install/ros2_data/include/ros2_data/ros2_data/action/detail/move_xyzw__rosidl_typesupport_introspection_c.h
[11.128s] -- Installing: /home/manideep/FrankaSimulator_Ws/install/ros2_data/lib/libros2_data__rosidl_typesupport_introspection_c.so
[11.128s] -- Set runtime path of "/home/manideep/FrankaSimulator_Ws/install/ros2_data/lib/libros2_data__rosidl_typesupport_introspection_c.so" to ""
[11.128s] -- Installing: /home/manideep/FrankaSimulator_Ws/install/ros2_data/lib/libros2_data__rosidl_typesupport_c.so
[11.128s] -- Set runtime path of "/home/manideep/FrankaSimulator_Ws/install/ros2_data/lib/libros2_data__rosidl_typesupport_c.so" to ""
[11.128s] -- Up-to-date: /home/manideep/FrankaSimulator_Ws/install/ros2_data/include/ros2_data/ros2_data
[11.129s] -- Up-to-date: /home/manideep/FrankaSimulator_Ws/install/ros2_data/include/ros2_data/ros2_data/msg
[11.129s] -- Installing: /home/manideep/FrankaSimulator_Ws/install/ros2_data/include/ros2_data/ros2_data/msg/joint_pose_s.hpp
[11.129s] -- Up-to-date: /home/manideep/FrankaSimulator_Ws/install/ros2_data/include/ros2_data/ros2_data/msg/detail
[11.129s] -- Installing: /home/manideep/FrankaSimulator_Ws/install/ros2_data/include/ros2_data/ros2_data/msg/detail/joint_pose__struct.hpp
[11.129s] -- Installing: /home/manideep/FrankaSimulator_Ws/install/ros2_data/include/ros2_data/ros2_data/msg/detail/joint_pose__traits.hpp
[11.129s] -- Installing: /home/manideep/FrankaSimulator_Ws/install/ros2_data/include/ros2_data/ros2_data/msg/detail/joint_pose__builder.hpp
[11.129s] -- Installing: /home/manideep/FrankaSimulator_Ws/install/ros2_data/include/ros2_data/ros2_data/msg/detail/joint_pose_s__builder.hpp
[11.129s] -- Installing: /home/manideep/FrankaSimulator_Ws/install/ros2_data/include/ros2_data/ros2_data/msg/detail/joint_pose_s__traits.hpp
[11.129s] -- Installing: /home/manideep/FrankaSimulator_Ws/install/ros2_data/include/ros2_data/ros2_data/msg/detail/joint_pose_s__struct.hpp
[11.129s] -- Installing: /home/manideep/FrankaSimulator_Ws/install/ros2_data/include/ros2_data/ros2_data/msg/joint_pose.hpp
[11.129s] -- Up-to-date: /home/manideep/FrankaSimulator_Ws/install/ros2_data/include/ros2_data/ros2_data/action
[11.129s] -- Installing: /home/manideep/FrankaSimulator_Ws/install/ros2_data/include/ros2_data/ros2_data/action/move_r.hpp
[11.129s] -- Installing: /home/manideep/FrankaSimulator_Ws/install/ros2_data/include/ros2_data/ros2_data/action/move_j.hpp
[11.129s] -- Installing: /home/manideep/FrankaSimulator_Ws/install/ros2_data/include/ros2_data/ros2_data/action/move_xyz.hpp
[11.129s] -- Installing: /home/manideep/FrankaSimulator_Ws/install/ros2_data/include/ros2_data/ros2_data/action/move_xyzw.hpp
[11.129s] -- Installing: /home/manideep/FrankaSimulator_Ws/install/ros2_data/include/ros2_data/ros2_data/action/move_g.hpp
[11.129s] -- Up-to-date: /home/manideep/FrankaSimulator_Ws/install/ros2_data/include/ros2_data/ros2_data/action/detail
[11.129s] -- Installing: /home/manideep/FrankaSimulator_Ws/install/ros2_data/include/ros2_data/ros2_data/action/detail/move_xyz__struct.hpp
[11.129s] -- Installing: /home/manideep/FrankaSimulator_Ws/install/ros2_data/include/ros2_data/ros2_data/action/detail/move_rot__struct.hpp
[11.129s] -- Installing: /home/manideep/FrankaSimulator_Ws/install/ros2_data/include/ros2_data/ros2_data/action/detail/move_r__struct.hpp
[11.129s] -- Installing: /home/manideep/FrankaSimulator_Ws/install/ros2_data/include/ros2_data/ros2_data/action/detail/move_ypr__traits.hpp
[11.129s] -- Installing: /home/manideep/FrankaSimulator_Ws/install/ros2_data/include/ros2_data/ros2_data/action/detail/move_j__struct.hpp
[11.130s] -- Installing: /home/manideep/FrankaSimulator_Ws/install/ros2_data/include/ros2_data/ros2_data/action/detail/move_rot__traits.hpp
[11.130s] -- Installing: /home/manideep/FrankaSimulator_Ws/install/ros2_data/include/ros2_data/ros2_data/action/detail/move_xyz__traits.hpp
[11.130s] -- Installing: /home/manideep/FrankaSimulator_Ws/install/ros2_data/include/ros2_data/ros2_data/action/detail/move_rot__builder.hpp
[11.130s] -- Installing: /home/manideep/FrankaSimulator_Ws/install/ros2_data/include/ros2_data/ros2_data/action/detail/move_js__traits.hpp
[11.130s] -- Installing: /home/manideep/FrankaSimulator_Ws/install/ros2_data/include/ros2_data/ros2_data/action/detail/attacher__struct.hpp
[11.130s] -- Installing: /home/manideep/FrankaSimulator_Ws/install/ros2_data/include/ros2_data/ros2_data/action/detail/move_xyzw__builder.hpp
[11.130s] -- Installing: /home/manideep/FrankaSimulator_Ws/install/ros2_data/include/ros2_data/ros2_data/action/detail/move_ypr__struct.hpp
[11.130s] -- Installing: /home/manideep/FrankaSimulator_Ws/install/ros2_data/include/ros2_data/ros2_data/action/detail/attacher__traits.hpp
[11.130s] -- Installing: /home/manideep/FrankaSimulator_Ws/install/ros2_data/include/ros2_data/ros2_data/action/detail/move_js__builder.hpp
[11.130s] -- Installing: /home/manideep/FrankaSimulator_Ws/install/ros2_data/include/ros2_data/ros2_data/action/detail/move_r__traits.hpp
[11.130s] -- Installing: /home/manideep/FrankaSimulator_Ws/install/ros2_data/include/ros2_data/ros2_data/action/detail/move_g__struct.hpp
[11.130s] -- Installing: /home/manideep/FrankaSimulator_Ws/install/ros2_data/include/ros2_data/ros2_data/action/detail/move_rp__builder.hpp
[11.130s] -- Installing: /home/manideep/FrankaSimulator_Ws/install/ros2_data/include/ros2_data/ros2_data/action/detail/move_ypr__builder.hpp
[11.130s] -- Installing: /home/manideep/FrankaSimulator_Ws/install/ros2_data/include/ros2_data/ros2_data/action/detail/move_l__builder.hpp
[11.130s] -- Installing: /home/manideep/FrankaSimulator_Ws/install/ros2_data/include/ros2_data/ros2_data/action/detail/attacher__builder.hpp
[11.130s] -- Installing: /home/manideep/FrankaSimulator_Ws/install/ros2_data/include/ros2_data/ros2_data/action/detail/move_g__builder.hpp
[11.130s] -- Installing: /home/manideep/FrankaSimulator_Ws/install/ros2_data/include/ros2_data/ros2_data/action/detail/move_j__traits.hpp
[11.130s] -- Installing: /home/manideep/FrankaSimulator_Ws/install/ros2_data/include/ros2_data/ros2_data/action/detail/move_xyz__builder.hpp
[11.130s] -- Installing: /home/manideep/FrankaSimulator_Ws/install/ros2_data/include/ros2_data/ros2_data/action/detail/move_l__struct.hpp
[11.130s] -- Installing: /home/manideep/FrankaSimulator_Ws/install/ros2_data/include/ros2_data/ros2_data/action/detail/move_j__builder.hpp
[11.130s] -- Installing: /home/manideep/FrankaSimulator_Ws/install/ros2_data/include/ros2_data/ros2_data/action/detail/move_rp__traits.hpp
[11.131s] -- Installing: /home/manideep/FrankaSimulator_Ws/install/ros2_data/include/ros2_data/ros2_data/action/detail/move_r__builder.hpp
[11.131s] -- Installing: /home/manideep/FrankaSimulator_Ws/install/ros2_data/include/ros2_data/ros2_data/action/detail/move_l__traits.hpp
[11.131s] -- Installing: /home/manideep/FrankaSimulator_Ws/install/ros2_data/include/ros2_data/ros2_data/action/detail/move_rp__struct.hpp
[11.131s] -- Installing: /home/manideep/FrankaSimulator_Ws/install/ros2_data/include/ros2_data/ros2_data/action/detail/move_xyzw__traits.hpp
[11.131s] -- Installing: /home/manideep/FrankaSimulator_Ws/install/ros2_data/include/ros2_data/ros2_data/action/detail/move_js__struct.hpp
[11.131s] -- Installing: /home/manideep/FrankaSimulator_Ws/install/ros2_data/include/ros2_data/ros2_data/action/detail/move_xyzw__struct.hpp
[11.131s] -- Installing: /home/manideep/FrankaSimulator_Ws/install/ros2_data/include/ros2_data/ros2_data/action/detail/move_g__traits.hpp
[11.131s] -- Installing: /home/manideep/FrankaSimulator_Ws/install/ros2_data/include/ros2_data/ros2_data/action/move_ypr.hpp
[11.131s] -- Installing: /home/manideep/FrankaSimulator_Ws/install/ros2_data/include/ros2_data/ros2_data/action/move_js.hpp
[11.131s] -- Installing: /home/manideep/FrankaSimulator_Ws/install/ros2_data/include/ros2_data/ros2_data/action/move_rp.hpp
[11.131s] -- Installing: /home/manideep/FrankaSimulator_Ws/install/ros2_data/include/ros2_data/ros2_data/action/move_rot.hpp
[11.131s] -- Installing: /home/manideep/FrankaSimulator_Ws/install/ros2_data/include/ros2_data/ros2_data/action/attacher.hpp
[11.131s] -- Installing: /home/manideep/FrankaSimulator_Ws/install/ros2_data/include/ros2_data/ros2_data/action/move_l.hpp
[11.131s] -- Up-to-date: /home/manideep/FrankaSimulator_Ws/install/ros2_data/include/ros2_data/ros2_data
[11.131s] -- Up-to-date: /home/manideep/FrankaSimulator_Ws/install/ros2_data/include/ros2_data/ros2_data/msg
[11.131s] -- Installing: /home/manideep/FrankaSimulator_Ws/install/ros2_data/include/ros2_data/ros2_data/msg/rosidl_typesupport_fastrtps_cpp__visibility_control.h
[11.131s] -- Up-to-date: /home/manideep/FrankaSimulator_Ws/install/ros2_data/include/ros2_data/ros2_data/msg/detail
[11.131s] -- Installing: /home/manideep/FrankaSimulator_Ws/install/ros2_data/include/ros2_data/ros2_data/msg/detail/dds_fastrtps
[11.131s] -- Installing: /home/manideep/FrankaSimulator_Ws/install/ros2_data/include/ros2_data/ros2_data/msg/detail/joint_pose_s__rosidl_typesupport_fastrtps_cpp.hpp
[11.131s] -- Installing: /home/manideep/FrankaSimulator_Ws/install/ros2_data/include/ros2_data/ros2_data/msg/detail/joint_pose__rosidl_typesupport_fastrtps_cpp.hpp
[11.132s] -- Up-to-date: /home/manideep/FrankaSimulator_Ws/install/ros2_data/include/ros2_data/ros2_data/action
[11.132s] -- Up-to-date: /home/manideep/FrankaSimulator_Ws/install/ros2_data/include/ros2_data/ros2_data/action/detail
[11.132s] -- Installing: /home/manideep/FrankaSimulator_Ws/install/ros2_data/include/ros2_data/ros2_data/action/detail/dds_fastrtps
[11.132s] -- Installing: /home/manideep/FrankaSimulator_Ws/install/ros2_data/include/ros2_data/ros2_data/action/detail/move_r__rosidl_typesupport_fastrtps_cpp.hpp
[11.132s] -- Installing: /home/manideep/FrankaSimulator_Ws/install/ros2_data/include/ros2_data/ros2_data/action/detail/move_j__rosidl_typesupport_fastrtps_cpp.hpp
[11.132s] -- Installing: /home/manideep/FrankaSimulator_Ws/install/ros2_data/include/ros2_data/ros2_data/action/detail/move_rp__rosidl_typesupport_fastrtps_cpp.hpp
[11.132s] -- Installing: /home/manideep/FrankaSimulator_Ws/install/ros2_data/include/ros2_data/ros2_data/action/detail/move_l__rosidl_typesupport_fastrtps_cpp.hpp
[11.132s] -- Installing: /home/manideep/FrankaSimulator_Ws/install/ros2_data/include/ros2_data/ros2_data/action/detail/move_xyz__rosidl_typesupport_fastrtps_cpp.hpp
[11.132s] -- Installing: /home/manideep/FrankaSimulator_Ws/install/ros2_data/include/ros2_data/ros2_data/action/detail/move_g__rosidl_typesupport_fastrtps_cpp.hpp
[11.132s] -- Installing: /home/manideep/FrankaSimulator_Ws/install/ros2_data/include/ros2_data/ros2_data/action/detail/move_xyzw__rosidl_typesupport_fastrtps_cpp.hpp
[11.132s] -- Installing: /home/manideep/FrankaSimulator_Ws/install/ros2_data/include/ros2_data/ros2_data/action/detail/move_ypr__rosidl_typesupport_fastrtps_cpp.hpp
[11.132s] -- Installing: /home/manideep/FrankaSimulator_Ws/install/ros2_data/include/ros2_data/ros2_data/action/detail/move_js__rosidl_typesupport_fastrtps_cpp.hpp
[11.132s] -- Installing: /home/manideep/FrankaSimulator_Ws/install/ros2_data/include/ros2_data/ros2_data/action/detail/move_rot__rosidl_typesupport_fastrtps_cpp.hpp
[11.132s] -- Installing: /home/manideep/FrankaSimulator_Ws/install/ros2_data/include/ros2_data/ros2_data/action/detail/attacher__rosidl_typesupport_fastrtps_cpp.hpp
[11.132s] -- Installing: /home/manideep/FrankaSimulator_Ws/install/ros2_data/lib/libros2_data__rosidl_typesupport_fastrtps_cpp.so
[11.133s] -- Set runtime path of "/home/manideep/FrankaSimulator_Ws/install/ros2_data/lib/libros2_data__rosidl_typesupport_fastrtps_cpp.so" to ""
[11.133s] -- Up-to-date: /home/manideep/FrankaSimulator_Ws/install/ros2_data/include/ros2_data/ros2_data
[11.133s] -- Up-to-date: /home/manideep/FrankaSimulator_Ws/install/ros2_data/include/ros2_data/ros2_data/msg
[11.133s] -- Up-to-date: /home/manideep/FrankaSimulator_Ws/install/ros2_data/include/ros2_data/ros2_data/msg/detail
[11.133s] -- Installing: /home/manideep/FrankaSimulator_Ws/install/ros2_data/include/ros2_data/ros2_data/msg/detail/joint_pose__type_support.cpp
[11.133s] -- Installing: /home/manideep/FrankaSimulator_Ws/install/ros2_data/include/ros2_data/ros2_data/msg/detail/joint_pose__rosidl_typesupport_introspection_cpp.hpp
[11.133s] -- Installing: /home/manideep/FrankaSimulator_Ws/install/ros2_data/include/ros2_data/ros2_data/msg/detail/joint_pose_s__type_support.cpp
[11.133s] -- Installing: /home/manideep/FrankaSimulator_Ws/install/ros2_data/include/ros2_data/ros2_data/msg/detail/joint_pose_s__rosidl_typesupport_introspection_cpp.hpp
[11.133s] -- Up-to-date: /home/manideep/FrankaSimulator_Ws/install/ros2_data/include/ros2_data/ros2_data/action
[11.133s] -- Up-to-date: /home/manideep/FrankaSimulator_Ws/install/ros2_data/include/ros2_data/ros2_data/action/detail
[11.133s] -- Installing: /home/manideep/FrankaSimulator_Ws/install/ros2_data/include/ros2_data/ros2_data/action/detail/move_r__rosidl_typesupport_introspection_cpp.hpp
[11.133s] -- Installing: /home/manideep/FrankaSimulator_Ws/install/ros2_data/include/ros2_data/ros2_data/action/detail/move_rp__rosidl_typesupport_introspection_cpp.hpp
[11.133s] -- Installing: /home/manideep/FrankaSimulator_Ws/install/ros2_data/include/ros2_data/ros2_data/action/detail/move_r__type_support.cpp
[11.133s] -- Installing: /home/manideep/FrankaSimulator_Ws/install/ros2_data/include/ros2_data/ros2_data/action/detail/move_xyz__rosidl_typesupport_introspection_cpp.hpp
[11.133s] -- Installing: /home/manideep/FrankaSimulator_Ws/install/ros2_data/include/ros2_data/ros2_data/action/detail/move_j__type_support.cpp
[11.133s] -- Installing: /home/manideep/FrankaSimulator_Ws/install/ros2_data/include/ros2_data/ros2_data/action/detail/move_xyzw__rosidl_typesupport_introspection_cpp.hpp
[11.133s] -- Installing: /home/manideep/FrankaSimulator_Ws/install/ros2_data/include/ros2_data/ros2_data/action/detail/move_js__rosidl_typesupport_introspection_cpp.hpp
[11.133s] -- Installing: /home/manideep/FrankaSimulator_Ws/install/ros2_data/include/ros2_data/ros2_data/action/detail/move_js__type_support.cpp
[11.133s] -- Installing: /home/manideep/FrankaSimulator_Ws/install/ros2_data/include/ros2_data/ros2_data/action/detail/attacher__type_support.cpp
[11.133s] -- Installing: /home/manideep/FrankaSimulator_Ws/install/ros2_data/include/ros2_data/ros2_data/action/detail/attacher__rosidl_typesupport_introspection_cpp.hpp
[11.133s] -- Installing: /home/manideep/FrankaSimulator_Ws/install/ros2_data/include/ros2_data/ros2_data/action/detail/move_rot__rosidl_typesupport_introspection_cpp.hpp
[11.133s] -- Installing: /home/manideep/FrankaSimulator_Ws/install/ros2_data/include/ros2_data/ros2_data/action/detail/move_rp__type_support.cpp
[11.133s] -- Installing: /home/manideep/FrankaSimulator_Ws/install/ros2_data/include/ros2_data/ros2_data/action/detail/move_l__type_support.cpp
[11.133s] -- Installing: /home/manideep/FrankaSimulator_Ws/install/ros2_data/include/ros2_data/ros2_data/action/detail/move_xyzw__type_support.cpp
[11.134s] -- Installing: /home/manideep/FrankaSimulator_Ws/install/ros2_data/include/ros2_data/ros2_data/action/detail/move_ypr__type_support.cpp
[11.134s] -- Installing: /home/manideep/FrankaSimulator_Ws/install/ros2_data/include/ros2_data/ros2_data/action/detail/move_l__rosidl_typesupport_introspection_cpp.hpp
[11.134s] -- Installing: /home/manideep/FrankaSimulator_Ws/install/ros2_data/include/ros2_data/ros2_data/action/detail/move_rot__type_support.cpp
[11.134s] -- Installing: /home/manideep/FrankaSimulator_Ws/install/ros2_data/include/ros2_data/ros2_data/action/detail/move_g__type_support.cpp
[11.134s] -- Installing: /home/manideep/FrankaSimulator_Ws/install/ros2_data/include/ros2_data/ros2_data/action/detail/move_g__rosidl_typesupport_introspection_cpp.hpp
[11.134s] -- Installing: /home/manideep/FrankaSimulator_Ws/install/ros2_data/include/ros2_data/ros2_data/action/detail/move_ypr__rosidl_typesupport_introspection_cpp.hpp
[11.134s] -- Installing: /home/manideep/FrankaSimulator_Ws/install/ros2_data/include/ros2_data/ros2_data/action/detail/move_j__rosidl_typesupport_introspection_cpp.hpp
[11.134s] -- Installing: /home/manideep/FrankaSimulator_Ws/install/ros2_data/include/ros2_data/ros2_data/action/detail/move_xyz__type_support.cpp
[11.134s] -- Installing: /home/manideep/FrankaSimulator_Ws/install/ros2_data/lib/libros2_data__rosidl_typesupport_introspection_cpp.so
[11.134s] -- Set runtime path of "/home/manideep/FrankaSimulator_Ws/install/ros2_data/lib/libros2_data__rosidl_typesupport_introspection_cpp.so" to ""
[11.134s] -- Installing: /home/manideep/FrankaSimulator_Ws/install/ros2_data/lib/libros2_data__rosidl_typesupport_cpp.so
[11.135s] -- Set runtime path of "/home/manideep/FrankaSimulator_Ws/install/ros2_data/lib/libros2_data__rosidl_typesupport_cpp.so" to ""
[11.135s] -- Installing: /home/manideep/FrankaSimulator_Ws/install/ros2_data/share/ros2_data/environment/pythonpath.sh
[11.135s] -- Installing: /home/manideep/FrankaSimulator_Ws/install/ros2_data/share/ros2_data/environment/pythonpath.dsv
[11.135s] -- Installing: /home/manideep/FrankaSimulator_Ws/install/ros2_data/lib/python3.10/site-packages/ros2_data-0.0.0-py3.10.egg-info
[11.135s] -- Installing: /home/manideep/FrankaSimulator_Ws/install/ros2_data/lib/python3.10/site-packages/ros2_data-0.0.0-py3.10.egg-info/PKG-INFO
[11.135s] -- Installing: /home/manideep/FrankaSimulator_Ws/install/ros2_data/lib/python3.10/site-packages/ros2_data-0.0.0-py3.10.egg-info/top_level.txt
[11.135s] -- Installing: /home/manideep/FrankaSimulator_Ws/install/ros2_data/lib/python3.10/site-packages/ros2_data-0.0.0-py3.10.egg-info/SOURCES.txt
[11.135s] -- Installing: /home/manideep/FrankaSimulator_Ws/install/ros2_data/lib/python3.10/site-packages/ros2_data-0.0.0-py3.10.egg-info/dependency_links.txt
[11.135s] -- Installing: /home/manideep/FrankaSimulator_Ws/install/ros2_data/lib/python3.10/site-packages/ros2_data
[11.135s] -- Installing: /home/manideep/FrankaSimulator_Ws/install/ros2_data/lib/python3.10/site-packages/ros2_data/_ros2_data_s.ep.rosidl_typesupport_fastrtps_c.c
[11.135s] -- Installing: /home/manideep/FrankaSimulator_Ws/install/ros2_data/lib/python3.10/site-packages/ros2_data/__init__.py
[11.135s] -- Installing: /home/manideep/FrankaSimulator_Ws/install/ros2_data/lib/python3.10/site-packages/ros2_data/ros2_data_s__rosidl_typesupport_c.cpython-310-x86_64-linux-gnu.so
[11.135s] -- Installing: /home/manideep/FrankaSimulator_Ws/install/ros2_data/lib/python3.10/site-packages/ros2_data/_ros2_data_s.ep.rosidl_typesupport_introspection_c.c
[11.136s] -- Installing: /home/manideep/FrankaSimulator_Ws/install/ros2_data/lib/python3.10/site-packages/ros2_data/ros2_data_s__rosidl_typesupport_fastrtps_c.cpython-310-x86_64-linux-gnu.so
[11.136s] -- Installing: /home/manideep/FrankaSimulator_Ws/install/ros2_data/lib/python3.10/site-packages/ros2_data/ros2_data_s__rosidl_typesupport_introspection_c.cpython-310-x86_64-linux-gnu.so
[11.136s] -- Installing: /home/manideep/FrankaSimulator_Ws/install/ros2_data/lib/python3.10/site-packages/ros2_data/msg
[11.136s] -- Installing: /home/manideep/FrankaSimulator_Ws/install/ros2_data/lib/python3.10/site-packages/ros2_data/msg/_joint_pose_s.py
[11.136s] -- Installing: /home/manideep/FrankaSimulator_Ws/install/ros2_data/lib/python3.10/site-packages/ros2_data/msg/_joint_pose_s_s.c
[11.136s] -- Installing: /home/manideep/FrankaSimulator_Ws/install/ros2_data/lib/python3.10/site-packages/ros2_data/msg/__init__.py
[11.136s] -- Installing: /home/manideep/FrankaSimulator_Ws/install/ros2_data/lib/python3.10/site-packages/ros2_data/msg/_joint_pose.py
[11.136s] -- Installing: /home/manideep/FrankaSimulator_Ws/install/ros2_data/lib/python3.10/site-packages/ros2_data/msg/_joint_pose_s.c
[11.136s] -- Installing: /home/manideep/FrankaSimulator_Ws/install/ros2_data/lib/python3.10/site-packages/ros2_data/libros2_data__rosidl_generator_py.so
[11.137s] -- Installing: /home/manideep/FrankaSimulator_Ws/install/ros2_data/lib/python3.10/site-packages/ros2_data/_ros2_data_s.ep.rosidl_typesupport_c.c
[11.137s] -- Installing: /home/manideep/FrankaSimulator_Ws/install/ros2_data/lib/python3.10/site-packages/ros2_data/action
[11.137s] -- Installing: /home/manideep/FrankaSimulator_Ws/install/ros2_data/lib/python3.10/site-packages/ros2_data/action/_move_g_s.c
[11.137s] -- Installing: /home/manideep/FrankaSimulator_Ws/install/ros2_data/lib/python3.10/site-packages/ros2_data/action/_move_rot.py
[11.137s] -- Installing: /home/manideep/FrankaSimulator_Ws/install/ros2_data/lib/python3.10/site-packages/ros2_data/action/_move_xyzw_s.c
[11.137s] -- Installing: /home/manideep/FrankaSimulator_Ws/install/ros2_data/lib/python3.10/site-packages/ros2_data/action/_move_r_s.c
[11.137s] -- Installing: /home/manideep/FrankaSimulator_Ws/install/ros2_data/lib/python3.10/site-packages/ros2_data/action/_move_xyz_s.c
[11.137s] -- Installing: /home/manideep/FrankaSimulator_Ws/install/ros2_data/lib/python3.10/site-packages/ros2_data/action/_move_j_s.c
[11.137s] -- Installing: /home/manideep/FrankaSimulator_Ws/install/ros2_data/lib/python3.10/site-packages/ros2_data/action/_attacher_s.c
[11.137s] -- Installing: /home/manideep/FrankaSimulator_Ws/install/ros2_data/lib/python3.10/site-packages/ros2_data/action/_move_rot_s.c
[11.137s] -- Installing: /home/manideep/FrankaSimulator_Ws/install/ros2_data/lib/python3.10/site-packages/ros2_data/action/__init__.py
[11.137s] -- Installing: /home/manideep/FrankaSimulator_Ws/install/ros2_data/lib/python3.10/site-packages/ros2_data/action/_move_rp.py
[11.137s] -- Installing: /home/manideep/FrankaSimulator_Ws/install/ros2_data/lib/python3.10/site-packages/ros2_data/action/_move_r.py
[11.137s] -- Installing: /home/manideep/FrankaSimulator_Ws/install/ros2_data/lib/python3.10/site-packages/ros2_data/action/_move_j.py
[11.137s] -- Installing: /home/manideep/FrankaSimulator_Ws/install/ros2_data/lib/python3.10/site-packages/ros2_data/action/_move_js.py
[11.138s] -- Installing: /home/manideep/FrankaSimulator_Ws/install/ros2_data/lib/python3.10/site-packages/ros2_data/action/_move_js_s.c
[11.138s] -- Installing: /home/manideep/FrankaSimulator_Ws/install/ros2_data/lib/python3.10/site-packages/ros2_data/action/_move_ypr_s.c
[11.138s] -- Installing: /home/manideep/FrankaSimulator_Ws/install/ros2_data/lib/python3.10/site-packages/ros2_data/action/_move_l_s.c
[11.138s] -- Installing: /home/manideep/FrankaSimulator_Ws/install/ros2_data/lib/python3.10/site-packages/ros2_data/action/_move_xyz.py
[11.138s] -- Installing: /home/manideep/FrankaSimulator_Ws/install/ros2_data/lib/python3.10/site-packages/ros2_data/action/_move_ypr.py
[11.138s] -- Installing: /home/manideep/FrankaSimulator_Ws/install/ros2_data/lib/python3.10/site-packages/ros2_data/action/_attacher.py
[11.138s] -- Installing: /home/manideep/FrankaSimulator_Ws/install/ros2_data/lib/python3.10/site-packages/ros2_data/action/_move_l.py
[11.138s] -- Installing: /home/manideep/FrankaSimulator_Ws/install/ros2_data/lib/python3.10/site-packages/ros2_data/action/_move_xyzw.py
[11.138s] -- Installing: /home/manideep/FrankaSimulator_Ws/install/ros2_data/lib/python3.10/site-packages/ros2_data/action/_move_g.py
[11.138s] -- Installing: /home/manideep/FrankaSimulator_Ws/install/ros2_data/lib/python3.10/site-packages/ros2_data/action/_move_rp_s.c
[11.202s] Listing '/home/manideep/FrankaSimulator_Ws/install/ros2_data/lib/python3.10/site-packages/ros2_data'...
[11.202s] Compiling '/home/manideep/FrankaSimulator_Ws/install/ros2_data/lib/python3.10/site-packages/ros2_data/__init__.py'...
[11.202s] Listing '/home/manideep/FrankaSimulator_Ws/install/ros2_data/lib/python3.10/site-packages/ros2_data/action'...
[11.202s] Compiling '/home/manideep/FrankaSimulator_Ws/install/ros2_data/lib/python3.10/site-packages/ros2_data/action/__init__.py'...
[11.202s] Compiling '/home/manideep/FrankaSimulator_Ws/install/ros2_data/lib/python3.10/site-packages/ros2_data/action/_attacher.py'...
[11.202s] Compiling '/home/manideep/FrankaSimulator_Ws/install/ros2_data/lib/python3.10/site-packages/ros2_data/action/_move_g.py'...
[11.202s] Compiling '/home/manideep/FrankaSimulator_Ws/install/ros2_data/lib/python3.10/site-packages/ros2_data/action/_move_j.py'...
[11.202s] Compiling '/home/manideep/FrankaSimulator_Ws/install/ros2_data/lib/python3.10/site-packages/ros2_data/action/_move_js.py'...
[11.202s] Compiling '/home/manideep/FrankaSimulator_Ws/install/ros2_data/lib/python3.10/site-packages/ros2_data/action/_move_l.py'...
[11.202s] Compiling '/home/manideep/FrankaSimulator_Ws/install/ros2_data/lib/python3.10/site-packages/ros2_data/action/_move_r.py'...
[11.202s] Compiling '/home/manideep/FrankaSimulator_Ws/install/ros2_data/lib/python3.10/site-packages/ros2_data/action/_move_rot.py'...
[11.202s] Compiling '/home/manideep/FrankaSimulator_Ws/install/ros2_data/lib/python3.10/site-packages/ros2_data/action/_move_rp.py'...
[11.202s] Compiling '/home/manideep/FrankaSimulator_Ws/install/ros2_data/lib/python3.10/site-packages/ros2_data/action/_move_xyz.py'...
[11.202s] Compiling '/home/manideep/FrankaSimulator_Ws/install/ros2_data/lib/python3.10/site-packages/ros2_data/action/_move_xyzw.py'...
[11.202s] Compiling '/home/manideep/FrankaSimulator_Ws/install/ros2_data/lib/python3.10/site-packages/ros2_data/action/_move_ypr.py'...
[11.202s] Listing '/home/manideep/FrankaSimulator_Ws/install/ros2_data/lib/python3.10/site-packages/ros2_data/msg'...
[11.203s] Compiling '/home/manideep/FrankaSimulator_Ws/install/ros2_data/lib/python3.10/site-packages/ros2_data/msg/__init__.py'...
[11.203s] Compiling '/home/manideep/FrankaSimulator_Ws/install/ros2_data/lib/python3.10/site-packages/ros2_data/msg/_joint_pose.py'...
[11.203s] Compiling '/home/manideep/FrankaSimulator_Ws/install/ros2_data/lib/python3.10/site-packages/ros2_data/msg/_joint_pose_s.py'...
[11.206s] -- Installing: /home/manideep/FrankaSimulator_Ws/install/ros2_data/lib/python3.10/site-packages/ros2_data/ros2_data_s__rosidl_typesupport_fastrtps_c.cpython-310-x86_64-linux-gnu.so
[11.206s] -- Set runtime path of "/home/manideep/FrankaSimulator_Ws/install/ros2_data/lib/python3.10/site-packages/ros2_data/ros2_data_s__rosidl_typesupport_fastrtps_c.cpython-310-x86_64-linux-gnu.so" to ""
[11.206s] -- Installing: /home/manideep/FrankaSimulator_Ws/install/ros2_data/lib/python3.10/site-packages/ros2_data/ros2_data_s__rosidl_typesupport_introspection_c.cpython-310-x86_64-linux-gnu.so
[11.206s] -- Set runtime path of "/home/manideep/FrankaSimulator_Ws/install/ros2_data/lib/python3.10/site-packages/ros2_data/ros2_data_s__rosidl_typesupport_introspection_c.cpython-310-x86_64-linux-gnu.so" to ""
[11.207s] -- Installing: /home/manideep/FrankaSimulator_Ws/install/ros2_data/lib/python3.10/site-packages/ros2_data/ros2_data_s__rosidl_typesupport_c.cpython-310-x86_64-linux-gnu.so
[11.207s] -- Set runtime path of "/home/manideep/FrankaSimulator_Ws/install/ros2_data/lib/python3.10/site-packages/ros2_data/ros2_data_s__rosidl_typesupport_c.cpython-310-x86_64-linux-gnu.so" to ""
[11.207s] -- Installing: /home/manideep/FrankaSimulator_Ws/install/ros2_data/lib/libros2_data__rosidl_generator_py.so
[11.207s] -- Set runtime path of "/home/manideep/FrankaSimulator_Ws/install/ros2_data/lib/libros2_data__rosidl_generator_py.so" to ""
[11.207s] -- Installing: /home/manideep/FrankaSimulator_Ws/install/ros2_data/share/ros2_data/msg/JointPose.idl
[11.208s] -- Installing: /home/manideep/FrankaSimulator_Ws/install/ros2_data/share/ros2_data/msg/JointPoseS.idl
[11.208s] -- Installing: /home/manideep/FrankaSimulator_Ws/install/ros2_data/share/ros2_data/action/MoveJ.idl
[11.208s] -- Installing: /home/manideep/FrankaSimulator_Ws/install/ros2_data/share/ros2_data/action/MoveJs.idl
[11.208s] -- Installing: /home/manideep/FrankaSimulator_Ws/install/ros2_data/share/ros2_data/action/MoveG.idl
[11.208s] -- Installing: /home/manideep/FrankaSimulator_Ws/install/ros2_data/share/ros2_data/action/MoveXYZW.idl
[11.208s] -- Installing: /home/manideep/FrankaSimulator_Ws/install/ros2_data/share/ros2_data/action/MoveL.idl
[11.208s] -- Installing: /home/manideep/FrankaSimulator_Ws/install/ros2_data/share/ros2_data/action/MoveR.idl
[11.208s] -- Installing: /home/manideep/FrankaSimulator_Ws/install/ros2_data/share/ros2_data/action/MoveXYZ.idl
[11.208s] -- Installing: /home/manideep/FrankaSimulator_Ws/install/ros2_data/share/ros2_data/action/MoveYPR.idl
[11.208s] -- Installing: /home/manideep/FrankaSimulator_Ws/install/ros2_data/share/ros2_data/action/MoveROT.idl
[11.208s] -- Installing: /home/manideep/FrankaSimulator_Ws/install/ros2_data/share/ros2_data/action/MoveRP.idl
[11.208s] -- Installing: /home/manideep/FrankaSimulator_Ws/install/ros2_data/share/ros2_data/action/Attacher.idl
[11.208s] -- Installing: /home/manideep/FrankaSimulator_Ws/install/ros2_data/share/ros2_data/msg/JointPose.msg
[11.208s] -- Installing: /home/manideep/FrankaSimulator_Ws/install/ros2_data/share/ros2_data/msg/JointPoseS.msg
[11.209s] -- Installing: /home/manideep/FrankaSimulator_Ws/install/ros2_data/share/ros2_data/action/MoveJ.action
[11.209s] -- Installing: /home/manideep/FrankaSimulator_Ws/install/ros2_data/share/ros2_data/action/MoveJs.action
[11.209s] -- Installing: /home/manideep/FrankaSimulator_Ws/install/ros2_data/share/ros2_data/action/MoveG.action
[11.209s] -- Installing: /home/manideep/FrankaSimulator_Ws/install/ros2_data/share/ros2_data/action/MoveXYZW.action
[11.209s] -- Installing: /home/manideep/FrankaSimulator_Ws/install/ros2_data/share/ros2_data/action/MoveL.action
[11.209s] -- Installing: /home/manideep/FrankaSimulator_Ws/install/ros2_data/share/ros2_data/action/MoveR.action
[11.209s] -- Installing: /home/manideep/FrankaSimulator_Ws/install/ros2_data/share/ros2_data/action/MoveXYZ.action
[11.209s] -- Installing: /home/manideep/FrankaSimulator_Ws/install/ros2_data/share/ros2_data/action/MoveYPR.action
[11.209s] -- Installing: /home/manideep/FrankaSimulator_Ws/install/ros2_data/share/ros2_data/action/MoveROT.action
[11.209s] -- Installing: /home/manideep/FrankaSimulator_Ws/install/ros2_data/share/ros2_data/action/MoveRP.action
[11.209s] -- Installing: /home/manideep/FrankaSimulator_Ws/install/ros2_data/share/ros2_data/action/Attacher.action
[11.209s] -- Installing: /home/manideep/FrankaSimulator_Ws/install/ros2_data/share/ros2_data/urdf
[11.210s] -- Installing: /home/manideep/FrankaSimulator_Ws/install/ros2_data/share/ros2_data/urdf/box.urdf
[11.210s] -- Installing: /home/manideep/FrankaSimulator_Ws/install/ros2_data/lib/ros2_data/attacher_action.py
[11.210s] -- Installing: /home/manideep/FrankaSimulator_Ws/install/ros2_data/lib/ros2_data/spawn_object.py
[11.210s] -- Installing: /home/manideep/FrankaSimulator_Ws/install/ros2_data/share/ament_index/resource_index/package_run_dependencies/ros2_data
[11.210s] -- Installing: /home/manideep/FrankaSimulator_Ws/install/ros2_data/share/ament_index/resource_index/parent_prefix_path/ros2_data
[11.210s] -- Installing: /home/manideep/FrankaSimulator_Ws/install/ros2_data/share/ros2_data/environment/ament_prefix_path.sh
[11.210s] -- Installing: /home/manideep/FrankaSimulator_Ws/install/ros2_data/share/ros2_data/environment/ament_prefix_path.dsv
[11.210s] -- Installing: /home/manideep/FrankaSimulator_Ws/install/ros2_data/share/ros2_data/environment/path.sh
[11.210s] -- Installing: /home/manideep/FrankaSimulator_Ws/install/ros2_data/share/ros2_data/environment/path.dsv
[11.210s] -- Installing: /home/manideep/FrankaSimulator_Ws/install/ros2_data/share/ros2_data/local_setup.bash
[11.210s] -- Installing: /home/manideep/FrankaSimulator_Ws/install/ros2_data/share/ros2_data/local_setup.sh
[11.211s] -- Installing: /home/manideep/FrankaSimulator_Ws/install/ros2_data/share/ros2_data/local_setup.zsh
[11.211s] -- Installing: /home/manideep/FrankaSimulator_Ws/install/ros2_data/share/ros2_data/local_setup.dsv
[11.211s] -- Installing: /home/manideep/FrankaSimulator_Ws/install/ros2_data/share/ros2_data/package.dsv
[11.211s] -- Installing: /home/manideep/FrankaSimulator_Ws/install/ros2_data/share/ament_index/resource_index/packages/ros2_data
[11.211s] -- Installing: /home/manideep/FrankaSimulator_Ws/install/ros2_data/share/ros2_data/cmake/export_ros2_data__rosidl_generator_cExport.cmake
[11.211s] -- Installing: /home/manideep/FrankaSimulator_Ws/install/ros2_data/share/ros2_data/cmake/export_ros2_data__rosidl_generator_cExport-noconfig.cmake
[11.211s] -- Installing: /home/manideep/FrankaSimulator_Ws/install/ros2_data/share/ros2_data/cmake/export_ros2_data__rosidl_typesupport_fastrtps_cExport.cmake
[11.211s] -- Installing: /home/manideep/FrankaSimulator_Ws/install/ros2_data/share/ros2_data/cmake/export_ros2_data__rosidl_typesupport_fastrtps_cExport-noconfig.cmake
[11.211s] -- Installing: /home/manideep/FrankaSimulator_Ws/install/ros2_data/share/ros2_data/cmake/ros2_data__rosidl_typesupport_introspection_cExport.cmake
[11.211s] -- Installing: /home/manideep/FrankaSimulator_Ws/install/ros2_data/share/ros2_data/cmake/ros2_data__rosidl_typesupport_introspection_cExport-noconfig.cmake
[11.212s] -- Installing: /home/manideep/FrankaSimulator_Ws/install/ros2_data/share/ros2_data/cmake/ros2_data__rosidl_typesupport_cExport.cmake
[11.212s] -- Installing: /home/manideep/FrankaSimulator_Ws/install/ros2_data/share/ros2_data/cmake/ros2_data__rosidl_typesupport_cExport-noconfig.cmake
[11.212s] -- Installing: /home/manideep/FrankaSimulator_Ws/install/ros2_data/share/ros2_data/cmake/export_ros2_data__rosidl_generator_cppExport.cmake
[11.212s] -- Installing: /home/manideep/FrankaSimulator_Ws/install/ros2_data/share/ros2_data/cmake/export_ros2_data__rosidl_typesupport_fastrtps_cppExport.cmake
[11.212s] -- Installing: /home/manideep/FrankaSimulator_Ws/install/ros2_data/share/ros2_data/cmake/export_ros2_data__rosidl_typesupport_fastrtps_cppExport-noconfig.cmake
[11.212s] -- Installing: /home/manideep/FrankaSimulator_Ws/install/ros2_data/share/ros2_data/cmake/ros2_data__rosidl_typesupport_introspection_cppExport.cmake
[11.212s] -- Installing: /home/manideep/FrankaSimulator_Ws/install/ros2_data/share/ros2_data/cmake/ros2_data__rosidl_typesupport_introspection_cppExport-noconfig.cmake
[11.212s] -- Installing: /home/manideep/FrankaSimulator_Ws/install/ros2_data/share/ros2_data/cmake/ros2_data__rosidl_typesupport_cppExport.cmake
[11.212s] -- Installing: /home/manideep/FrankaSimulator_Ws/install/ros2_data/share/ros2_data/cmake/ros2_data__rosidl_typesupport_cppExport-noconfig.cmake
[11.212s] -- Installing: /home/manideep/FrankaSimulator_Ws/install/ros2_data/share/ros2_data/cmake/export_ros2_data__rosidl_generator_pyExport.cmake
[11.213s] -- Installing: /home/manideep/FrankaSimulator_Ws/install/ros2_data/share/ros2_data/cmake/export_ros2_data__rosidl_generator_pyExport-noconfig.cmake
[11.213s] -- Installing: /home/manideep/FrankaSimulator_Ws/install/ros2_data/share/ros2_data/cmake/rosidl_cmake-extras.cmake
[11.213s] -- Installing: /home/manideep/FrankaSimulator_Ws/install/ros2_data/share/ros2_data/cmake/ament_cmake_export_dependencies-extras.cmake
[11.213s] -- Installing: /home/manideep/FrankaSimulator_Ws/install/ros2_data/share/ros2_data/cmake/ament_cmake_export_include_directories-extras.cmake
[11.213s] -- Installing: /home/manideep/FrankaSimulator_Ws/install/ros2_data/share/ros2_data/cmake/ament_cmake_export_libraries-extras.cmake
[11.213s] -- Installing: /home/manideep/FrankaSimulator_Ws/install/ros2_data/share/ros2_data/cmake/ament_cmake_export_targets-extras.cmake
[11.213s] -- Installing: /home/manideep/FrankaSimulator_Ws/install/ros2_data/share/ros2_data/cmake/rosidl_cmake_export_typesupport_targets-extras.cmake
[11.213s] -- Installing: /home/manideep/FrankaSimulator_Ws/install/ros2_data/share/ros2_data/cmake/rosidl_cmake_export_typesupport_libraries-extras.cmake
[11.213s] -- Installing: /home/manideep/FrankaSimulator_Ws/install/ros2_data/share/ros2_data/cmake/ros2_dataConfig.cmake
[11.213s] -- Installing: /home/manideep/FrankaSimulator_Ws/install/ros2_data/share/ros2_data/cmake/ros2_dataConfig-version.cmake
[11.213s] -- Installing: /home/manideep/FrankaSimulator_Ws/install/ros2_data/share/ros2_data/package.xml
[11.215s] Invoked command in '/home/manideep/FrankaSimulator_Ws/build/ros2_data' returned '0': CMAKE_PREFIX_PATH=${CMAKE_PREFIX_PATH}:/home/manideep/ws_moveit2/install/moveit_configs_utils:/home/manideep/ws_moveit2/install/launch_param_builder:/opt/ros/humble /usr/bin/cmake --install /home/manideep/FrankaSimulator_Ws/build/ros2_data
