[0.022s] Invoking command in '/home/manideep/FrankaSimulator_Ws/src/build/gazebo_ros2_control': CMAKE_PREFIX_PATH=${CMAKE_PREFIX_PATH}:/home/manideep/FrankaSimulator_Ws/install/teleop_keyboard_pkg:/home/manideep/ws_moveit2/install/moveit_configs_utils:/home/manideep/ws_moveit2/install/launch_param_builder:/opt/ros/humble /usr/bin/cmake /home/manideep/FrankaSimulator_Ws/src/gazebo_ros2_control/gazebo_ros2_control -DCMAKE_INSTALL_PREFIX=/home/manideep/FrankaSimulator_Ws/src/install/gazebo_ros2_control
[0.124s] -- The C compiler identification is GNU 11.4.0
[0.190s] -- The CXX compiler identification is GNU 11.4.0
[0.198s] -- Detecting C compiler ABI info
[0.290s] -- Detecting C compiler ABI info - done
[0.298s] -- Check for working C compiler: /usr/bin/cc - skipped
[0.298s] -- Detecting C compile features
[0.299s] -- Detecting C compile features - done
[0.302s] -- Detecting CXX compiler ABI info
[0.389s] -- Detecting CXX compiler ABI info - done
[0.396s] -- Check for working CXX compiler: /usr/bin/c++ - skipped
[0.396s] -- Detecting CXX compile features
[0.396s] -- Detecting CXX compile features - done
[0.401s] -- Found ament_cmake: 1.3.10 (/opt/ros/humble/share/ament_cmake/cmake)
[0.545s] -- Found Python3: /home/manideep/bin/python3 (found version "3.10.12") found components: Interpreter 
[0.649s] -- Found angles: 1.15.0 (/opt/ros/humble/share/angles/cmake)
[0.655s] -- Found controller_manager: 2.43.1 (/opt/ros/humble/share/controller_manager/cmake)
[0.742s] -- Found rosidl_generator_c: 3.1.5 (/opt/ros/humble/share/rosidl_generator_c/cmake)
[0.751s] -- Found rosidl_adapter: 3.1.5 (/opt/ros/humble/share/rosidl_adapter/cmake)
[0.763s] -- Found rosidl_generator_cpp: 3.1.5 (/opt/ros/humble/share/rosidl_generator_cpp/cmake)
[0.778s] -- Using all available rosidl_typesupport_c: rosidl_typesupport_fastrtps_c;rosidl_typesupport_introspection_c
[0.800s] -- Using all available rosidl_typesupport_cpp: rosidl_typesupport_fastrtps_cpp;rosidl_typesupport_introspection_cpp
[1.101s] -- Found rmw_implementation_cmake: 6.1.2 (/opt/ros/humble/share/rmw_implementation_cmake/cmake)
[1.108s] -- Found rmw_cyclonedds_cpp: 1.3.4 (/opt/ros/humble/share/rmw_cyclonedds_cpp/cmake)
[1.150s] -- Using RMW implementation 'rmw_cyclonedds_cpp' as default
[1.165s] -- Looking for pthread.h
[1.244s] -- Looking for pthread.h - found
[1.244s] -- Performing Test CMAKE_HAVE_LIBC_PTHREAD
[1.323s] -- Performing Test CMAKE_HAVE_LIBC_PTHREAD - Success
[1.324s] -- Found Threads: TRUE  
[1.422s] -- Found gazebo_dev: 3.7.0 (/opt/ros/humble/share/gazebo_dev/cmake)
[1.433s] -- Found PkgConfig: /usr/bin/pkg-config (found version "0.29.2") 
[1.434s] -- Checking for module 'bullet>=2.82'
[1.451s] --   Found bullet, version 3.05
[1.592s] -- Found fcl: /usr/include (found suitable version "0.7.0", minimum required is "0.5.0") 
[1.653s] -- Found assimp: /usr/include (found version "5.2.0") 
[1.683s] -- Found DART: /usr/include (Required is at least version "6.6") found components: dart 
[1.729s] -- Found Boost: /usr/lib/x86_64-linux-gnu/cmake/Boost-1.74.0/BoostConfig.cmake (found suitable version "1.74.0", minimum required is "1.40.0") found components: thread system filesystem program_options regex iostreams date_time 
[1.749s] -- Found Protobuf: /usr/lib/x86_64-linux-gnu/libprotobuf.so (found version "3.12.4") 
[1.759s] -- Looking for ignition-math6 -- found version 6.15.1
[1.768s] -- Searching for dependencies of ignition-math6
[1.769s] -- Looking for OGRE...
[1.770s] -- OGRE_PREFIX_WATCH changed.
[1.775s] -- Checking for module 'OGRE'
[1.793s] --   Found OGRE, version 1.9.0
[1.848s] -- Found Ogre Ghadamon (1.9.0)
[1.879s] -- Found OGRE: optimized;/usr/lib/x86_64-linux-gnu/libOgreMain.so;debug;/usr/lib/x86_64-linux-gnu/libOgreMain.so
[1.891s] -- Looking for OGRE_Paging...
[1.900s] -- Found OGRE_Paging: optimized;/usr/lib/x86_64-linux-gnu/libOgrePaging.so;debug;/usr/lib/x86_64-linux-gnu/libOgrePaging.so
[1.900s] -- Looking for OGRE_Terrain...
[1.908s] -- Found OGRE_Terrain: optimized;/usr/lib/x86_64-linux-gnu/libOgreTerrain.so;debug;/usr/lib/x86_64-linux-gnu/libOgreTerrain.so
[1.909s] -- Looking for OGRE_Property...
[1.916s] -- Found OGRE_Property: optimized;/usr/lib/x86_64-linux-gnu/libOgreProperty.so;debug;/usr/lib/x86_64-linux-gnu/libOgreProperty.so
[1.917s] -- Looking for OGRE_RTShaderSystem...
[1.924s] -- Found OGRE_RTShaderSystem: optimized;/usr/lib/x86_64-linux-gnu/libOgreRTShaderSystem.so;debug;/usr/lib/x86_64-linux-gnu/libOgreRTShaderSystem.so
[1.924s] -- Looking for OGRE_Volume...
[1.931s] -- Found OGRE_Volume: optimized;/usr/lib/x86_64-linux-gnu/libOgreVolume.so;debug;/usr/lib/x86_64-linux-gnu/libOgreVolume.so
[1.932s] -- Looking for OGRE_Overlay...
[1.939s] -- Found OGRE_Overlay: optimized;/usr/lib/x86_64-linux-gnu/libOgreOverlay.so;debug;/usr/lib/x86_64-linux-gnu/libOgreOverlay.so
[2.113s] -- Looking for ignition-math6 -- found version 6.15.1
[2.118s] -- Looking for ignition-transport8 -- found version 8.2.1
[2.118s] -- Searching for dependencies of ignition-transport8
[2.135s] -- Found Protobuf: /usr/lib/x86_64-linux-gnu/libprotobuf.so (found suitable version "3.12.4", minimum required is "3") 
[2.149s] -- Config-file not installed for ZeroMQ -- checking for pkg-config
[2.156s] -- Checking for module 'libzmq >= 4'
[2.177s] --   Found libzmq , version 4.3.4
[2.220s] -- Found ZeroMQ: TRUE (Required is at least version "4") 
[2.227s] -- Checking for module 'uuid'
[2.246s] --   Found uuid, version 2.37.2
[2.288s] -- Found UUID: TRUE  
[2.294s] -- Looking for ignition-msgs5 -- found version 5.8.1
[2.294s] -- Searching for dependencies of ignition-msgs5
[2.314s] -- Looking for ignition-math6 -- found version 6.15.1
[2.321s] -- Checking for module 'tinyxml2'
[2.338s] --   Found tinyxml2, version 9.0.0
[2.383s] -- Looking for ignition-msgs5 -- found version 5.8.1
[2.387s] -- Looking for ignition-common3 -- found version 3.14.0
[2.387s] -- Searching for dependencies of ignition-common3
[2.388s] -- Looking for dlfcn.h - found
[2.389s] -- Looking for libdl - found
[2.390s] -- Found DL: TRUE  
[2.405s] -- Found tinyobjloader: /usr/lib/x86_64-linux-gnu/cmake/tinyobjloader/tinyobjloader-config.cmake (found version "2.0.0") 
[2.405s] -- Searching for <ignition-common3> component [graphics]
[2.410s] -- Looking for ignition-common3-graphics -- found version 3.14.0
[2.410s] -- Searching for dependencies of ignition-common3-graphics
[2.410s] -- Looking for ignition-math6 -- found version 6.15.1
[2.416s] -- Looking for ignition-fuel_tools4 -- found version 4.4.0
[2.416s] -- Searching for dependencies of ignition-fuel_tools4
[2.519s] -- Found CURL: /usr/lib/x86_64-linux-gnu/libcurl.so (found version "7.81.0")  
[2.531s] -- Checking for module 'jsoncpp'
[2.551s] --   Found jsoncpp, version 1.9.5
[2.593s] -- Found JSONCPP: TRUE  
[2.599s] -- Checking for module 'libzip'
[2.620s] --   Found libzip, version 1.7.3
[2.659s] -- Found ZIP: TRUE  
[2.660s] -- Looking for ignition-common3 -- found version 3.14.0
[2.660s] -- Looking for ignition-math6 -- found version 6.15.1
[2.660s] -- Looking for ignition-msgs5 -- found version 5.8.1
[2.668s] -- Gazebo version: 11.10
[2.668s] -- Checking for module 'tbb'
[2.688s] --   Found tbb, version 2021.5.0
[2.732s] -- Found gazebo_ros: 3.7.0 (/opt/ros/humble/share/gazebo_ros/cmake)
[2.739s] -- Found yaml_cpp_vendor: 8.0.2 (/opt/ros/humble/share/yaml_cpp_vendor/cmake)
[2.832s] -- Found ament_cmake_gtest: 1.3.10 (/opt/ros/humble/share/ament_cmake_gtest/cmake)
[2.836s] -- Found ament_lint_auto: 0.12.11 (/opt/ros/humble/share/ament_lint_auto/cmake)
[2.956s] -- Added test 'copyright' to check source files copyright and LICENSE
[2.958s] -- Added test 'cppcheck' to perform static code analysis on C / C++ code
[2.958s] -- Configured cppcheck include dirs: /home/manideep/FrankaSimulator_Ws/src/gazebo_ros2_control/gazebo_ros2_control/include
[2.958s] -- Configured cppcheck exclude dirs and/or files: 
[2.960s] -- Added test 'cpplint' to check C / C++ code against the Google style
[2.960s] -- Configured cpplint exclude dirs and/or files: 
[2.961s] -- Added test 'lint_cmake' to check CMake code style
[2.964s] -- Added test 'uncrustify' to check C / C++ code style
[2.964s] -- Configured uncrustify additional arguments: 
[2.965s] -- Added test 'xmllint' to check XML markup files
[2.967s] -- Configuring done
[3.016s] -- Generating done
[3.024s] -- Build files have been written to: /home/manideep/FrankaSimulator_Ws/src/build/gazebo_ros2_control
[3.037s] Invoked command in '/home/manideep/FrankaSimulator_Ws/src/build/gazebo_ros2_control' returned '0': CMAKE_PREFIX_PATH=${CMAKE_PREFIX_PATH}:/home/manideep/FrankaSimulator_Ws/install/teleop_keyboard_pkg:/home/manideep/ws_moveit2/install/moveit_configs_utils:/home/manideep/ws_moveit2/install/launch_param_builder:/opt/ros/humble /usr/bin/cmake /home/manideep/FrankaSimulator_Ws/src/gazebo_ros2_control/gazebo_ros2_control -DCMAKE_INSTALL_PREFIX=/home/manideep/FrankaSimulator_Ws/src/install/gazebo_ros2_control
[3.039s] Invoking command in '/home/manideep/FrankaSimulator_Ws/src/build/gazebo_ros2_control': CMAKE_PREFIX_PATH=${CMAKE_PREFIX_PATH}:/home/manideep/FrankaSimulator_Ws/install/teleop_keyboard_pkg:/home/manideep/ws_moveit2/install/moveit_configs_utils:/home/manideep/ws_moveit2/install/launch_param_builder:/opt/ros/humble /usr/bin/cmake --build /home/manideep/FrankaSimulator_Ws/src/build/gazebo_ros2_control -- -j16 -l16
[3.101s] [ 25%] [32mBuilding CXX object CMakeFiles/gazebo_ros2_control.dir/src/gazebo_ros2_control_plugin.cpp.o[0m
[3.102s] [ 50%] [32mBuilding CXX object CMakeFiles/gazebo_hardware_plugins.dir/src/gazebo_system.cpp.o[0m
[16.480s] [ 75%] [32m[1mLinking CXX shared library libgazebo_hardware_plugins.so[0m
[17.675s] [ 75%] Built target gazebo_hardware_plugins
[19.400s] [100%] [32m[1mLinking CXX shared library libgazebo_ros2_control.so[0m
[20.898s] [100%] Built target gazebo_ros2_control
[20.929s] Invoked command in '/home/manideep/FrankaSimulator_Ws/src/build/gazebo_ros2_control' returned '0': CMAKE_PREFIX_PATH=${CMAKE_PREFIX_PATH}:/home/manideep/FrankaSimulator_Ws/install/teleop_keyboard_pkg:/home/manideep/ws_moveit2/install/moveit_configs_utils:/home/manideep/ws_moveit2/install/launch_param_builder:/opt/ros/humble /usr/bin/cmake --build /home/manideep/FrankaSimulator_Ws/src/build/gazebo_ros2_control -- -j16 -l16
[20.932s] Invoking command in '/home/manideep/FrankaSimulator_Ws/src/build/gazebo_ros2_control': CMAKE_PREFIX_PATH=${CMAKE_PREFIX_PATH}:/home/manideep/FrankaSimulator_Ws/install/teleop_keyboard_pkg:/home/manideep/ws_moveit2/install/moveit_configs_utils:/home/manideep/ws_moveit2/install/launch_param_builder:/opt/ros/humble /usr/bin/cmake --install /home/manideep/FrankaSimulator_Ws/src/build/gazebo_ros2_control
[20.956s] -- Install configuration: ""
[20.956s] -- Installing: /home/manideep/FrankaSimulator_Ws/src/install/gazebo_ros2_control/lib/libgazebo_ros2_control.so
[20.959s] -- Set runtime path of "/home/manideep/FrankaSimulator_Ws/src/install/gazebo_ros2_control/lib/libgazebo_ros2_control.so" to ""
[20.960s] -- Installing: /home/manideep/FrankaSimulator_Ws/src/install/gazebo_ros2_control/lib/libgazebo_hardware_plugins.so
[20.963s] -- Set runtime path of "/home/manideep/FrankaSimulator_Ws/src/install/gazebo_ros2_control/lib/libgazebo_hardware_plugins.so" to ""
[20.963s] -- Installing: /home/manideep/FrankaSimulator_Ws/src/install/gazebo_ros2_control/share/gazebo_ros2_control/environment/library_path.sh
[20.964s] -- Installing: /home/manideep/FrankaSimulator_Ws/src/install/gazebo_ros2_control/share/gazebo_ros2_control/environment/library_path.dsv
[20.964s] -- Installing: /home/manideep/FrankaSimulator_Ws/src/install/gazebo_ros2_control/include/gazebo_ros2_control
[20.964s] -- Installing: /home/manideep/FrankaSimulator_Ws/src/install/gazebo_ros2_control/include/gazebo_ros2_control/gazebo_ros2_control_plugin.hpp
[20.964s] -- Installing: /home/manideep/FrankaSimulator_Ws/src/install/gazebo_ros2_control/include/gazebo_ros2_control/gazebo_system.hpp
[20.964s] -- Installing: /home/manideep/FrankaSimulator_Ws/src/install/gazebo_ros2_control/include/gazebo_ros2_control/gazebo_system_interface.hpp
[20.965s] -- Installing: /home/manideep/FrankaSimulator_Ws/src/install/gazebo_ros2_control/share/gazebo_ros2_control/gazebo_hardware_plugins.xml
[20.970s] -- Installing: /home/manideep/FrankaSimulator_Ws/src/install/gazebo_ros2_control/share/ament_index/resource_index/package_run_dependencies/gazebo_ros2_control
[20.970s] -- Installing: /home/manideep/FrankaSimulator_Ws/src/install/gazebo_ros2_control/share/ament_index/resource_index/parent_prefix_path/gazebo_ros2_control
[20.970s] -- Installing: /home/manideep/FrankaSimulator_Ws/src/install/gazebo_ros2_control/share/gazebo_ros2_control/environment/ament_prefix_path.sh
[20.970s] -- Installing: /home/manideep/FrankaSimulator_Ws/src/install/gazebo_ros2_control/share/gazebo_ros2_control/environment/ament_prefix_path.dsv
[20.970s] -- Installing: /home/manideep/FrankaSimulator_Ws/src/install/gazebo_ros2_control/share/gazebo_ros2_control/environment/path.sh
[20.970s] -- Installing: /home/manideep/FrankaSimulator_Ws/src/install/gazebo_ros2_control/share/gazebo_ros2_control/environment/path.dsv
[20.970s] -- Installing: /home/manideep/FrankaSimulator_Ws/src/install/gazebo_ros2_control/share/gazebo_ros2_control/local_setup.bash
[20.970s] -- Installing: /home/manideep/FrankaSimulator_Ws/src/install/gazebo_ros2_control/share/gazebo_ros2_control/local_setup.sh
[20.970s] -- Installing: /home/manideep/FrankaSimulator_Ws/src/install/gazebo_ros2_control/share/gazebo_ros2_control/local_setup.zsh
[20.970s] -- Installing: /home/manideep/FrankaSimulator_Ws/src/install/gazebo_ros2_control/share/gazebo_ros2_control/local_setup.dsv
[20.970s] -- Installing: /home/manideep/FrankaSimulator_Ws/src/install/gazebo_ros2_control/share/gazebo_ros2_control/package.dsv
[20.971s] -- Installing: /home/manideep/FrankaSimulator_Ws/src/install/gazebo_ros2_control/share/ament_index/resource_index/packages/gazebo_ros2_control
[20.971s] -- Installing: /home/manideep/FrankaSimulator_Ws/src/install/gazebo_ros2_control/share/ament_index/resource_index/gazebo_ros2_control__pluginlib__plugin/gazebo_ros2_control
[20.971s] -- Installing: /home/manideep/FrankaSimulator_Ws/src/install/gazebo_ros2_control/share/gazebo_ros2_control/cmake/ament_cmake_export_include_directories-extras.cmake
[20.971s] -- Installing: /home/manideep/FrankaSimulator_Ws/src/install/gazebo_ros2_control/share/gazebo_ros2_control/cmake/ament_cmake_export_dependencies-extras.cmake
[20.971s] -- Installing: /home/manideep/FrankaSimulator_Ws/src/install/gazebo_ros2_control/share/gazebo_ros2_control/cmake/ament_cmake_export_libraries-extras.cmake
[20.971s] -- Installing: /home/manideep/FrankaSimulator_Ws/src/install/gazebo_ros2_control/share/gazebo_ros2_control/cmake/gazebo_ros2_controlConfig.cmake
[20.971s] -- Installing: /home/manideep/FrankaSimulator_Ws/src/install/gazebo_ros2_control/share/gazebo_ros2_control/cmake/gazebo_ros2_controlConfig-version.cmake
[20.971s] -- Installing: /home/manideep/FrankaSimulator_Ws/src/install/gazebo_ros2_control/share/gazebo_ros2_control/package.xml
[20.975s] Invoked command in '/home/manideep/FrankaSimulator_Ws/src/build/gazebo_ros2_control' returned '0': CMAKE_PREFIX_PATH=${CMAKE_PREFIX_PATH}:/home/manideep/FrankaSimulator_Ws/install/teleop_keyboard_pkg:/home/manideep/ws_moveit2/install/moveit_configs_utils:/home/manideep/ws_moveit2/install/launch_param_builder:/opt/ros/humble /usr/bin/cmake --install /home/manideep/FrankaSimulator_Ws/src/build/gazebo_ros2_control
