[0.017s] Invoking command in '/home/manideep/FrankaSimulator_Ws/build/ros2_data': CMAKE_PREFIX_PATH=${CMAKE_PREFIX_PATH}:/home/manideep/ws_moveit2/install/moveit_configs_utils:/home/manideep/ws_moveit2/install/launch_param_builder:/opt/ros/humble /usr/bin/cmake --build /home/manideep/FrankaSimulator_Ws/build/ros2_data -- -j16 -l16
[0.072s] [35m[1mConsolidate compiler generated dependencies of target ros2_data__rosidl_generator_c[0m
[0.090s] [  0%] Built target ros2_data__cpp
[0.098s] [ 12%] Built target ros2_data__rosidl_generator_c
[0.113s] [ 12%] Built target ament_cmake_python_copy_ros2_data
[0.114s] [35m[1mConsolidate compiler generated dependencies of target ros2_data__rosidl_typesupport_introspection_cpp[0m
[0.119s] [35m[1mConsolidate compiler generated dependencies of target ros2_data__rosidl_typesupport_introspection_c[0m
[0.119s] [35m[1mConsolidate compiler generated dependencies of target ros2_data__rosidl_typesupport_c[0m
[0.120s] [35m[1mConsolidate compiler generated dependencies of target ros2_data__rosidl_typesupport_fastrtps_cpp[0m
[0.122s] [35m[1mConsolidate compiler generated dependencies of target ros2_data__rosidl_typesupport_cpp[0m
[0.122s] [35m[1mConsolidate compiler generated dependencies of target ros2_data__rosidl_typesupport_fastrtps_c[0m
[0.135s] [ 24%] Built target ros2_data__rosidl_typesupport_introspection_c
[0.138s] [ 39%] Built target ros2_data__rosidl_typesupport_introspection_cpp
[0.139s] [ 48%] Built target ros2_data__rosidl_typesupport_cpp
[0.141s] [ 60%] Built target ros2_data__rosidl_typesupport_fastrtps_c
[0.141s] [ 72%] Built target ros2_data__rosidl_typesupport_c
[0.145s] [ 84%] Built target ros2_data__rosidl_typesupport_fastrtps_cpp
[0.166s] [ 84%] Built target ros2_data
[0.187s] [ 85%] Built target ros2_data__py
[0.198s] [35m[1mConsolidate compiler generated dependencies of target ros2_data__rosidl_generator_py[0m
[0.213s] [ 96%] Built target ros2_data__rosidl_generator_py
[0.222s] [35m[1mConsolidate compiler generated dependencies of target ros2_data__rosidl_typesupport_introspection_c__pyext[0m
[0.222s] [35m[1mConsolidate compiler generated dependencies of target ros2_data__rosidl_typesupport_fastrtps_c__pyext[0m
[0.223s] [35m[1mConsolidate compiler generated dependencies of target ros2_data__rosidl_typesupport_c__pyext[0m
[0.233s] [ 98%] Built target ros2_data__rosidl_typesupport_introspection_c__pyext
[0.233s] [ 99%] Built target ros2_data__rosidl_typesupport_fastrtps_c__pyext
[0.234s] [100%] Built target ros2_data__rosidl_typesupport_c__pyext
[0.262s] running egg_info
[0.263s] writing ros2_data.egg-info/PKG-INFO
[0.263s] writing dependency_links to ros2_data.egg-info/dependency_links.txt
[0.263s] writing top-level names to ros2_data.egg-info/top_level.txt
[0.264s] reading manifest file 'ros2_data.egg-info/SOURCES.txt'
[0.265s] writing manifest file 'ros2_data.egg-info/SOURCES.txt'
[0.288s] [100%] Built target ament_cmake_python_build_ros2_data_egg
[0.299s] Invoked command in '/home/manideep/FrankaSimulator_Ws/build/ros2_data' returned '0': CMAKE_PREFIX_PATH=${CMAKE_PREFIX_PATH}:/home/manideep/ws_moveit2/install/moveit_configs_utils:/home/manideep/ws_moveit2/install/launch_param_builder:/opt/ros/humble /usr/bin/cmake --build /home/manideep/FrankaSimulator_Ws/build/ros2_data -- -j16 -l16
[0.301s] Invoking command in '/home/manideep/FrankaSimulator_Ws/build/ros2_data': CMAKE_PREFIX_PATH=${CMAKE_PREFIX_PATH}:/home/manideep/ws_moveit2/install/moveit_configs_utils:/home/manideep/ws_moveit2/install/launch_param_builder:/opt/ros/humble /usr/bin/cmake --install /home/manideep/FrankaSimulator_Ws/build/ros2_data
[0.313s] -- Install configuration: ""
[0.313s] -- Up-to-date: /home/manideep/FrankaSimulator_Ws/install/ros2_data/share/ament_index/resource_index/rosidl_interfaces/ros2_data
[0.313s] -- Up-to-date: /home/manideep/FrankaSimulator_Ws/install/ros2_data/include/ros2_data/ros2_data
[0.314s] -- Up-to-date: /home/manideep/FrankaSimulator_Ws/install/ros2_data/include/ros2_data/ros2_data/msg
[0.314s] -- Up-to-date: /home/manideep/FrankaSimulator_Ws/install/ros2_data/include/ros2_data/ros2_data/msg/joint_pose_s.h
[0.314s] -- Up-to-date: /home/manideep/FrankaSimulator_Ws/install/ros2_data/include/ros2_data/ros2_data/msg/rosidl_generator_c__visibility_control.h
[0.314s] -- Up-to-date: /home/manideep/FrankaSimulator_Ws/install/ros2_data/include/ros2_data/ros2_data/msg/joint_pose.h
[0.314s] -- Up-to-date: /home/manideep/FrankaSimulator_Ws/install/ros2_data/include/ros2_data/ros2_data/msg/detail
[0.314s] -- Up-to-date: /home/manideep/FrankaSimulator_Ws/install/ros2_data/include/ros2_data/ros2_data/msg/detail/joint_pose_s__struct.h
[0.314s] -- Up-to-date: /home/manideep/FrankaSimulator_Ws/install/ros2_data/include/ros2_data/ros2_data/msg/detail/joint_pose_s__type_support.h
[0.314s] -- Up-to-date: /home/manideep/FrankaSimulator_Ws/install/ros2_data/include/ros2_data/ros2_data/msg/detail/joint_pose_s__functions.h
[0.314s] -- Up-to-date: /home/manideep/FrankaSimulator_Ws/install/ros2_data/include/ros2_data/ros2_data/msg/detail/joint_pose__functions.c
[0.314s] -- Up-to-date: /home/manideep/FrankaSimulator_Ws/install/ros2_data/include/ros2_data/ros2_data/msg/detail/joint_pose__type_support.h
[0.314s] -- Up-to-date: /home/manideep/FrankaSimulator_Ws/install/ros2_data/include/ros2_data/ros2_data/msg/detail/joint_pose_s__functions.c
[0.314s] -- Up-to-date: /home/manideep/FrankaSimulator_Ws/install/ros2_data/include/ros2_data/ros2_data/msg/detail/joint_pose__struct.h
[0.315s] -- Up-to-date: /home/manideep/FrankaSimulator_Ws/install/ros2_data/include/ros2_data/ros2_data/msg/detail/joint_pose__functions.h
[0.315s] -- Up-to-date: /home/manideep/FrankaSimulator_Ws/install/ros2_data/include/ros2_data/ros2_data/action
[0.315s] -- Up-to-date: /home/manideep/FrankaSimulator_Ws/install/ros2_data/include/ros2_data/ros2_data/action/move_rot.h
[0.315s] -- Up-to-date: /home/manideep/FrankaSimulator_Ws/install/ros2_data/include/ros2_data/ros2_data/action/move_xyzw.h
[0.315s] -- Up-to-date: /home/manideep/FrankaSimulator_Ws/install/ros2_data/include/ros2_data/ros2_data/action/move_g.h
[0.315s] -- Up-to-date: /home/manideep/FrankaSimulator_Ws/install/ros2_data/include/ros2_data/ros2_data/action/move_xyz.h
[0.315s] -- Up-to-date: /home/manideep/FrankaSimulator_Ws/install/ros2_data/include/ros2_data/ros2_data/action/move_l.h
[0.315s] -- Up-to-date: /home/manideep/FrankaSimulator_Ws/install/ros2_data/include/ros2_data/ros2_data/action/attacher.h
[0.315s] -- Up-to-date: /home/manideep/FrankaSimulator_Ws/install/ros2_data/include/ros2_data/ros2_data/action/detail
[0.315s] -- Up-to-date: /home/manideep/FrankaSimulator_Ws/install/ros2_data/include/ros2_data/ros2_data/action/detail/move_j__functions.h
[0.315s] -- Up-to-date: /home/manideep/FrankaSimulator_Ws/install/ros2_data/include/ros2_data/ros2_data/action/detail/move_j__functions.c
[0.315s] -- Up-to-date: /home/manideep/FrankaSimulator_Ws/install/ros2_data/include/ros2_data/ros2_data/action/detail/move_rot__type_support.h
[0.315s] -- Up-to-date: /home/manideep/FrankaSimulator_Ws/install/ros2_data/include/ros2_data/ros2_data/action/detail/move_j__struct.h
[0.315s] -- Up-to-date: /home/manideep/FrankaSimulator_Ws/install/ros2_data/include/ros2_data/ros2_data/action/detail/move_l__type_support.h
[0.315s] -- Up-to-date: /home/manideep/FrankaSimulator_Ws/install/ros2_data/include/ros2_data/ros2_data/action/detail/move_xyzw__functions.h
[0.315s] -- Up-to-date: /home/manideep/FrankaSimulator_Ws/install/ros2_data/include/ros2_data/ros2_data/action/detail/move_ypr__functions.h
[0.315s] -- Up-to-date: /home/manideep/FrankaSimulator_Ws/install/ros2_data/include/ros2_data/ros2_data/action/detail/move_rot__struct.h
[0.315s] -- Up-to-date: /home/manideep/FrankaSimulator_Ws/install/ros2_data/include/ros2_data/ros2_data/action/detail/move_r__struct.h
[0.316s] -- Up-to-date: /home/manideep/FrankaSimulator_Ws/install/ros2_data/include/ros2_data/ros2_data/action/detail/move_rot__functions.c
[0.316s] -- Up-to-date: /home/manideep/FrankaSimulator_Ws/install/ros2_data/include/ros2_data/ros2_data/action/detail/attacher__functions.h
[0.316s] -- Up-to-date: /home/manideep/FrankaSimulator_Ws/install/ros2_data/include/ros2_data/ros2_data/action/detail/attacher__struct.h
[0.316s] -- Up-to-date: /home/manideep/FrankaSimulator_Ws/install/ros2_data/include/ros2_data/ros2_data/action/detail/move_js__type_support.h
[0.316s] -- Up-to-date: /home/manideep/FrankaSimulator_Ws/install/ros2_data/include/ros2_data/ros2_data/action/detail/move_js__functions.c
[0.316s] -- Up-to-date: /home/manideep/FrankaSimulator_Ws/install/ros2_data/include/ros2_data/ros2_data/action/detail/move_l__functions.h
[0.316s] -- Up-to-date: /home/manideep/FrankaSimulator_Ws/install/ros2_data/include/ros2_data/ros2_data/action/detail/attacher__functions.c
[0.316s] -- Up-to-date: /home/manideep/FrankaSimulator_Ws/install/ros2_data/include/ros2_data/ros2_data/action/detail/move_xyzw__functions.c
[0.316s] -- Up-to-date: /home/manideep/FrankaSimulator_Ws/install/ros2_data/include/ros2_data/ros2_data/action/detail/move_l__functions.c
[0.316s] -- Up-to-date: /home/manideep/FrankaSimulator_Ws/install/ros2_data/include/ros2_data/ros2_data/action/detail/move_ypr__type_support.h
[0.316s] -- Up-to-date: /home/manideep/FrankaSimulator_Ws/install/ros2_data/include/ros2_data/ros2_data/action/detail/attacher__type_support.h
[0.316s] -- Up-to-date: /home/manideep/FrankaSimulator_Ws/install/ros2_data/include/ros2_data/ros2_data/action/detail/move_rot__functions.h
[0.316s] -- Up-to-date: /home/manideep/FrankaSimulator_Ws/install/ros2_data/include/ros2_data/ros2_data/action/detail/move_rp__struct.h
[0.316s] -- Up-to-date: /home/manideep/FrankaSimulator_Ws/install/ros2_data/include/ros2_data/ros2_data/action/detail/move_rp__functions.c
[0.316s] -- Up-to-date: /home/manideep/FrankaSimulator_Ws/install/ros2_data/include/ros2_data/ros2_data/action/detail/move_xyzw__type_support.h
[0.316s] -- Up-to-date: /home/manideep/FrankaSimulator_Ws/install/ros2_data/include/ros2_data/ros2_data/action/detail/move_xyzw__struct.h
[0.317s] -- Up-to-date: /home/manideep/FrankaSimulator_Ws/install/ros2_data/include/ros2_data/ros2_data/action/detail/move_g__type_support.h
[0.317s] -- Up-to-date: /home/manideep/FrankaSimulator_Ws/install/ros2_data/include/ros2_data/ros2_data/action/detail/move_g__functions.c
[0.317s] -- Up-to-date: /home/manideep/FrankaSimulator_Ws/install/ros2_data/include/ros2_data/ros2_data/action/detail/move_j__type_support.h
[0.317s] -- Up-to-date: /home/manideep/FrankaSimulator_Ws/install/ros2_data/include/ros2_data/ros2_data/action/detail/move_rp__type_support.h
[0.317s] -- Up-to-date: /home/manideep/FrankaSimulator_Ws/install/ros2_data/include/ros2_data/ros2_data/action/detail/move_ypr__functions.c
[0.317s] -- Up-to-date: /home/manideep/FrankaSimulator_Ws/install/ros2_data/include/ros2_data/ros2_data/action/detail/move_ypr__struct.h
[0.317s] -- Up-to-date: /home/manideep/FrankaSimulator_Ws/install/ros2_data/include/ros2_data/ros2_data/action/detail/move_g__struct.h
[0.317s] -- Up-to-date: /home/manideep/FrankaSimulator_Ws/install/ros2_data/include/ros2_data/ros2_data/action/detail/move_xyz__functions.c
[0.317s] -- Up-to-date: /home/manideep/FrankaSimulator_Ws/install/ros2_data/include/ros2_data/ros2_data/action/detail/move_l__struct.h
[0.317s] -- Up-to-date: /home/manideep/FrankaSimulator_Ws/install/ros2_data/include/ros2_data/ros2_data/action/detail/move_js__functions.h
[0.317s] -- Up-to-date: /home/manideep/FrankaSimulator_Ws/install/ros2_data/include/ros2_data/ros2_data/action/detail/move_js__struct.h
[0.317s] -- Up-to-date: /home/manideep/FrankaSimulator_Ws/install/ros2_data/include/ros2_data/ros2_data/action/detail/move_g__functions.h
[0.317s] -- Up-to-date: /home/manideep/FrankaSimulator_Ws/install/ros2_data/include/ros2_data/ros2_data/action/detail/move_r__functions.h
[0.318s] -- Up-to-date: /home/manideep/FrankaSimulator_Ws/install/ros2_data/include/ros2_data/ros2_data/action/detail/move_xyz__type_support.h
[0.318s] -- Up-to-date: /home/manideep/FrankaSimulator_Ws/install/ros2_data/include/ros2_data/ros2_data/action/detail/move_r__functions.c
[0.318s] -- Up-to-date: /home/manideep/FrankaSimulator_Ws/install/ros2_data/include/ros2_data/ros2_data/action/detail/move_xyz__functions.h
[0.318s] -- Up-to-date: /home/manideep/FrankaSimulator_Ws/install/ros2_data/include/ros2_data/ros2_data/action/detail/move_r__type_support.h
[0.318s] -- Up-to-date: /home/manideep/FrankaSimulator_Ws/install/ros2_data/include/ros2_data/ros2_data/action/detail/move_rp__functions.h
[0.318s] -- Up-to-date: /home/manideep/FrankaSimulator_Ws/install/ros2_data/include/ros2_data/ros2_data/action/detail/move_xyz__struct.h
[0.318s] -- Up-to-date: /home/manideep/FrankaSimulator_Ws/install/ros2_data/include/ros2_data/ros2_data/action/move_j.h
[0.318s] -- Up-to-date: /home/manideep/FrankaSimulator_Ws/install/ros2_data/include/ros2_data/ros2_data/action/move_rp.h
[0.318s] -- Up-to-date: /home/manideep/FrankaSimulator_Ws/install/ros2_data/include/ros2_data/ros2_data/action/move_ypr.h
[0.318s] -- Up-to-date: /home/manideep/FrankaSimulator_Ws/install/ros2_data/include/ros2_data/ros2_data/action/move_r.h
[0.318s] -- Up-to-date: /home/manideep/FrankaSimulator_Ws/install/ros2_data/include/ros2_data/ros2_data/action/move_js.h
[0.318s] -- Up-to-date: /home/manideep/FrankaSimulator_Ws/install/ros2_data/share/ros2_data/environment/library_path.sh
[0.318s] -- Up-to-date: /home/manideep/FrankaSimulator_Ws/install/ros2_data/share/ros2_data/environment/library_path.dsv
[0.318s] -- Up-to-date: /home/manideep/FrankaSimulator_Ws/install/ros2_data/lib/libros2_data__rosidl_generator_c.so
[0.318s] -- Up-to-date: /home/manideep/FrankaSimulator_Ws/install/ros2_data/include/ros2_data/ros2_data
[0.318s] -- Up-to-date: /home/manideep/FrankaSimulator_Ws/install/ros2_data/include/ros2_data/ros2_data/msg
[0.318s] -- Up-to-date: /home/manideep/FrankaSimulator_Ws/install/ros2_data/include/ros2_data/ros2_data/msg/rosidl_typesupport_fastrtps_c__visibility_control.h
[0.319s] -- Up-to-date: /home/manideep/FrankaSimulator_Ws/install/ros2_data/include/ros2_data/ros2_data/msg/detail
[0.319s] -- Up-to-date: /home/manideep/FrankaSimulator_Ws/install/ros2_data/include/ros2_data/ros2_data/msg/detail/joint_pose_s__rosidl_typesupport_fastrtps_c.h
[0.319s] -- Up-to-date: /home/manideep/FrankaSimulator_Ws/install/ros2_data/include/ros2_data/ros2_data/msg/detail/joint_pose__rosidl_typesupport_fastrtps_c.h
[0.319s] -- Up-to-date: /home/manideep/FrankaSimulator_Ws/install/ros2_data/include/ros2_data/ros2_data/action
[0.319s] -- Up-to-date: /home/manideep/FrankaSimulator_Ws/install/ros2_data/include/ros2_data/ros2_data/action/detail
[0.319s] -- Up-to-date: /home/manideep/FrankaSimulator_Ws/install/ros2_data/include/ros2_data/ros2_data/action/detail/move_j__rosidl_typesupport_fastrtps_c.h
[0.319s] -- Up-to-date: /home/manideep/FrankaSimulator_Ws/install/ros2_data/include/ros2_data/ros2_data/action/detail/move_r__rosidl_typesupport_fastrtps_c.h
[0.319s] -- Up-to-date: /home/manideep/FrankaSimulator_Ws/install/ros2_data/include/ros2_data/ros2_data/action/detail/attacher__rosidl_typesupport_fastrtps_c.h
[0.319s] -- Up-to-date: /home/manideep/FrankaSimulator_Ws/install/ros2_data/include/ros2_data/ros2_data/action/detail/move_ypr__rosidl_typesupport_fastrtps_c.h
[0.319s] -- Up-to-date: /home/manideep/FrankaSimulator_Ws/install/ros2_data/include/ros2_data/ros2_data/action/detail/move_g__rosidl_typesupport_fastrtps_c.h
[0.319s] -- Up-to-date: /home/manideep/FrankaSimulator_Ws/install/ros2_data/include/ros2_data/ros2_data/action/detail/move_l__rosidl_typesupport_fastrtps_c.h
[0.319s] -- Up-to-date: /home/manideep/FrankaSimulator_Ws/install/ros2_data/include/ros2_data/ros2_data/action/detail/move_rp__rosidl_typesupport_fastrtps_c.h
[0.320s] -- Up-to-date: /home/manideep/FrankaSimulator_Ws/install/ros2_data/include/ros2_data/ros2_data/action/detail/move_js__rosidl_typesupport_fastrtps_c.h
[0.320s] -- Up-to-date: /home/manideep/FrankaSimulator_Ws/install/ros2_data/include/ros2_data/ros2_data/action/detail/move_rot__rosidl_typesupport_fastrtps_c.h
[0.320s] -- Up-to-date: /home/manideep/FrankaSimulator_Ws/install/ros2_data/include/ros2_data/ros2_data/action/detail/move_xyz__rosidl_typesupport_fastrtps_c.h
[0.320s] -- Up-to-date: /home/manideep/FrankaSimulator_Ws/install/ros2_data/include/ros2_data/ros2_data/action/detail/move_xyzw__rosidl_typesupport_fastrtps_c.h
[0.320s] -- Up-to-date: /home/manideep/FrankaSimulator_Ws/install/ros2_data/lib/libros2_data__rosidl_typesupport_fastrtps_c.so
[0.320s] -- Up-to-date: /home/manideep/FrankaSimulator_Ws/install/ros2_data/include/ros2_data/ros2_data
[0.320s] -- Up-to-date: /home/manideep/FrankaSimulator_Ws/install/ros2_data/include/ros2_data/ros2_data/msg
[0.320s] -- Up-to-date: /home/manideep/FrankaSimulator_Ws/install/ros2_data/include/ros2_data/ros2_data/msg/rosidl_typesupport_introspection_c__visibility_control.h
[0.320s] -- Up-to-date: /home/manideep/FrankaSimulator_Ws/install/ros2_data/include/ros2_data/ros2_data/msg/detail
[0.320s] -- Up-to-date: /home/manideep/FrankaSimulator_Ws/install/ros2_data/include/ros2_data/ros2_data/msg/detail/joint_pose_s__type_support.c
[0.320s] -- Up-to-date: /home/manideep/FrankaSimulator_Ws/install/ros2_data/include/ros2_data/ros2_data/msg/detail/joint_pose__type_support.c
[0.320s] -- Up-to-date: /home/manideep/FrankaSimulator_Ws/install/ros2_data/include/ros2_data/ros2_data/msg/detail/joint_pose__rosidl_typesupport_introspection_c.h
[0.320s] -- Up-to-date: /home/manideep/FrankaSimulator_Ws/install/ros2_data/include/ros2_data/ros2_data/msg/detail/joint_pose_s__rosidl_typesupport_introspection_c.h
[0.320s] -- Up-to-date: /home/manideep/FrankaSimulator_Ws/install/ros2_data/include/ros2_data/ros2_data/action
[0.320s] -- Up-to-date: /home/manideep/FrankaSimulator_Ws/install/ros2_data/include/ros2_data/ros2_data/action/detail
[0.320s] -- Up-to-date: /home/manideep/FrankaSimulator_Ws/install/ros2_data/include/ros2_data/ros2_data/action/detail/move_xyzw__type_support.c
[0.320s] -- Up-to-date: /home/manideep/FrankaSimulator_Ws/install/ros2_data/include/ros2_data/ros2_data/action/detail/move_g__type_support.c
[0.320s] -- Up-to-date: /home/manideep/FrankaSimulator_Ws/install/ros2_data/include/ros2_data/ros2_data/action/detail/move_r__type_support.c
[0.320s] -- Up-to-date: /home/manideep/FrankaSimulator_Ws/install/ros2_data/include/ros2_data/ros2_data/action/detail/move_g__rosidl_typesupport_introspection_c.h
[0.321s] -- Up-to-date: /home/manideep/FrankaSimulator_Ws/install/ros2_data/include/ros2_data/ros2_data/action/detail/move_xyz__type_support.c
[0.321s] -- Up-to-date: /home/manideep/FrankaSimulator_Ws/install/ros2_data/include/ros2_data/ros2_data/action/detail/move_js__rosidl_typesupport_introspection_c.h
[0.321s] -- Up-to-date: /home/manideep/FrankaSimulator_Ws/install/ros2_data/include/ros2_data/ros2_data/action/detail/move_ypr__type_support.c
[0.321s] -- Up-to-date: /home/manideep/FrankaSimulator_Ws/install/ros2_data/include/ros2_data/ros2_data/action/detail/move_l__type_support.c
[0.321s] -- Up-to-date: /home/manideep/FrankaSimulator_Ws/install/ros2_data/include/ros2_data/ros2_data/action/detail/move_j__rosidl_typesupport_introspection_c.h
[0.321s] -- Up-to-date: /home/manideep/FrankaSimulator_Ws/install/ros2_data/include/ros2_data/ros2_data/action/detail/move_l__rosidl_typesupport_introspection_c.h
[0.321s] -- Up-to-date: /home/manideep/FrankaSimulator_Ws/install/ros2_data/include/ros2_data/ros2_data/action/detail/move_ypr__rosidl_typesupport_introspection_c.h
[0.321s] -- Up-to-date: /home/manideep/FrankaSimulator_Ws/install/ros2_data/include/ros2_data/ros2_data/action/detail/move_r__rosidl_typesupport_introspection_c.h
[0.321s] -- Up-to-date: /home/manideep/FrankaSimulator_Ws/install/ros2_data/include/ros2_data/ros2_data/action/detail/move_js__type_support.c
[0.321s] -- Up-to-date: /home/manideep/FrankaSimulator_Ws/install/ros2_data/include/ros2_data/ros2_data/action/detail/attacher__type_support.c
[0.321s] -- Up-to-date: /home/manideep/FrankaSimulator_Ws/install/ros2_data/include/ros2_data/ros2_data/action/detail/move_j__type_support.c
[0.321s] -- Up-to-date: /home/manideep/FrankaSimulator_Ws/install/ros2_data/include/ros2_data/ros2_data/action/detail/move_xyz__rosidl_typesupport_introspection_c.h
[0.321s] -- Up-to-date: /home/manideep/FrankaSimulator_Ws/install/ros2_data/include/ros2_data/ros2_data/action/detail/move_rot__type_support.c
[0.321s] -- Up-to-date: /home/manideep/FrankaSimulator_Ws/install/ros2_data/include/ros2_data/ros2_data/action/detail/attacher__rosidl_typesupport_introspection_c.h
[0.321s] -- Up-to-date: /home/manideep/FrankaSimulator_Ws/install/ros2_data/include/ros2_data/ros2_data/action/detail/move_rp__rosidl_typesupport_introspection_c.h
[0.321s] -- Up-to-date: /home/manideep/FrankaSimulator_Ws/install/ros2_data/include/ros2_data/ros2_data/action/detail/move_rp__type_support.c
[0.321s] -- Up-to-date: /home/manideep/FrankaSimulator_Ws/install/ros2_data/include/ros2_data/ros2_data/action/detail/move_rot__rosidl_typesupport_introspection_c.h
[0.321s] -- Up-to-date: /home/manideep/FrankaSimulator_Ws/install/ros2_data/include/ros2_data/ros2_data/action/detail/move_xyzw__rosidl_typesupport_introspection_c.h
[0.321s] -- Up-to-date: /home/manideep/FrankaSimulator_Ws/install/ros2_data/lib/libros2_data__rosidl_typesupport_introspection_c.so
[0.321s] -- Up-to-date: /home/manideep/FrankaSimulator_Ws/install/ros2_data/lib/libros2_data__rosidl_typesupport_c.so
[0.321s] -- Up-to-date: /home/manideep/FrankaSimulator_Ws/install/ros2_data/include/ros2_data/ros2_data
[0.321s] -- Up-to-date: /home/manideep/FrankaSimulator_Ws/install/ros2_data/include/ros2_data/ros2_data/msg
[0.321s] -- Up-to-date: /home/manideep/FrankaSimulator_Ws/install/ros2_data/include/ros2_data/ros2_data/msg/joint_pose_s.hpp
[0.321s] -- Up-to-date: /home/manideep/FrankaSimulator_Ws/install/ros2_data/include/ros2_data/ros2_data/msg/detail
[0.321s] -- Up-to-date: /home/manideep/FrankaSimulator_Ws/install/ros2_data/include/ros2_data/ros2_data/msg/detail/joint_pose__struct.hpp
[0.322s] -- Up-to-date: /home/manideep/FrankaSimulator_Ws/install/ros2_data/include/ros2_data/ros2_data/msg/detail/joint_pose__traits.hpp
[0.322s] -- Up-to-date: /home/manideep/FrankaSimulator_Ws/install/ros2_data/include/ros2_data/ros2_data/msg/detail/joint_pose__builder.hpp
[0.322s] -- Up-to-date: /home/manideep/FrankaSimulator_Ws/install/ros2_data/include/ros2_data/ros2_data/msg/detail/joint_pose_s__builder.hpp
[0.322s] -- Up-to-date: /home/manideep/FrankaSimulator_Ws/install/ros2_data/include/ros2_data/ros2_data/msg/detail/joint_pose_s__traits.hpp
[0.322s] -- Up-to-date: /home/manideep/FrankaSimulator_Ws/install/ros2_data/include/ros2_data/ros2_data/msg/detail/joint_pose_s__struct.hpp
[0.322s] -- Up-to-date: /home/manideep/FrankaSimulator_Ws/install/ros2_data/include/ros2_data/ros2_data/msg/joint_pose.hpp
[0.322s] -- Up-to-date: /home/manideep/FrankaSimulator_Ws/install/ros2_data/include/ros2_data/ros2_data/action
[0.322s] -- Up-to-date: /home/manideep/FrankaSimulator_Ws/install/ros2_data/include/ros2_data/ros2_data/action/move_r.hpp
[0.322s] -- Up-to-date: /home/manideep/FrankaSimulator_Ws/install/ros2_data/include/ros2_data/ros2_data/action/move_j.hpp
[0.322s] -- Up-to-date: /home/manideep/FrankaSimulator_Ws/install/ros2_data/include/ros2_data/ros2_data/action/move_xyz.hpp
[0.322s] -- Up-to-date: /home/manideep/FrankaSimulator_Ws/install/ros2_data/include/ros2_data/ros2_data/action/move_xyzw.hpp
[0.322s] -- Up-to-date: /home/manideep/FrankaSimulator_Ws/install/ros2_data/include/ros2_data/ros2_data/action/move_g.hpp
[0.322s] -- Up-to-date: /home/manideep/FrankaSimulator_Ws/install/ros2_data/include/ros2_data/ros2_data/action/detail
[0.322s] -- Up-to-date: /home/manideep/FrankaSimulator_Ws/install/ros2_data/include/ros2_data/ros2_data/action/detail/move_xyz__struct.hpp
[0.322s] -- Up-to-date: /home/manideep/FrankaSimulator_Ws/install/ros2_data/include/ros2_data/ros2_data/action/detail/move_rot__struct.hpp
[0.322s] -- Up-to-date: /home/manideep/FrankaSimulator_Ws/install/ros2_data/include/ros2_data/ros2_data/action/detail/move_r__struct.hpp
[0.322s] -- Up-to-date: /home/manideep/FrankaSimulator_Ws/install/ros2_data/include/ros2_data/ros2_data/action/detail/move_ypr__traits.hpp
[0.322s] -- Up-to-date: /home/manideep/FrankaSimulator_Ws/install/ros2_data/include/ros2_data/ros2_data/action/detail/move_j__struct.hpp
[0.322s] -- Up-to-date: /home/manideep/FrankaSimulator_Ws/install/ros2_data/include/ros2_data/ros2_data/action/detail/move_rot__traits.hpp
[0.322s] -- Up-to-date: /home/manideep/FrankaSimulator_Ws/install/ros2_data/include/ros2_data/ros2_data/action/detail/move_xyz__traits.hpp
[0.322s] -- Up-to-date: /home/manideep/FrankaSimulator_Ws/install/ros2_data/include/ros2_data/ros2_data/action/detail/move_rot__builder.hpp
[0.322s] -- Up-to-date: /home/manideep/FrankaSimulator_Ws/install/ros2_data/include/ros2_data/ros2_data/action/detail/move_js__traits.hpp
[0.322s] -- Up-to-date: /home/manideep/FrankaSimulator_Ws/install/ros2_data/include/ros2_data/ros2_data/action/detail/attacher__struct.hpp
[0.322s] -- Up-to-date: /home/manideep/FrankaSimulator_Ws/install/ros2_data/include/ros2_data/ros2_data/action/detail/move_xyzw__builder.hpp
[0.322s] -- Up-to-date: /home/manideep/FrankaSimulator_Ws/install/ros2_data/include/ros2_data/ros2_data/action/detail/move_ypr__struct.hpp
[0.322s] -- Up-to-date: /home/manideep/FrankaSimulator_Ws/install/ros2_data/include/ros2_data/ros2_data/action/detail/attacher__traits.hpp
[0.322s] -- Up-to-date: /home/manideep/FrankaSimulator_Ws/install/ros2_data/include/ros2_data/ros2_data/action/detail/move_js__builder.hpp
[0.322s] -- Up-to-date: /home/manideep/FrankaSimulator_Ws/install/ros2_data/include/ros2_data/ros2_data/action/detail/move_r__traits.hpp
[0.322s] -- Up-to-date: /home/manideep/FrankaSimulator_Ws/install/ros2_data/include/ros2_data/ros2_data/action/detail/move_g__struct.hpp
[0.323s] -- Up-to-date: /home/manideep/FrankaSimulator_Ws/install/ros2_data/include/ros2_data/ros2_data/action/detail/move_rp__builder.hpp
[0.323s] -- Up-to-date: /home/manideep/FrankaSimulator_Ws/install/ros2_data/include/ros2_data/ros2_data/action/detail/move_ypr__builder.hpp
[0.323s] -- Up-to-date: /home/manideep/FrankaSimulator_Ws/install/ros2_data/include/ros2_data/ros2_data/action/detail/move_l__builder.hpp
[0.323s] -- Up-to-date: /home/manideep/FrankaSimulator_Ws/install/ros2_data/include/ros2_data/ros2_data/action/detail/attacher__builder.hpp
[0.323s] -- Up-to-date: /home/manideep/FrankaSimulator_Ws/install/ros2_data/include/ros2_data/ros2_data/action/detail/move_g__builder.hpp
[0.323s] -- Up-to-date: /home/manideep/FrankaSimulator_Ws/install/ros2_data/include/ros2_data/ros2_data/action/detail/move_j__traits.hpp
[0.323s] -- Up-to-date: /home/manideep/FrankaSimulator_Ws/install/ros2_data/include/ros2_data/ros2_data/action/detail/move_xyz__builder.hpp
[0.323s] -- Up-to-date: /home/manideep/FrankaSimulator_Ws/install/ros2_data/include/ros2_data/ros2_data/action/detail/move_l__struct.hpp
[0.323s] -- Up-to-date: /home/manideep/FrankaSimulator_Ws/install/ros2_data/include/ros2_data/ros2_data/action/detail/move_j__builder.hpp
[0.323s] -- Up-to-date: /home/manideep/FrankaSimulator_Ws/install/ros2_data/include/ros2_data/ros2_data/action/detail/move_rp__traits.hpp
[0.323s] -- Up-to-date: /home/manideep/FrankaSimulator_Ws/install/ros2_data/include/ros2_data/ros2_data/action/detail/move_r__builder.hpp
[0.323s] -- Up-to-date: /home/manideep/FrankaSimulator_Ws/install/ros2_data/include/ros2_data/ros2_data/action/detail/move_l__traits.hpp
[0.323s] -- Up-to-date: /home/manideep/FrankaSimulator_Ws/install/ros2_data/include/ros2_data/ros2_data/action/detail/move_rp__struct.hpp
[0.323s] -- Up-to-date: /home/manideep/FrankaSimulator_Ws/install/ros2_data/include/ros2_data/ros2_data/action/detail/move_xyzw__traits.hpp
[0.323s] -- Up-to-date: /home/manideep/FrankaSimulator_Ws/install/ros2_data/include/ros2_data/ros2_data/action/detail/move_js__struct.hpp
[0.323s] -- Up-to-date: /home/manideep/FrankaSimulator_Ws/install/ros2_data/include/ros2_data/ros2_data/action/detail/move_xyzw__struct.hpp
[0.323s] -- Up-to-date: /home/manideep/FrankaSimulator_Ws/install/ros2_data/include/ros2_data/ros2_data/action/detail/move_g__traits.hpp
[0.323s] -- Up-to-date: /home/manideep/FrankaSimulator_Ws/install/ros2_data/include/ros2_data/ros2_data/action/move_ypr.hpp
[0.323s] -- Up-to-date: /home/manideep/FrankaSimulator_Ws/install/ros2_data/include/ros2_data/ros2_data/action/move_js.hpp
[0.323s] -- Up-to-date: /home/manideep/FrankaSimulator_Ws/install/ros2_data/include/ros2_data/ros2_data/action/move_rp.hpp
[0.323s] -- Up-to-date: /home/manideep/FrankaSimulator_Ws/install/ros2_data/include/ros2_data/ros2_data/action/move_rot.hpp
[0.323s] -- Up-to-date: /home/manideep/FrankaSimulator_Ws/install/ros2_data/include/ros2_data/ros2_data/action/attacher.hpp
[0.323s] -- Up-to-date: /home/manideep/FrankaSimulator_Ws/install/ros2_data/include/ros2_data/ros2_data/action/move_l.hpp
[0.323s] -- Up-to-date: /home/manideep/FrankaSimulator_Ws/install/ros2_data/include/ros2_data/ros2_data
[0.324s] -- Up-to-date: /home/manideep/FrankaSimulator_Ws/install/ros2_data/include/ros2_data/ros2_data/msg
[0.324s] -- Up-to-date: /home/manideep/FrankaSimulator_Ws/install/ros2_data/include/ros2_data/ros2_data/msg/rosidl_typesupport_fastrtps_cpp__visibility_control.h
[0.324s] -- Up-to-date: /home/manideep/FrankaSimulator_Ws/install/ros2_data/include/ros2_data/ros2_data/msg/detail
[0.324s] -- Up-to-date: /home/manideep/FrankaSimulator_Ws/install/ros2_data/include/ros2_data/ros2_data/msg/detail/dds_fastrtps
[0.324s] -- Up-to-date: /home/manideep/FrankaSimulator_Ws/install/ros2_data/include/ros2_data/ros2_data/msg/detail/joint_pose_s__rosidl_typesupport_fastrtps_cpp.hpp
[0.324s] -- Up-to-date: /home/manideep/FrankaSimulator_Ws/install/ros2_data/include/ros2_data/ros2_data/msg/detail/joint_pose__rosidl_typesupport_fastrtps_cpp.hpp
[0.324s] -- Up-to-date: /home/manideep/FrankaSimulator_Ws/install/ros2_data/include/ros2_data/ros2_data/action
[0.324s] -- Up-to-date: /home/manideep/FrankaSimulator_Ws/install/ros2_data/include/ros2_data/ros2_data/action/detail
[0.324s] -- Up-to-date: /home/manideep/FrankaSimulator_Ws/install/ros2_data/include/ros2_data/ros2_data/action/detail/dds_fastrtps
[0.324s] -- Up-to-date: /home/manideep/FrankaSimulator_Ws/install/ros2_data/include/ros2_data/ros2_data/action/detail/move_r__rosidl_typesupport_fastrtps_cpp.hpp
[0.324s] -- Up-to-date: /home/manideep/FrankaSimulator_Ws/install/ros2_data/include/ros2_data/ros2_data/action/detail/move_j__rosidl_typesupport_fastrtps_cpp.hpp
[0.324s] -- Up-to-date: /home/manideep/FrankaSimulator_Ws/install/ros2_data/include/ros2_data/ros2_data/action/detail/move_rp__rosidl_typesupport_fastrtps_cpp.hpp
[0.324s] -- Up-to-date: /home/manideep/FrankaSimulator_Ws/install/ros2_data/include/ros2_data/ros2_data/action/detail/move_l__rosidl_typesupport_fastrtps_cpp.hpp
[0.324s] -- Up-to-date: /home/manideep/FrankaSimulator_Ws/install/ros2_data/include/ros2_data/ros2_data/action/detail/move_xyz__rosidl_typesupport_fastrtps_cpp.hpp
[0.324s] -- Up-to-date: /home/manideep/FrankaSimulator_Ws/install/ros2_data/include/ros2_data/ros2_data/action/detail/move_g__rosidl_typesupport_fastrtps_cpp.hpp
[0.324s] -- Up-to-date: /home/manideep/FrankaSimulator_Ws/install/ros2_data/include/ros2_data/ros2_data/action/detail/move_xyzw__rosidl_typesupport_fastrtps_cpp.hpp
[0.324s] -- Up-to-date: /home/manideep/FrankaSimulator_Ws/install/ros2_data/include/ros2_data/ros2_data/action/detail/move_ypr__rosidl_typesupport_fastrtps_cpp.hpp
[0.324s] -- Up-to-date: /home/manideep/FrankaSimulator_Ws/install/ros2_data/include/ros2_data/ros2_data/action/detail/move_js__rosidl_typesupport_fastrtps_cpp.hpp
[0.324s] -- Up-to-date: /home/manideep/FrankaSimulator_Ws/install/ros2_data/include/ros2_data/ros2_data/action/detail/move_rot__rosidl_typesupport_fastrtps_cpp.hpp
[0.324s] -- Up-to-date: /home/manideep/FrankaSimulator_Ws/install/ros2_data/include/ros2_data/ros2_data/action/detail/attacher__rosidl_typesupport_fastrtps_cpp.hpp
[0.324s] -- Up-to-date: /home/manideep/FrankaSimulator_Ws/install/ros2_data/lib/libros2_data__rosidl_typesupport_fastrtps_cpp.so
[0.324s] -- Up-to-date: /home/manideep/FrankaSimulator_Ws/install/ros2_data/include/ros2_data/ros2_data
[0.324s] -- Up-to-date: /home/manideep/FrankaSimulator_Ws/install/ros2_data/include/ros2_data/ros2_data/msg
[0.324s] -- Up-to-date: /home/manideep/FrankaSimulator_Ws/install/ros2_data/include/ros2_data/ros2_data/msg/detail
[0.324s] -- Up-to-date: /home/manideep/FrankaSimulator_Ws/install/ros2_data/include/ros2_data/ros2_data/msg/detail/joint_pose__type_support.cpp
[0.325s] -- Up-to-date: /home/manideep/FrankaSimulator_Ws/install/ros2_data/include/ros2_data/ros2_data/msg/detail/joint_pose__rosidl_typesupport_introspection_cpp.hpp
[0.325s] -- Up-to-date: /home/manideep/FrankaSimulator_Ws/install/ros2_data/include/ros2_data/ros2_data/msg/detail/joint_pose_s__type_support.cpp
[0.325s] -- Up-to-date: /home/manideep/FrankaSimulator_Ws/install/ros2_data/include/ros2_data/ros2_data/msg/detail/joint_pose_s__rosidl_typesupport_introspection_cpp.hpp
[0.325s] -- Up-to-date: /home/manideep/FrankaSimulator_Ws/install/ros2_data/include/ros2_data/ros2_data/action
[0.325s] -- Up-to-date: /home/manideep/FrankaSimulator_Ws/install/ros2_data/include/ros2_data/ros2_data/action/detail
[0.325s] -- Up-to-date: /home/manideep/FrankaSimulator_Ws/install/ros2_data/include/ros2_data/ros2_data/action/detail/move_r__rosidl_typesupport_introspection_cpp.hpp
[0.325s] -- Up-to-date: /home/manideep/FrankaSimulator_Ws/install/ros2_data/include/ros2_data/ros2_data/action/detail/move_rp__rosidl_typesupport_introspection_cpp.hpp
[0.325s] -- Up-to-date: /home/manideep/FrankaSimulator_Ws/install/ros2_data/include/ros2_data/ros2_data/action/detail/move_r__type_support.cpp
[0.325s] -- Up-to-date: /home/manideep/FrankaSimulator_Ws/install/ros2_data/include/ros2_data/ros2_data/action/detail/move_xyz__rosidl_typesupport_introspection_cpp.hpp
[0.325s] -- Up-to-date: /home/manideep/FrankaSimulator_Ws/install/ros2_data/include/ros2_data/ros2_data/action/detail/move_j__type_support.cpp
[0.325s] -- Up-to-date: /home/manideep/FrankaSimulator_Ws/install/ros2_data/include/ros2_data/ros2_data/action/detail/move_xyzw__rosidl_typesupport_introspection_cpp.hpp
[0.325s] -- Up-to-date: /home/manideep/FrankaSimulator_Ws/install/ros2_data/include/ros2_data/ros2_data/action/detail/move_js__rosidl_typesupport_introspection_cpp.hpp
[0.325s] -- Up-to-date: /home/manideep/FrankaSimulator_Ws/install/ros2_data/include/ros2_data/ros2_data/action/detail/move_js__type_support.cpp
[0.325s] -- Up-to-date: /home/manideep/FrankaSimulator_Ws/install/ros2_data/include/ros2_data/ros2_data/action/detail/attacher__type_support.cpp
[0.325s] -- Up-to-date: /home/manideep/FrankaSimulator_Ws/install/ros2_data/include/ros2_data/ros2_data/action/detail/attacher__rosidl_typesupport_introspection_cpp.hpp
[0.325s] -- Up-to-date: /home/manideep/FrankaSimulator_Ws/install/ros2_data/include/ros2_data/ros2_data/action/detail/move_rot__rosidl_typesupport_introspection_cpp.hpp
[0.325s] -- Up-to-date: /home/manideep/FrankaSimulator_Ws/install/ros2_data/include/ros2_data/ros2_data/action/detail/move_rp__type_support.cpp
[0.325s] -- Up-to-date: /home/manideep/FrankaSimulator_Ws/install/ros2_data/include/ros2_data/ros2_data/action/detail/move_l__type_support.cpp
[0.325s] -- Up-to-date: /home/manideep/FrankaSimulator_Ws/install/ros2_data/include/ros2_data/ros2_data/action/detail/move_xyzw__type_support.cpp
[0.326s] -- Up-to-date: /home/manideep/FrankaSimulator_Ws/install/ros2_data/include/ros2_data/ros2_data/action/detail/move_ypr__type_support.cpp
[0.326s] -- Up-to-date: /home/manideep/FrankaSimulator_Ws/install/ros2_data/include/ros2_data/ros2_data/action/detail/move_l__rosidl_typesupport_introspection_cpp.hpp
[0.326s] -- Up-to-date: /home/manideep/FrankaSimulator_Ws/install/ros2_data/include/ros2_data/ros2_data/action/detail/move_rot__type_support.cpp
[0.326s] -- Up-to-date: /home/manideep/FrankaSimulator_Ws/install/ros2_data/include/ros2_data/ros2_data/action/detail/move_g__type_support.cpp
[0.326s] -- Up-to-date: /home/manideep/FrankaSimulator_Ws/install/ros2_data/include/ros2_data/ros2_data/action/detail/move_g__rosidl_typesupport_introspection_cpp.hpp
[0.326s] -- Up-to-date: /home/manideep/FrankaSimulator_Ws/install/ros2_data/include/ros2_data/ros2_data/action/detail/move_ypr__rosidl_typesupport_introspection_cpp.hpp
[0.326s] -- Up-to-date: /home/manideep/FrankaSimulator_Ws/install/ros2_data/include/ros2_data/ros2_data/action/detail/move_j__rosidl_typesupport_introspection_cpp.hpp
[0.326s] -- Up-to-date: /home/manideep/FrankaSimulator_Ws/install/ros2_data/include/ros2_data/ros2_data/action/detail/move_xyz__type_support.cpp
[0.326s] -- Up-to-date: /home/manideep/FrankaSimulator_Ws/install/ros2_data/lib/libros2_data__rosidl_typesupport_introspection_cpp.so
[0.326s] -- Up-to-date: /home/manideep/FrankaSimulator_Ws/install/ros2_data/lib/libros2_data__rosidl_typesupport_cpp.so
[0.326s] -- Up-to-date: /home/manideep/FrankaSimulator_Ws/install/ros2_data/share/ros2_data/environment/pythonpath.sh
[0.326s] -- Up-to-date: /home/manideep/FrankaSimulator_Ws/install/ros2_data/share/ros2_data/environment/pythonpath.dsv
[0.326s] -- Up-to-date: /home/manideep/FrankaSimulator_Ws/install/ros2_data/lib/python3.10/site-packages/ros2_data-0.0.0-py3.10.egg-info
[0.326s] -- Installing: /home/manideep/FrankaSimulator_Ws/install/ros2_data/lib/python3.10/site-packages/ros2_data-0.0.0-py3.10.egg-info/PKG-INFO
[0.326s] -- Installing: /home/manideep/FrankaSimulator_Ws/install/ros2_data/lib/python3.10/site-packages/ros2_data-0.0.0-py3.10.egg-info/top_level.txt
[0.326s] -- Installing: /home/manideep/FrankaSimulator_Ws/install/ros2_data/lib/python3.10/site-packages/ros2_data-0.0.0-py3.10.egg-info/SOURCES.txt
[0.326s] -- Installing: /home/manideep/FrankaSimulator_Ws/install/ros2_data/lib/python3.10/site-packages/ros2_data-0.0.0-py3.10.egg-info/dependency_links.txt
[0.326s] -- Up-to-date: /home/manideep/FrankaSimulator_Ws/install/ros2_data/lib/python3.10/site-packages/ros2_data
[0.326s] -- Up-to-date: /home/manideep/FrankaSimulator_Ws/install/ros2_data/lib/python3.10/site-packages/ros2_data/_ros2_data_s.ep.rosidl_typesupport_fastrtps_c.c
[0.326s] -- Up-to-date: /home/manideep/FrankaSimulator_Ws/install/ros2_data/lib/python3.10/site-packages/ros2_data/__init__.py
[0.326s] -- Up-to-date: /home/manideep/FrankaSimulator_Ws/install/ros2_data/lib/python3.10/site-packages/ros2_data/ros2_data_s__rosidl_typesupport_c.cpython-310-x86_64-linux-gnu.so
[0.327s] -- Up-to-date: /home/manideep/FrankaSimulator_Ws/install/ros2_data/lib/python3.10/site-packages/ros2_data/_ros2_data_s.ep.rosidl_typesupport_introspection_c.c
[0.327s] -- Up-to-date: /home/manideep/FrankaSimulator_Ws/install/ros2_data/lib/python3.10/site-packages/ros2_data/ros2_data_s__rosidl_typesupport_fastrtps_c.cpython-310-x86_64-linux-gnu.so
[0.327s] -- Up-to-date: /home/manideep/FrankaSimulator_Ws/install/ros2_data/lib/python3.10/site-packages/ros2_data/ros2_data_s__rosidl_typesupport_introspection_c.cpython-310-x86_64-linux-gnu.so
[0.327s] -- Up-to-date: /home/manideep/FrankaSimulator_Ws/install/ros2_data/lib/python3.10/site-packages/ros2_data/msg
[0.327s] -- Up-to-date: /home/manideep/FrankaSimulator_Ws/install/ros2_data/lib/python3.10/site-packages/ros2_data/msg/_joint_pose_s.py
[0.327s] -- Up-to-date: /home/manideep/FrankaSimulator_Ws/install/ros2_data/lib/python3.10/site-packages/ros2_data/msg/_joint_pose_s_s.c
[0.327s] -- Up-to-date: /home/manideep/FrankaSimulator_Ws/install/ros2_data/lib/python3.10/site-packages/ros2_data/msg/__init__.py
[0.327s] -- Up-to-date: /home/manideep/FrankaSimulator_Ws/install/ros2_data/lib/python3.10/site-packages/ros2_data/msg/_joint_pose.py
[0.327s] -- Up-to-date: /home/manideep/FrankaSimulator_Ws/install/ros2_data/lib/python3.10/site-packages/ros2_data/msg/_joint_pose_s.c
[0.327s] -- Up-to-date: /home/manideep/FrankaSimulator_Ws/install/ros2_data/lib/python3.10/site-packages/ros2_data/libros2_data__rosidl_generator_py.so
[0.327s] -- Up-to-date: /home/manideep/FrankaSimulator_Ws/install/ros2_data/lib/python3.10/site-packages/ros2_data/_ros2_data_s.ep.rosidl_typesupport_c.c
[0.327s] -- Up-to-date: /home/manideep/FrankaSimulator_Ws/install/ros2_data/lib/python3.10/site-packages/ros2_data/action
[0.327s] -- Up-to-date: /home/manideep/FrankaSimulator_Ws/install/ros2_data/lib/python3.10/site-packages/ros2_data/action/_move_g_s.c
[0.327s] -- Up-to-date: /home/manideep/FrankaSimulator_Ws/install/ros2_data/lib/python3.10/site-packages/ros2_data/action/_move_rot.py
[0.327s] -- Up-to-date: /home/manideep/FrankaSimulator_Ws/install/ros2_data/lib/python3.10/site-packages/ros2_data/action/_move_xyzw_s.c
[0.327s] -- Up-to-date: /home/manideep/FrankaSimulator_Ws/install/ros2_data/lib/python3.10/site-packages/ros2_data/action/_move_r_s.c
[0.327s] -- Up-to-date: /home/manideep/FrankaSimulator_Ws/install/ros2_data/lib/python3.10/site-packages/ros2_data/action/_move_xyz_s.c
[0.327s] -- Up-to-date: /home/manideep/FrankaSimulator_Ws/install/ros2_data/lib/python3.10/site-packages/ros2_data/action/_move_j_s.c
[0.327s] -- Up-to-date: /home/manideep/FrankaSimulator_Ws/install/ros2_data/lib/python3.10/site-packages/ros2_data/action/_attacher_s.c
[0.327s] -- Up-to-date: /home/manideep/FrankaSimulator_Ws/install/ros2_data/lib/python3.10/site-packages/ros2_data/action/_move_rot_s.c
[0.327s] -- Up-to-date: /home/manideep/FrankaSimulator_Ws/install/ros2_data/lib/python3.10/site-packages/ros2_data/action/__init__.py
[0.327s] -- Up-to-date: /home/manideep/FrankaSimulator_Ws/install/ros2_data/lib/python3.10/site-packages/ros2_data/action/_move_rp.py
[0.327s] -- Up-to-date: /home/manideep/FrankaSimulator_Ws/install/ros2_data/lib/python3.10/site-packages/ros2_data/action/_move_r.py
[0.328s] -- Up-to-date: /home/manideep/FrankaSimulator_Ws/install/ros2_data/lib/python3.10/site-packages/ros2_data/action/_move_j.py
[0.328s] -- Up-to-date: /home/manideep/FrankaSimulator_Ws/install/ros2_data/lib/python3.10/site-packages/ros2_data/action/_move_js.py
[0.328s] -- Up-to-date: /home/manideep/FrankaSimulator_Ws/install/ros2_data/lib/python3.10/site-packages/ros2_data/action/_move_js_s.c
[0.328s] -- Up-to-date: /home/manideep/FrankaSimulator_Ws/install/ros2_data/lib/python3.10/site-packages/ros2_data/action/_move_ypr_s.c
[0.328s] -- Up-to-date: /home/manideep/FrankaSimulator_Ws/install/ros2_data/lib/python3.10/site-packages/ros2_data/action/_move_l_s.c
[0.328s] -- Up-to-date: /home/manideep/FrankaSimulator_Ws/install/ros2_data/lib/python3.10/site-packages/ros2_data/action/_move_xyz.py
[0.328s] -- Up-to-date: /home/manideep/FrankaSimulator_Ws/install/ros2_data/lib/python3.10/site-packages/ros2_data/action/_move_ypr.py
[0.328s] -- Up-to-date: /home/manideep/FrankaSimulator_Ws/install/ros2_data/lib/python3.10/site-packages/ros2_data/action/_attacher.py
[0.328s] -- Up-to-date: /home/manideep/FrankaSimulator_Ws/install/ros2_data/lib/python3.10/site-packages/ros2_data/action/_move_l.py
[0.328s] -- Up-to-date: /home/manideep/FrankaSimulator_Ws/install/ros2_data/lib/python3.10/site-packages/ros2_data/action/_move_xyzw.py
[0.328s] -- Up-to-date: /home/manideep/FrankaSimulator_Ws/install/ros2_data/lib/python3.10/site-packages/ros2_data/action/_move_g.py
[0.328s] -- Up-to-date: /home/manideep/FrankaSimulator_Ws/install/ros2_data/lib/python3.10/site-packages/ros2_data/action/_move_rp_s.c
[0.354s] Listing '/home/manideep/FrankaSimulator_Ws/install/ros2_data/lib/python3.10/site-packages/ros2_data'...
[0.354s] Listing '/home/manideep/FrankaSimulator_Ws/install/ros2_data/lib/python3.10/site-packages/ros2_data/action'...
[0.354s] Listing '/home/manideep/FrankaSimulator_Ws/install/ros2_data/lib/python3.10/site-packages/ros2_data/msg'...
[0.357s] -- Up-to-date: /home/manideep/FrankaSimulator_Ws/install/ros2_data/lib/python3.10/site-packages/ros2_data/ros2_data_s__rosidl_typesupport_fastrtps_c.cpython-310-x86_64-linux-gnu.so
[0.357s] -- Up-to-date: /home/manideep/FrankaSimulator_Ws/install/ros2_data/lib/python3.10/site-packages/ros2_data/ros2_data_s__rosidl_typesupport_introspection_c.cpython-310-x86_64-linux-gnu.so
[0.357s] -- Up-to-date: /home/manideep/FrankaSimulator_Ws/install/ros2_data/lib/python3.10/site-packages/ros2_data/ros2_data_s__rosidl_typesupport_c.cpython-310-x86_64-linux-gnu.so
[0.357s] -- Up-to-date: /home/manideep/FrankaSimulator_Ws/install/ros2_data/lib/libros2_data__rosidl_generator_py.so
[0.357s] -- Up-to-date: /home/manideep/FrankaSimulator_Ws/install/ros2_data/share/ros2_data/msg/JointPose.idl
[0.357s] -- Up-to-date: /home/manideep/FrankaSimulator_Ws/install/ros2_data/share/ros2_data/msg/JointPoseS.idl
[0.357s] -- Up-to-date: /home/manideep/FrankaSimulator_Ws/install/ros2_data/share/ros2_data/action/MoveJ.idl
[0.357s] -- Up-to-date: /home/manideep/FrankaSimulator_Ws/install/ros2_data/share/ros2_data/action/MoveJs.idl
[0.357s] -- Up-to-date: /home/manideep/FrankaSimulator_Ws/install/ros2_data/share/ros2_data/action/MoveG.idl
[0.357s] -- Up-to-date: /home/manideep/FrankaSimulator_Ws/install/ros2_data/share/ros2_data/action/MoveXYZW.idl
[0.357s] -- Up-to-date: /home/manideep/FrankaSimulator_Ws/install/ros2_data/share/ros2_data/action/MoveL.idl
[0.357s] -- Up-to-date: /home/manideep/FrankaSimulator_Ws/install/ros2_data/share/ros2_data/action/MoveR.idl
[0.357s] -- Up-to-date: /home/manideep/FrankaSimulator_Ws/install/ros2_data/share/ros2_data/action/MoveXYZ.idl
[0.357s] -- Up-to-date: /home/manideep/FrankaSimulator_Ws/install/ros2_data/share/ros2_data/action/MoveYPR.idl
[0.357s] -- Up-to-date: /home/manideep/FrankaSimulator_Ws/install/ros2_data/share/ros2_data/action/MoveROT.idl
[0.357s] -- Up-to-date: /home/manideep/FrankaSimulator_Ws/install/ros2_data/share/ros2_data/action/MoveRP.idl
[0.357s] -- Up-to-date: /home/manideep/FrankaSimulator_Ws/install/ros2_data/share/ros2_data/action/Attacher.idl
[0.357s] -- Up-to-date: /home/manideep/FrankaSimulator_Ws/install/ros2_data/share/ros2_data/msg/JointPose.msg
[0.357s] -- Up-to-date: /home/manideep/FrankaSimulator_Ws/install/ros2_data/share/ros2_data/msg/JointPoseS.msg
[0.357s] -- Up-to-date: /home/manideep/FrankaSimulator_Ws/install/ros2_data/share/ros2_data/action/MoveJ.action
[0.357s] -- Up-to-date: /home/manideep/FrankaSimulator_Ws/install/ros2_data/share/ros2_data/action/MoveJs.action
[0.357s] -- Up-to-date: /home/manideep/FrankaSimulator_Ws/install/ros2_data/share/ros2_data/action/MoveG.action
[0.357s] -- Up-to-date: /home/manideep/FrankaSimulator_Ws/install/ros2_data/share/ros2_data/action/MoveXYZW.action
[0.358s] -- Up-to-date: /home/manideep/FrankaSimulator_Ws/install/ros2_data/share/ros2_data/action/MoveL.action
[0.358s] -- Up-to-date: /home/manideep/FrankaSimulator_Ws/install/ros2_data/share/ros2_data/action/MoveR.action
[0.358s] -- Up-to-date: /home/manideep/FrankaSimulator_Ws/install/ros2_data/share/ros2_data/action/MoveXYZ.action
[0.358s] -- Up-to-date: /home/manideep/FrankaSimulator_Ws/install/ros2_data/share/ros2_data/action/MoveYPR.action
[0.358s] -- Up-to-date: /home/manideep/FrankaSimulator_Ws/install/ros2_data/share/ros2_data/action/MoveROT.action
[0.358s] -- Up-to-date: /home/manideep/FrankaSimulator_Ws/install/ros2_data/share/ros2_data/action/MoveRP.action
[0.358s] -- Up-to-date: /home/manideep/FrankaSimulator_Ws/install/ros2_data/share/ros2_data/action/Attacher.action
[0.358s] -- Up-to-date: /home/manideep/FrankaSimulator_Ws/install/ros2_data/share/ros2_data/urdf
[0.358s] -- Up-to-date: /home/manideep/FrankaSimulator_Ws/install/ros2_data/share/ros2_data/urdf/box.urdf
[0.358s] -- Up-to-date: /home/manideep/FrankaSimulator_Ws/install/ros2_data/lib/ros2_data/attacher_action.py
[0.358s] -- Up-to-date: /home/manideep/FrankaSimulator_Ws/install/ros2_data/lib/ros2_data/spawn_object.py
[0.358s] -- Up-to-date: /home/manideep/FrankaSimulator_Ws/install/ros2_data/share/ament_index/resource_index/package_run_dependencies/ros2_data
[0.358s] -- Up-to-date: /home/manideep/FrankaSimulator_Ws/install/ros2_data/share/ament_index/resource_index/parent_prefix_path/ros2_data
[0.358s] -- Up-to-date: /home/manideep/FrankaSimulator_Ws/install/ros2_data/share/ros2_data/environment/ament_prefix_path.sh
[0.358s] -- Up-to-date: /home/manideep/FrankaSimulator_Ws/install/ros2_data/share/ros2_data/environment/ament_prefix_path.dsv
[0.358s] -- Up-to-date: /home/manideep/FrankaSimulator_Ws/install/ros2_data/share/ros2_data/environment/path.sh
[0.358s] -- Up-to-date: /home/manideep/FrankaSimulator_Ws/install/ros2_data/share/ros2_data/environment/path.dsv
[0.358s] -- Up-to-date: /home/manideep/FrankaSimulator_Ws/install/ros2_data/share/ros2_data/local_setup.bash
[0.358s] -- Up-to-date: /home/manideep/FrankaSimulator_Ws/install/ros2_data/share/ros2_data/local_setup.sh
[0.358s] -- Up-to-date: /home/manideep/FrankaSimulator_Ws/install/ros2_data/share/ros2_data/local_setup.zsh
[0.358s] -- Up-to-date: /home/manideep/FrankaSimulator_Ws/install/ros2_data/share/ros2_data/local_setup.dsv
[0.358s] -- Installing: /home/manideep/FrankaSimulator_Ws/install/ros2_data/share/ros2_data/package.dsv
[0.358s] -- Up-to-date: /home/manideep/FrankaSimulator_Ws/install/ros2_data/share/ament_index/resource_index/packages/ros2_data
[0.358s] -- Up-to-date: /home/manideep/FrankaSimulator_Ws/install/ros2_data/share/ros2_data/cmake/export_ros2_data__rosidl_generator_cExport.cmake
[0.358s] -- Up-to-date: /home/manideep/FrankaSimulator_Ws/install/ros2_data/share/ros2_data/cmake/export_ros2_data__rosidl_generator_cExport-noconfig.cmake
[0.358s] -- Up-to-date: /home/manideep/FrankaSimulator_Ws/install/ros2_data/share/ros2_data/cmake/export_ros2_data__rosidl_typesupport_fastrtps_cExport.cmake
[0.358s] -- Up-to-date: /home/manideep/FrankaSimulator_Ws/install/ros2_data/share/ros2_data/cmake/export_ros2_data__rosidl_typesupport_fastrtps_cExport-noconfig.cmake
[0.358s] -- Up-to-date: /home/manideep/FrankaSimulator_Ws/install/ros2_data/share/ros2_data/cmake/ros2_data__rosidl_typesupport_introspection_cExport.cmake
[0.358s] -- Up-to-date: /home/manideep/FrankaSimulator_Ws/install/ros2_data/share/ros2_data/cmake/ros2_data__rosidl_typesupport_introspection_cExport-noconfig.cmake
[0.358s] -- Up-to-date: /home/manideep/FrankaSimulator_Ws/install/ros2_data/share/ros2_data/cmake/ros2_data__rosidl_typesupport_cExport.cmake
[0.358s] -- Up-to-date: /home/manideep/FrankaSimulator_Ws/install/ros2_data/share/ros2_data/cmake/ros2_data__rosidl_typesupport_cExport-noconfig.cmake
[0.359s] -- Up-to-date: /home/manideep/FrankaSimulator_Ws/install/ros2_data/share/ros2_data/cmake/export_ros2_data__rosidl_generator_cppExport.cmake
[0.359s] -- Up-to-date: /home/manideep/FrankaSimulator_Ws/install/ros2_data/share/ros2_data/cmake/export_ros2_data__rosidl_typesupport_fastrtps_cppExport.cmake
[0.359s] -- Up-to-date: /home/manideep/FrankaSimulator_Ws/install/ros2_data/share/ros2_data/cmake/export_ros2_data__rosidl_typesupport_fastrtps_cppExport-noconfig.cmake
[0.359s] -- Up-to-date: /home/manideep/FrankaSimulator_Ws/install/ros2_data/share/ros2_data/cmake/ros2_data__rosidl_typesupport_introspection_cppExport.cmake
[0.359s] -- Up-to-date: /home/manideep/FrankaSimulator_Ws/install/ros2_data/share/ros2_data/cmake/ros2_data__rosidl_typesupport_introspection_cppExport-noconfig.cmake
[0.359s] -- Up-to-date: /home/manideep/FrankaSimulator_Ws/install/ros2_data/share/ros2_data/cmake/ros2_data__rosidl_typesupport_cppExport.cmake
[0.359s] -- Up-to-date: /home/manideep/FrankaSimulator_Ws/install/ros2_data/share/ros2_data/cmake/ros2_data__rosidl_typesupport_cppExport-noconfig.cmake
[0.359s] -- Up-to-date: /home/manideep/FrankaSimulator_Ws/install/ros2_data/share/ros2_data/cmake/export_ros2_data__rosidl_generator_pyExport.cmake
[0.359s] -- Up-to-date: /home/manideep/FrankaSimulator_Ws/install/ros2_data/share/ros2_data/cmake/export_ros2_data__rosidl_generator_pyExport-noconfig.cmake
[0.359s] -- Up-to-date: /home/manideep/FrankaSimulator_Ws/install/ros2_data/share/ros2_data/cmake/rosidl_cmake-extras.cmake
[0.359s] -- Up-to-date: /home/manideep/FrankaSimulator_Ws/install/ros2_data/share/ros2_data/cmake/ament_cmake_export_dependencies-extras.cmake
[0.359s] -- Up-to-date: /home/manideep/FrankaSimulator_Ws/install/ros2_data/share/ros2_data/cmake/ament_cmake_export_include_directories-extras.cmake
[0.359s] -- Up-to-date: /home/manideep/FrankaSimulator_Ws/install/ros2_data/share/ros2_data/cmake/ament_cmake_export_libraries-extras.cmake
[0.359s] -- Up-to-date: /home/manideep/FrankaSimulator_Ws/install/ros2_data/share/ros2_data/cmake/ament_cmake_export_targets-extras.cmake
[0.359s] -- Up-to-date: /home/manideep/FrankaSimulator_Ws/install/ros2_data/share/ros2_data/cmake/rosidl_cmake_export_typesupport_targets-extras.cmake
[0.359s] -- Up-to-date: /home/manideep/FrankaSimulator_Ws/install/ros2_data/share/ros2_data/cmake/rosidl_cmake_export_typesupport_libraries-extras.cmake
[0.359s] -- Up-to-date: /home/manideep/FrankaSimulator_Ws/install/ros2_data/share/ros2_data/cmake/ros2_dataConfig.cmake
[0.359s] -- Up-to-date: /home/manideep/FrankaSimulator_Ws/install/ros2_data/share/ros2_data/cmake/ros2_dataConfig-version.cmake
[0.359s] -- Up-to-date: /home/manideep/FrankaSimulator_Ws/install/ros2_data/share/ros2_data/package.xml
[0.360s] Invoked command in '/home/manideep/FrankaSimulator_Ws/build/ros2_data' returned '0': CMAKE_PREFIX_PATH=${CMAKE_PREFIX_PATH}:/home/manideep/ws_moveit2/install/moveit_configs_utils:/home/manideep/ws_moveit2/install/launch_param_builder:/opt/ros/humble /usr/bin/cmake --install /home/manideep/FrankaSimulator_Ws/build/ros2_data
