[0.011s] Invoking command in '/home/manideep/FrankaSimulator_Ws/build/gazebo_ros2_control': CMAKE_PREFIX_PATH=${CMAKE_PREFIX_PATH}:/home/manideep/ws_moveit2/install/moveit_configs_utils:/home/manideep/ws_moveit2/install/launch_param_builder:/opt/ros/humble /usr/bin/cmake /home/manideep/FrankaSimulator_Ws/src/gazebo_ros2_control/gazebo_ros2_control -DCMAKE_INSTALL_PREFIX=/home/manideep/FrankaSimulator_Ws/install/gazebo_ros2_control
[0.085s] -- The C compiler identification is GNU 11.4.0
[0.161s] -- The CXX compiler identification is GNU 11.4.0
[0.168s] -- Detecting C compiler ABI info
[0.231s] -- Detecting C compiler ABI info - done
[0.238s] -- Check for working C compiler: /usr/bin/cc - skipped
[0.239s] -- Detecting C compile features
[0.239s] -- Detecting C compile features - done
[0.241s] -- Detecting CXX compiler ABI info
[0.305s] -- Detecting CXX compiler ABI info - done
[0.311s] -- Check for working CXX compiler: /usr/bin/c++ - skipped
[0.312s] -- Detecting CXX compile features
[0.312s] -- Detecting CXX compile features - done
[0.316s] -- Found ament_cmake: 1.3.10 (/opt/ros/humble/share/ament_cmake/cmake)
[0.426s] -- Found Python3: /home/manideep/bin/python3 (found version "3.10.12") found components: Interpreter 
[0.525s] -- Found angles: 1.15.0 (/opt/ros/humble/share/angles/cmake)
[0.529s] -- Found controller_manager: 2.43.1 (/opt/ros/humble/share/controller_manager/cmake)
[0.606s] -- Found rosidl_generator_c: 3.1.5 (/opt/ros/humble/share/rosidl_generator_c/cmake)
[0.613s] -- Found rosidl_adapter: 3.1.5 (/opt/ros/humble/share/rosidl_adapter/cmake)
[0.623s] -- Found rosidl_generator_cpp: 3.1.5 (/opt/ros/humble/share/rosidl_generator_cpp/cmake)
[0.636s] -- Using all available rosidl_typesupport_c: rosidl_typesupport_fastrtps_c;rosidl_typesupport_introspection_c
[0.655s] -- Using all available rosidl_typesupport_cpp: rosidl_typesupport_fastrtps_cpp;rosidl_typesupport_introspection_cpp
[0.873s] -- Found rmw_implementation_cmake: 6.1.2 (/opt/ros/humble/share/rmw_implementation_cmake/cmake)
[0.879s] -- Found rmw_cyclonedds_cpp: 1.3.4 (/opt/ros/humble/share/rmw_cyclonedds_cpp/cmake)
[0.913s] -- Using RMW implementation 'rmw_cyclonedds_cpp' as default
[0.927s] -- Looking for pthread.h
[0.997s] -- Looking for pthread.h - found
[0.997s] -- Performing Test CMAKE_HAVE_LIBC_PTHREAD
[1.068s] -- Performing Test CMAKE_HAVE_LIBC_PTHREAD - Success
[1.069s] -- Found Threads: TRUE  
[1.157s] -- Found gazebo_dev: 3.7.0 (/opt/ros/humble/share/gazebo_dev/cmake)
[1.167s] -- Found PkgConfig: /usr/bin/pkg-config (found version "0.29.2") 
[1.168s] -- Checking for module 'bullet>=2.82'
[1.184s] --   Found bullet, version 3.05
[1.318s] -- Found fcl: /usr/include (found suitable version "0.7.0", minimum required is "0.5.0") 
[1.384s] -- Found assimp: /usr/include (found version "5.2.0") 
[1.411s] -- Found DART: /usr/include (Required is at least version "6.6") found components: dart 
[1.446s] -- Found Boost: /usr/lib/x86_64-linux-gnu/cmake/Boost-1.74.0/BoostConfig.cmake (found suitable version "1.74.0", minimum required is "1.40.0") found components: thread system filesystem program_options regex iostreams date_time 
[1.464s] -- Found Protobuf: /usr/lib/x86_64-linux-gnu/libprotobuf.so (found version "3.12.4") 
[1.473s] -- Looking for ignition-math6 -- found version 6.15.1
[1.482s] -- Searching for dependencies of ignition-math6
[1.483s] -- Looking for OGRE...
[1.483s] -- OGRE_PREFIX_WATCH changed.
[1.488s] -- Checking for module 'OGRE'
[1.503s] --   Found OGRE, version 1.9.0
[1.541s] -- Found Ogre Ghadamon (1.9.0)
[1.552s] -- Found OGRE: optimized;/usr/lib/x86_64-linux-gnu/libOgreMain.so;debug;/usr/lib/x86_64-linux-gnu/libOgreMain.so
[1.559s] -- Looking for OGRE_Paging...
[1.565s] -- Found OGRE_Paging: optimized;/usr/lib/x86_64-linux-gnu/libOgrePaging.so;debug;/usr/lib/x86_64-linux-gnu/libOgrePaging.so
[1.566s] -- Looking for OGRE_Terrain...
[1.571s] -- Found OGRE_Terrain: optimized;/usr/lib/x86_64-linux-gnu/libOgreTerrain.so;debug;/usr/lib/x86_64-linux-gnu/libOgreTerrain.so
[1.572s] -- Looking for OGRE_Property...
[1.578s] -- Found OGRE_Property: optimized;/usr/lib/x86_64-linux-gnu/libOgreProperty.so;debug;/usr/lib/x86_64-linux-gnu/libOgreProperty.so
[1.578s] -- Looking for OGRE_RTShaderSystem...
[1.584s] -- Found OGRE_RTShaderSystem: optimized;/usr/lib/x86_64-linux-gnu/libOgreRTShaderSystem.so;debug;/usr/lib/x86_64-linux-gnu/libOgreRTShaderSystem.so
[1.584s] -- Looking for OGRE_Volume...
[1.590s] -- Found OGRE_Volume: optimized;/usr/lib/x86_64-linux-gnu/libOgreVolume.so;debug;/usr/lib/x86_64-linux-gnu/libOgreVolume.so
[1.590s] -- Looking for OGRE_Overlay...
[1.596s] -- Found OGRE_Overlay: optimized;/usr/lib/x86_64-linux-gnu/libOgreOverlay.so;debug;/usr/lib/x86_64-linux-gnu/libOgreOverlay.so
[1.735s] -- Looking for ignition-math6 -- found version 6.15.1
[1.739s] -- Looking for ignition-transport8 -- found version 8.2.1
[1.740s] -- Searching for dependencies of ignition-transport8
[1.756s] -- Found Protobuf: /usr/lib/x86_64-linux-gnu/libprotobuf.so (found suitable version "3.12.4", minimum required is "3") 
[1.770s] -- Config-file not installed for ZeroMQ -- checking for pkg-config
[1.776s] -- Checking for module 'libzmq >= 4'
[1.794s] --   Found libzmq , version 4.3.4
[1.835s] -- Found ZeroMQ: TRUE (Required is at least version "4") 
[1.841s] -- Checking for module 'uuid'
[1.858s] --   Found uuid, version 2.37.2
[1.895s] -- Found UUID: TRUE  
[1.900s] -- Looking for ignition-msgs5 -- found version 5.8.1
[1.901s] -- Searching for dependencies of ignition-msgs5
[1.916s] -- Looking for ignition-math6 -- found version 6.15.1
[1.923s] -- Checking for module 'tinyxml2'
[1.939s] --   Found tinyxml2, version 9.0.0
[1.978s] -- Looking for ignition-msgs5 -- found version 5.8.1
[1.982s] -- Looking for ignition-common3 -- found version 3.14.0
[1.983s] -- Searching for dependencies of ignition-common3
[1.983s] -- Looking for dlfcn.h - found
[1.984s] -- Looking for libdl - found
[1.985s] -- Found DL: TRUE  
[1.996s] -- Found tinyobjloader: /usr/lib/x86_64-linux-gnu/cmake/tinyobjloader/tinyobjloader-config.cmake (found version "2.0.0") 
[1.997s] -- Searching for <ignition-common3> component [graphics]
[2.001s] -- Looking for ignition-common3-graphics -- found version 3.14.0
[2.001s] -- Searching for dependencies of ignition-common3-graphics
[2.001s] -- Looking for ignition-math6 -- found version 6.15.1
[2.006s] -- Looking for ignition-fuel_tools4 -- found version 4.4.0
[2.006s] -- Searching for dependencies of ignition-fuel_tools4
[2.093s] -- Found CURL: /usr/lib/x86_64-linux-gnu/libcurl.so (found version "7.81.0")  
[2.102s] -- Checking for module 'jsoncpp'
[2.119s] --   Found jsoncpp, version 1.9.5
[2.156s] -- Found JSONCPP: TRUE  
[2.161s] -- Checking for module 'libzip'
[2.178s] --   Found libzip, version 1.7.3
[2.213s] -- Found ZIP: TRUE  
[2.214s] -- Looking for ignition-common3 -- found version 3.14.0
[2.214s] -- Looking for ignition-math6 -- found version 6.15.1
[2.214s] -- Looking for ignition-msgs5 -- found version 5.8.1
[2.220s] -- Gazebo version: 11.10
[2.220s] -- Checking for module 'tbb'
[2.238s] --   Found tbb, version 2021.5.0
[2.279s] -- Found gazebo_ros: 3.7.0 (/opt/ros/humble/share/gazebo_ros/cmake)
[2.285s] -- Found yaml_cpp_vendor: 8.0.2 (/opt/ros/humble/share/yaml_cpp_vendor/cmake)
[2.355s] -- Found ament_cmake_gtest: 1.3.10 (/opt/ros/humble/share/ament_cmake_gtest/cmake)
[2.359s] -- Found ament_lint_auto: 0.12.11 (/opt/ros/humble/share/ament_lint_auto/cmake)
[2.451s] -- Added test 'copyright' to check source files copyright and LICENSE
[2.452s] -- Added test 'cppcheck' to perform static code analysis on C / C++ code
[2.452s] -- Configured cppcheck include dirs: /home/manideep/FrankaSimulator_Ws/src/gazebo_ros2_control/gazebo_ros2_control/include
[2.452s] -- Configured cppcheck exclude dirs and/or files: 
[2.453s] -- Added test 'cpplint' to check C / C++ code against the Google style
[2.453s] -- Configured cpplint exclude dirs and/or files: 
[2.454s] -- Added test 'lint_cmake' to check CMake code style
[2.455s] -- Added test 'uncrustify' to check C / C++ code style
[2.455s] -- Configured uncrustify additional arguments: 
[2.456s] -- Added test 'xmllint' to check XML markup files
[2.458s] -- Configuring done
[2.517s] -- Generating done
[2.523s] -- Build files have been written to: /home/manideep/FrankaSimulator_Ws/build/gazebo_ros2_control
[2.533s] Invoked command in '/home/manideep/FrankaSimulator_Ws/build/gazebo_ros2_control' returned '0': CMAKE_PREFIX_PATH=${CMAKE_PREFIX_PATH}:/home/manideep/ws_moveit2/install/moveit_configs_utils:/home/manideep/ws_moveit2/install/launch_param_builder:/opt/ros/humble /usr/bin/cmake /home/manideep/FrankaSimulator_Ws/src/gazebo_ros2_control/gazebo_ros2_control -DCMAKE_INSTALL_PREFIX=/home/manideep/FrankaSimulator_Ws/install/gazebo_ros2_control
[2.534s] Invoking command in '/home/manideep/FrankaSimulator_Ws/build/gazebo_ros2_control': CMAKE_PREFIX_PATH=${CMAKE_PREFIX_PATH}:/home/manideep/ws_moveit2/install/moveit_configs_utils:/home/manideep/ws_moveit2/install/launch_param_builder:/opt/ros/humble /usr/bin/cmake --build /home/manideep/FrankaSimulator_Ws/build/gazebo_ros2_control -- -j16 -l16
[2.593s] [ 25%] [32mBuilding CXX object CMakeFiles/gazebo_ros2_control.dir/src/gazebo_ros2_control_plugin.cpp.o[0m
[2.595s] [ 50%] [32mBuilding CXX object CMakeFiles/gazebo_hardware_plugins.dir/src/gazebo_system.cpp.o[0m
[12.746s] [ 75%] [32m[1mLinking CXX shared library libgazebo_hardware_plugins.so[0m
[13.115s] [ 75%] Built target gazebo_hardware_plugins
[14.504s] [100%] [32m[1mLinking CXX shared library libgazebo_ros2_control.so[0m
[15.696s] [100%] Built target gazebo_ros2_control
[15.716s] Invoked command in '/home/manideep/FrankaSimulator_Ws/build/gazebo_ros2_control' returned '0': CMAKE_PREFIX_PATH=${CMAKE_PREFIX_PATH}:/home/manideep/ws_moveit2/install/moveit_configs_utils:/home/manideep/ws_moveit2/install/launch_param_builder:/opt/ros/humble /usr/bin/cmake --build /home/manideep/FrankaSimulator_Ws/build/gazebo_ros2_control -- -j16 -l16
[15.718s] Invoking command in '/home/manideep/FrankaSimulator_Ws/build/gazebo_ros2_control': CMAKE_PREFIX_PATH=${CMAKE_PREFIX_PATH}:/home/manideep/ws_moveit2/install/moveit_configs_utils:/home/manideep/ws_moveit2/install/launch_param_builder:/opt/ros/humble /usr/bin/cmake --install /home/manideep/FrankaSimulator_Ws/build/gazebo_ros2_control
[15.734s] -- Install configuration: ""
[15.734s] -- Installing: /home/manideep/FrankaSimulator_Ws/install/gazebo_ros2_control/lib/libgazebo_ros2_control.so
[15.738s] -- Set runtime path of "/home/manideep/FrankaSimulator_Ws/install/gazebo_ros2_control/lib/libgazebo_ros2_control.so" to ""
[15.738s] -- Installing: /home/manideep/FrankaSimulator_Ws/install/gazebo_ros2_control/lib/libgazebo_hardware_plugins.so
[15.740s] -- Set runtime path of "/home/manideep/FrankaSimulator_Ws/install/gazebo_ros2_control/lib/libgazebo_hardware_plugins.so" to ""
[15.740s] -- Installing: /home/manideep/FrankaSimulator_Ws/install/gazebo_ros2_control/share/gazebo_ros2_control/environment/library_path.sh
[15.740s] -- Installing: /home/manideep/FrankaSimulator_Ws/install/gazebo_ros2_control/share/gazebo_ros2_control/environment/library_path.dsv
[15.740s] -- Installing: /home/manideep/FrankaSimulator_Ws/install/gazebo_ros2_control/include/gazebo_ros2_control
[15.741s] -- Installing: /home/manideep/FrankaSimulator_Ws/install/gazebo_ros2_control/include/gazebo_ros2_control/gazebo_ros2_control_plugin.hpp
[15.741s] -- Installing: /home/manideep/FrankaSimulator_Ws/install/gazebo_ros2_control/include/gazebo_ros2_control/gazebo_system.hpp
[15.741s] -- Installing: /home/manideep/FrankaSimulator_Ws/install/gazebo_ros2_control/include/gazebo_ros2_control/gazebo_system_interface.hpp
[15.741s] -- Installing: /home/manideep/FrankaSimulator_Ws/install/gazebo_ros2_control/share/gazebo_ros2_control/gazebo_hardware_plugins.xml
[15.741s] -- Installing: /home/manideep/FrankaSimulator_Ws/install/gazebo_ros2_control/share/ament_index/resource_index/package_run_dependencies/gazebo_ros2_control
[15.741s] -- Installing: /home/manideep/FrankaSimulator_Ws/install/gazebo_ros2_control/share/ament_index/resource_index/parent_prefix_path/gazebo_ros2_control
[15.741s] -- Installing: /home/manideep/FrankaSimulator_Ws/install/gazebo_ros2_control/share/gazebo_ros2_control/environment/ament_prefix_path.sh
[15.741s] -- Installing: /home/manideep/FrankaSimulator_Ws/install/gazebo_ros2_control/share/gazebo_ros2_control/environment/ament_prefix_path.dsv
[15.741s] -- Installing: /home/manideep/FrankaSimulator_Ws/install/gazebo_ros2_control/share/gazebo_ros2_control/environment/path.sh
[15.741s] -- Installing: /home/manideep/FrankaSimulator_Ws/install/gazebo_ros2_control/share/gazebo_ros2_control/environment/path.dsv
[15.741s] -- Installing: /home/manideep/FrankaSimulator_Ws/install/gazebo_ros2_control/share/gazebo_ros2_control/local_setup.bash
[15.742s] -- Installing: /home/manideep/FrankaSimulator_Ws/install/gazebo_ros2_control/share/gazebo_ros2_control/local_setup.sh
[15.742s] -- Installing: /home/manideep/FrankaSimulator_Ws/install/gazebo_ros2_control/share/gazebo_ros2_control/local_setup.zsh
[15.742s] -- Installing: /home/manideep/FrankaSimulator_Ws/install/gazebo_ros2_control/share/gazebo_ros2_control/local_setup.dsv
[15.742s] -- Installing: /home/manideep/FrankaSimulator_Ws/install/gazebo_ros2_control/share/gazebo_ros2_control/package.dsv
[15.742s] -- Installing: /home/manideep/FrankaSimulator_Ws/install/gazebo_ros2_control/share/ament_index/resource_index/packages/gazebo_ros2_control
[15.742s] -- Installing: /home/manideep/FrankaSimulator_Ws/install/gazebo_ros2_control/share/ament_index/resource_index/gazebo_ros2_control__pluginlib__plugin/gazebo_ros2_control
[15.742s] -- Installing: /home/manideep/FrankaSimulator_Ws/install/gazebo_ros2_control/share/gazebo_ros2_control/cmake/ament_cmake_export_include_directories-extras.cmake
[15.742s] -- Installing: /home/manideep/FrankaSimulator_Ws/install/gazebo_ros2_control/share/gazebo_ros2_control/cmake/ament_cmake_export_dependencies-extras.cmake
[15.742s] -- Installing: /home/manideep/FrankaSimulator_Ws/install/gazebo_ros2_control/share/gazebo_ros2_control/cmake/ament_cmake_export_libraries-extras.cmake
[15.742s] -- Installing: /home/manideep/FrankaSimulator_Ws/install/gazebo_ros2_control/share/gazebo_ros2_control/cmake/gazebo_ros2_controlConfig.cmake
[15.742s] -- Installing: /home/manideep/FrankaSimulator_Ws/install/gazebo_ros2_control/share/gazebo_ros2_control/cmake/gazebo_ros2_controlConfig-version.cmake
[15.743s] -- Installing: /home/manideep/FrankaSimulator_Ws/install/gazebo_ros2_control/share/gazebo_ros2_control/package.xml
[15.746s] Invoked command in '/home/manideep/FrankaSimulator_Ws/build/gazebo_ros2_control' returned '0': CMAKE_PREFIX_PATH=${CMAKE_PREFIX_PATH}:/home/manideep/ws_moveit2/install/moveit_configs_utils:/home/manideep/ws_moveit2/install/launch_param_builder:/opt/ros/humble /usr/bin/cmake --install /home/manideep/FrankaSimulator_Ws/build/gazebo_ros2_control
